Component: ARM Compiler 5.05 update 1 (build 106) Tool: armlink [4d0efa]

==============================================================================

Section Cross References

    main.o(i.main) refers to sys1msinit.o(i.RCC_Configuration) for RCC_Configuration
    main.o(i.main) refers to sys.o(i.NVIC_Configuration) for NVIC_Configuration
    main.o(i.main) refers to led.o(i.LedInit) for LedInit
    main.o(i.main) refers to usart.o(i.UartInit) for UartInit
    main.o(i.main) refers to sx1278init.o(i.Sx1278Init) for Sx1278Init
    main.o(i.main) refers to sys1msinit.o(i.InitSystem1msInt) for InitSystem1msInt
    main.o(i.main) refers to usart.o(i.UartSetDisplay) for UartSetDisplay
    main.o(i.main) refers to usart.o(i.UartParameterConfig) for UartParameterConfig
    main.o(i.main) refers to radio.o(i.RFRcvDataAnalysis) for RFRcvDataAnalysis
    main.o(i.main) refers to usart.o(i.UartDataAnalysis) for UartDataAnalysis
    main.o(i.main) refers to main.o(.data) for AnylinkMINI
    main.o(i.main) refers to usart.o(.bss) for UartCb
    main.o(i.main) refers to main.o(.bss) for ReadSetting
    main.o(i.main) refers to usart.o(.data) for StopBits
    radio.o(i.CRC16) refers to radio.o(.data) for auchCRCHi
    radio.o(i.RFRcvDataAnalysis) refers to radio.o(i.CRC16) for CRC16
    radio.o(i.RFRcvDataAnalysis) refers to usart.o(i.UartSend) for UartSend
    radio.o(i.RFRcvDataAnalysis) refers to stm32f10x_gpio.o(i.GPIO_ResetBits) for GPIO_ResetBits
    radio.o(i.RFRcvDataAnalysis) refers to usart.o(.bss) for UartCb
    radio.o(i.RFRcvDataAnalysis) refers to main.o(.bss) for ReadSetting
    radio.o(i.RFRcvDataAnalysis) refers to main.o(.data) for AnylinkMINI
    radio.o(i.RadioDriverInit) refers to sx1276.o(i.SX1276Init) for SX1276Init
    radio.o(i.RadioDriverInit) refers to radio.o(.bss) for RadioDriver
    radio.o(i.RadioDriverInit) refers to sx1276.o(i.SX1276Reset) for SX1276Reset
    radio.o(i.RadioDriverInit) refers to sx1276.o(i.SX1276StartRx) for SX1276StartRx
    radio.o(i.RadioDriverInit) refers to sx1276.o(i.SX1276GetRxPacket) for SX1276GetRxPacket
    radio.o(i.RadioDriverInit) refers to sx1276.o(i.SX1276SetTxPacket) for SX1276SetTxPacket
    radio.o(i.RadioDriverInit) refers to sx1276.o(i.SX1276Process) for SX1276Process
    radio.o(i.RadioDriverInit) refers to sx1276.o(i.SX1276Dio0State) for SX1276Dio0State
    radio.o(i.RadioDriverInit) refers to sx1276.o(i.SX1276GetPacketSnr) for SX1276GetPacketSnr
    radio.o(i.RadioDriverInit) refers to sx1276.o(i.SX1276GetPacketRssi) for SX1276GetPacketRssi
    radio.o(i.RadioDriverInit) refers to sx1276.o(i.SX1276ReadRssi) for SX1276ReadRssi
    radio.o(i.RadioDriverInit) refers to sx1276.o(i.SX1276RxStateEnter) for SX1276RxStateEnter
    radio.o(i.RadioDriverInit) refers to sx1276.o(i.SX1276RxDataRead) for SX1276RxDataRead
    radio.o(i.RadioDriverInit) refers to sx1276.o(i.SX1276TxData) for SX1276TxData
    radio.o(i.RadioDriverInit) refers to sx1276.o(i.SX1276TxPower) for SX1276TxPower
    radio.o(i.RadioDriverInit) refers to sx1276.o(i.SX1276FreqSet) for SX1276FreqSet
    radio.o(i.RadioDriverInit) refers to sx1276.o(i.SX1276SetOpMode) for SX1276SetOpMode
    sx1276.o(i.SX1276Dio0State) refers to sx1276-hal.o(i.SX1276ReadDio0) for SX1276ReadDio0
    sx1276.o(i.SX1276FreqSet) refers to sx1276-lora.o(i.LoRaFreqSet) for LoRaFreqSet
    sx1276.o(i.SX1276FreqSet) refers to sx1276.o(.data) for LoRaOn
    sx1276.o(i.SX1276GetLoRaOn) refers to sx1276.o(.data) for LoRaOn
    sx1276.o(i.SX1276GetOpMode) refers to sx1276-fsk.o(i.SX1276FskGetOpMode) for SX1276FskGetOpMode
    sx1276.o(i.SX1276GetOpMode) refers to sx1276-lora.o(i.SX1276LoRaGetOpMode) for SX1276LoRaGetOpMode
    sx1276.o(i.SX1276GetOpMode) refers to sx1276.o(.data) for LoRaOn
    sx1276.o(i.SX1276GetPacketAfc) refers to sx1276-fsk.o(i.SX1276FskGetPacketAfc) for SX1276FskGetPacketAfc
    sx1276.o(i.SX1276GetPacketAfc) refers to sx1276.o(.data) for LoRaOn
    sx1276.o(i.SX1276GetPacketRssi) refers to sx1276-fsk.o(i.SX1276FskGetPacketRssi) for SX1276FskGetPacketRssi
    sx1276.o(i.SX1276GetPacketRssi) refers to sx1276-lora.o(i.GetPackLoRaRSSI) for GetPackLoRaRSSI
    sx1276.o(i.SX1276GetPacketRssi) refers to sx1276.o(.data) for LoRaOn
    sx1276.o(i.SX1276GetPacketRxGain) refers to sx1276-fsk.o(i.SX1276FskGetPacketRxGain) for SX1276FskGetPacketRxGain
    sx1276.o(i.SX1276GetPacketRxGain) refers to sx1276-lora.o(i.SX1276LoRaGetPacketRxGain) for SX1276LoRaGetPacketRxGain
    sx1276.o(i.SX1276GetPacketRxGain) refers to sx1276.o(.data) for LoRaOn
    sx1276.o(i.SX1276GetPacketSnr) refers to sx1276-lora.o(i.GetLoRaSNR) for GetLoRaSNR
    sx1276.o(i.SX1276GetPacketSnr) refers to sx1276.o(.data) for LoRaOn
    sx1276.o(i.SX1276GetRFState) refers to sx1276-fsk.o(i.SX1276FskGetRFState) for SX1276FskGetRFState
    sx1276.o(i.SX1276GetRFState) refers to sx1276-lora.o(i.SX1276LoRaGetRFState) for SX1276LoRaGetRFState
    sx1276.o(i.SX1276GetRFState) refers to sx1276.o(.data) for LoRaOn
[...]
    i.RCC_APB2PeriphClockCmd                 0x08000e0c   Section        0  stm32f10x_rcc.o(i.RCC_APB2PeriphClockCmd)
    i.RCC_APB2PeriphResetCmd                 0x08000e2c   Section        0  stm32f10x_rcc.o(i.RCC_APB2PeriphResetCmd)
    i.RCC_Configuration                      0x08000e4c   Section        0  sys1msinit.o(i.RCC_Configuration)
    i.RCC_DeInit                             0x08000eb4   Section        0  stm32f10x_rcc.o(i.RCC_DeInit)
    i.RCC_GetClocksFreq                      0x08000f00   Section        0  stm32f10x_rcc.o(i.RCC_GetClocksFreq)
    i.RCC_GetFlagStatus                      0x08000fd4   Section        0  stm32f10x_rcc.o(i.RCC_GetFlagStatus)
    i.RCC_GetSYSCLKSource                    0x08001010   Section        0  stm32f10x_rcc.o(i.RCC_GetSYSCLKSource)
    i.RCC_HCLKConfig                         0x08001020   Section        0  stm32f10x_rcc.o(i.RCC_HCLKConfig)
    i.RCC_HSEConfig                          0x08001038   Section        0  stm32f10x_rcc.o(i.RCC_HSEConfig)
    i.RCC_PCLK1Config                        0x08001084   Section        0  stm32f10x_rcc.o(i.RCC_PCLK1Config)
    i.RCC_PCLK2Config                        0x0800109c   Section        0  stm32f10x_rcc.o(i.RCC_PCLK2Config)
    i.RCC_PLLCmd                             0x080010b4   Section        0  stm32f10x_rcc.o(i.RCC_PLLCmd)
    i.RCC_PLLConfig                          0x080010c0   Section        0  stm32f10x_rcc.o(i.RCC_PLLConfig)
    i.RCC_SYSCLKConfig                       0x080010dc   Section        0  stm32f10x_rcc.o(i.RCC_SYSCLKConfig)
    i.RCC_WaitForHSEStartUp                  0x080010f4   Section        0  stm32f10x_rcc.o(i.RCC_WaitForHSEStartUp)
    i.RFRcvDataAnalysis                      0x0800112c   Section        0  radio.o(i.RFRcvDataAnalysis)
    i.RadioDriverInit                        0x080011d8   Section        0  radio.o(i.RadioDriverInit)
    i.SPI_CS_Deselect                        0x08001264   Section        0  sx1278init.o(i.SPI_CS_Deselect)
    i.SPI_CS_Select                          0x08001274   Section        0  sx1278init.o(i.SPI_CS_Select)
    i.SPI_Cmd                                0x08001284   Section        0  stm32f10x_spi.o(i.SPI_Cmd)
    i.SPI_Configuration                      0x0800129c   Section        0  sx1278init.o(i.SPI_Configuration)
    i.SPI_GPIO_Configuration                 0x08001308   Section        0  sx1278init.o(i.SPI_GPIO_Configuration)
    SPI_GPIO_Configuration                   0x08001309   Thumb Code    64  sx1278init.o(i.SPI_GPIO_Configuration)
    i.SPI_Init                               0x0800134c   Section        0  stm32f10x_spi.o(i.SPI_Init)
    i.SPI_ReadByte                           0x08001388   Section        0  sx1278init.o(i.SPI_ReadByte)
    i.SPI_SSOutputCmd                        0x080013b8   Section        0  stm32f10x_spi.o(i.SPI_SSOutputCmd)
    i.SPI_WriteByte                          0x080013d0   Section        0  sx1278init.o(i.SPI_WriteByte)
    i.SVC_Handler                            0x080013fc   Section        0  stm32f10x_it.o(i.SVC_Handler)
    i.SX1276Dio0State                        0x080013fe   Section        0  sx1276.o(i.SX1276Dio0State)
    i.SX1276FreqSet                          0x08001408   Section        0  sx1276.o(i.SX1276FreqSet)
    i.SX1276FskGetPacketRssi                 0x08001420   Section        0  sx1276-fsk.o(i.SX1276FskGetPacketRssi)
    i.SX1276FskGetRxPacket                   0x0800142c   Section        0  sx1276-fsk.o(i.SX1276FskGetRxPacket)
    i.SX1276FskProcess                       0x08001454   Section        0  sx1276-fsk.o(i.SX1276FskProcess)
    i.SX1276FskReadAfc                       0x08001978   Section        0  sx1276-fsk.o(i.SX1276FskReadAfc)
    i.SX1276FskReadRssi                      0x080019c8   Section        0  sx1276-fsk.o(i.SX1276FskReadRssi)
    i.SX1276FskReadRxGain                    0x080019f8   Section        0  sx1276-fsk.o(i.SX1276FskReadRxGain)
    i.SX1276FskSetOpMode                     0x08001a14   Section        0  sx1276-fsk.o(i.SX1276FskSetOpMode)
    i.SX1276FskSetRFState                    0x08001a74   Section        0  sx1276-fsk.o(i.SX1276FskSetRFState)
    i.SX1276FskSetTxPacket                   0x08001a80   Section        0  sx1276-fsk.o(i.SX1276FskSetTxPacket)
    i.SX1276GetPacketRssi                    0x08001aa8   Section        0  sx1276.o(i.SX1276GetPacketRssi)
    i.SX1276GetPacketSnr                     0x08001ac0   Section        0  sx1276.o(i.SX1276GetPacketSnr)
    i.SX1276GetRxPacket                      0x08001ad8   Section        0  sx1276.o(i.SX1276GetRxPacket)
    i.SX1276Init                             0x08001afc   Section        0  sx1276.o(i.SX1276Init)
    i.SX1276LoRaGetRxPacket                  0x08001b94   Section        0  sx1276-lora.o(i.SX1276LoRaGetRxPacket)
    i.SX1276LoRaInit                         0x08001bbc   Section        0  sx1276-lora.o(i.SX1276LoRaInit)
    i.SX1276LoRaProcess                      0x08001ca0   Section        0  sx1276-lora.o(i.SX1276LoRaProcess)
    i.SX1276LoRaReadRssi                     0x08002340   Section        0  sx1276-lora.o(i.SX1276LoRaReadRssi)
    i.SX1276LoRaReadRxGain                   0x08002388   Section        0  sx1276-lora.o(i.SX1276LoRaReadRxGain)
    i.SX1276LoRaSetDefaults                  0x080023a4   Section        0  sx1276-lora.o(i.SX1276LoRaSetDefaults)
    i.SX1276LoRaSetErrorCoding               0x080023b8   Section        0  sx1276-loramisc.o(i.SX1276LoRaSetErrorCoding)
    i.SX1276LoRaSetImplicitHeaderOn          0x080023f8   Section        0  sx1276-loramisc.o(i.SX1276LoRaSetImplicitHeaderOn)
    i.SX1276LoRaSetLowDatarateOptimize       0x08002434   Section        0  sx1276-loramisc.o(i.SX1276LoRaSetLowDatarateOptimize)
    i.SX1276LoRaSetNbTrigPeaks               0x08002470   Section        0  sx1276-loramisc.o(i.SX1276LoRaSetNbTrigPeaks)
    i.SX1276LoRaSetOpMode                    0x080024ac   Section        0  sx1276-lora.o(i.SX1276LoRaSetOpMode)
    i.SX1276LoRaSetPAOutput                  0x0800250c   Section        0  sx1276-loramisc.o(i.SX1276LoRaSetPAOutput)
    i.SX1276LoRaSetPa20dBm                   0x08002540   Section        0  sx1276-loramisc.o(i.SX1276LoRaSetPa20dBm)
    i.SX1276LoRaSetPacketCrcOn               0x08002598   Section        0  sx1276-loramisc.o(i.SX1276LoRaSetPacketCrcOn)
    i.SX1276LoRaSetPayloadLength             0x080025d8   Section        0  sx1276-loramisc.o(i.SX1276LoRaSetPayloadLength)
    i.SX1276LoRaSetRFFrequency               0x08002600   Section        0  sx1276-loramisc.o(i.SX1276LoRaSetRFFrequency)
    i.SX1276LoRaSetRFPower                   0x08002658   Section        0  sx1276-loramisc.o(i.SX1276LoRaSetRFPower)
    i.SX1276LoRaSetRFState                   0x0800275c   Section        0  sx1276-lora.o(i.SX1276LoRaSetRFState)
    i.SX1276LoRaSetSignalBandwidth           0x08002768   Section        0  sx1276-loramisc.o(i.SX1276LoRaSetSignalBandwidth)
    i.SX1276LoRaSetSpreadingFactor           0x080027a4   Section        0  sx1276-loramisc.o(i.SX1276LoRaSetSpreadingFactor)
    i.SX1276LoRaSetSymbTimeout               0x08002800   Section        0  sx1276-loramisc.o(i.SX1276LoRaSetSymbTimeout)
    i.SX1276LoRaSetTxPacket                  0x08002848   Section        0  sx1276-lora.o(i.SX1276LoRaSetTxPacket)
    i.SX1276Process                          0x08002884   Section        0  sx1276.o(i.SX1276Process)
    i.SX1276Read                             0x0800289c   Section        0  sx1276-hal.o(i.SX1276Read)
    i.SX1276ReadBuffer                       0x080028ae   Section        0  sx1276-hal.o(i.SX1276ReadBuffer)
    i.SX1276ReadDio0                         0x080028e0   Section        0  sx1276-hal.o(i.SX1276ReadDio0)
    i.SX1276ReadDio1                         0x080028f8   Section        0  sx1276-hal.o(i.SX1276ReadDio1)
    i.SX1276ReadDio2                         0x080028fc   Section        0  sx1276-hal.o(i.SX1276ReadDio2)
    i.SX1276ReadDio3                         0x08002900   Section        0  sx1276-hal.o(i.SX1276ReadDio3)
    i.SX1276ReadDio4                         0x08002904   Section        0  sx1276-hal.o(i.SX1276ReadDio4)
    i.SX1276ReadFifo                         0x08002908   Section        0  sx1276-hal.o(i.SX1276ReadFifo)
    i.SX1276ReadRssi                         0x0800291c   Section        0  sx1276.o(i.SX1276ReadRssi)
    i.SX1276Reset                            0x08002934   Section        0  sx1276.o(i.SX1276Reset)
    i.SX1276RxDataRead                       0x08002950   Section        0  sx1276.o(i.SX1276RxDataRead)
    i.SX1276RxStateEnter                     0x0800296c   Section        0  sx1276.o(i.SX1276RxStateEnter)
    i.SX1276SetLoRaOn                        0x08002980   Section        0  sx1276.o(i.SX1276SetLoRaOn)
    i.SX1276SetOpMode                        0x08002a3c   Section        0  sx1276.o(i.SX1276SetOpMode)
    i.SX1276SetReset                         0x08002a5c   Section        0  sx1276-hal.o(i.SX1276SetReset)
    i.SX1276SetTxPacket                      0x08002a70   Section        0  sx1276.o(i.SX1276SetTxPacket)
    i.SX1276StartRx                          0x08002a94   Section        0  sx1276.o(i.SX1276StartRx)
    i.SX1276TxData                           0x08002ab0   Section        0  sx1276.o(i.SX1276TxData)
    i.SX1276TxPower                          0x08002ad4   Section        0  sx1276.o(i.SX1276TxPower)
    i.SX1276Write                            0x08002aec   Section        0  sx1276-hal.o(i.SX1276Write)
    i.SX1276WriteBuffer                      0x08002afc   Section        0  sx1276-hal.o(i.SX1276WriteBuffer)
    i.SX1276WriteFifo                        0x08002b2c   Section        0  sx1276-hal.o(i.SX1276WriteFifo)
    i.SetSysClock                            0x08002b3e   Section        0  system_stm32f10x.o(i.SetSysClock)
    SetSysClock                              0x08002b3f   Thumb Code     8  system_stm32f10x.o(i.SetSysClock)
    i.SetSysClockTo72                        0x08002b48   Section        0  system_stm32f10x.o(i.SetSysClockTo72)
    SetSysClockTo72                          0x08002b49   Thumb Code   214  system_stm32f10x.o(i.SetSysClockTo72)
    i.Spi_GpioInit                           0x08002c28   Section        0  sx1278init.o(i.Spi_GpioInit)
    i.Sx1276RecvPinInit                      0x08002c34   Section        0  sx1278init.o(i.Sx1276RecvPinInit)
    i.Sx1278Init                             0x08002c60   Section        0  sx1278init.o(i.Sx1278Init)
    i.SysTick_Handler                        0x08002c74   Section        0  stm32f10x_it.o(i.SysTick_Handler)
    i.SystemInit                             0x08002c78   Section        0  system_stm32f10x.o(i.SystemInit)
    i.TIM2_IRQHandler                        0x08002cd8   Section        0  sys1msinit.o(i.TIM2_IRQHandler)
    i.TIM_ARRPreloadConfig                   0x08002cf2   Section        0  stm32f10x_tim.o(i.TIM_ARRPreloadConfig)
    i.TIM_ClearFlag                          0x08002d0a   Section        0  stm32f10x_tim.o(i.TIM_ClearFlag)
    i.TIM_ClearITPendingBit                  0x08002d10   Section        0  stm32f10x_tim.o(i.TIM_ClearITPendingBit)
    i.TIM_Cmd                                0x08002d16   Section        0  stm32f10x_tim.o(i.TIM_Cmd)
    i.TIM_DeInit                             0x08002d30   Section        0  stm32f10x_tim.o(i.TIM_DeInit)
    i.TIM_GetITStatus                        0x08002f18   Section        0  stm32f10x_tim.o(i.TIM_GetITStatus)
    i.TIM_ITConfig                           0x08002f3a   Section        0  stm32f10x_tim.o(i.TIM_ITConfig)
    i.TIM_InternalClockConfig                0x08002f4c   Section        0  stm32f10x_tim.o(i.TIM_InternalClockConfig)
    i.TIM_TimeBaseInit                       0x08002f58   Section        0  stm32f10x_tim.o(i.TIM_TimeBaseInit)
    i.USART3_IRQHandler                      0x08002ffc   Section        0  usart.o(i.USART3_IRQHandler)
    i.USART_ClearFlag                        0x08003104   Section        0  stm32f10x_usart.o(i.USART_ClearFlag)
    i.USART_ClearITPendingBit                0x08003116   Section        0  stm32f10x_usart.o(i.USART_ClearITPendingBit)
    i.USART_Cmd                              0x08003134   Section        0  stm32f10x_usart.o(i.USART_Cmd)
    i.USART_GetFlagStatus                    0x0800314c   Section        0  stm32f10x_usart.o(i.USART_GetFlagStatus)
    i.USART_GetITStatus                      0x08003166   Section        0  stm32f10x_usart.o(i.USART_GetITStatus)
    i.USART_ITConfig                         0x080031ba   Section        0  stm32f10x_usart.o(i.USART_ITConfig)
    i.USART_Init                             0x08003204   Section        0  stm32f10x_usart.o(i.USART_Init)
    i.USART_ReceiveData                      0x080032dc   Section        0  stm32f10x_usart.o(i.USART_ReceiveData)
    i.USART_SendData                         0x080032e6   Section        0  stm32f10x_usart.o(i.USART_SendData)
    i.UartDataAnalysis                       0x080032f0   Section        0  usart.o(i.UartDataAnalysis)
    i.UartInit                               0x080034dc   Section        0  usart.o(i.UartInit)
    i.UartParameterConfig                    0x08003514   Section        0  usart.o(i.UartParameterConfig)
    i.UartPinConfig                          0x080035dc   Section        0  usart.o(i.UartPinConfig)
    i.UartPowerSend                          0x08003628   Section        0  usart.o(i.UartPowerSend)
    i.UartPriorityConfig                     0x08003678   Section        0  usart.o(i.UartPriorityConfig)
    i.UartRcvTimeOut                         0x0800369c   Section        0  sys1msinit.o(i.UartRcvTimeOut)
    i.UartSend                               0x080036d0   Section        0  usart.o(i.UartSend)
    i.UartSetAnswer                          0x0800370c   Section        0  usart.o(i.UartSetAnswer)
    i.UartSetDisplay                         0x08003754   Section        0  usart.o(i.UartSetDisplay)
    i.UsageFault_Handler                     0x08003890   Section        0  stm32f10x_it.o(i.UsageFault_Handler)
    i.dellayxm                               0x08003894   Section        0  sx1276-hal.o(i.dellayxm)
    i.main                                   0x080038b0   Section        0  main.o(i.main)
    x$fpl$dadd                               0x08003a24   Section      336  daddsub_clz.o(x$fpl$dadd)
    _dadd1                                   0x08003a35   Thumb Code     0  daddsub_clz.o(x$fpl$dadd)
    x$fpl$ddiv                               0x08003b74   Section      688  ddiv.o(x$fpl$ddiv)
    ddiv_entry                               0x08003b7b   Thumb Code     0  ddiv.o(x$fpl$ddiv)
    x$fpl$dfix                               0x08003e24   Section       94  dfix.o(x$fpl$dfix)
    x$fpl$dfixu                              0x08003e84   Section       90  dfixu.o(x$fpl$dfixu)
    x$fpl$dflt                               0x08003ede   Section       46  dflt_clz.o(x$fpl$dflt)
    x$fpl$dfltu                              0x08003f0c   Section       38  dflt_clz.o(x$fpl$dfltu)
    x$fpl$dmul                               0x08003f34   Section      340  dmul.o(x$fpl$dmul)
    x$fpl$dnaninf                            0x08004088   Section      156  dnaninf.o(x$fpl$dnaninf)
    x$fpl$dretinf                            0x08004124   Section       12  dretinf.o(x$fpl$dretinf)
    x$fpl$dsub                               0x08004130   Section      468  daddsub_clz.o(x$fpl$dsub)
    _dsub1                                   0x08004141   Thumb Code     0  daddsub_clz.o(x$fpl$dsub)
    x$fpl$usenofp                            0x08004304   Section        0  usenofp.o(x$fpl$usenofp)
    .constdata                               0x08004308   Section      444  sx1276-lora.o(.constdata)
    .ARM.__AT_0x08005000                     0x08005000   Section       24  main.o(.ARM.__AT_0x08005000)
    .data                                    0x20000000   Section       21  main.o(.data)
    .data                                    0x20000015   Section      512  radio.o(.data)
    auchCRCHi                                0x20000015   Data         256  radio.o(.data)
    auchCRCLo                                0x20000115   Data         256  radio.o(.data)
    .data                                    0x20000218   Section        8  sx1276.o(.data)
    LoRaOn                                   0x20000218   Data           1  sx1276.o(.data)
    LoRaOnState                              0x20000219   Data           1  sx1276.o(.data)
    .data                                    0x20000220   Section       90  sx1276-fsk.o(.data)
    DataChunkSize                            0x20000240   Data           1  sx1276-fsk.o(.data)
    RFState                                  0x20000241   Data           1  sx1276-fsk.o(.data)
    PacketTimeout                            0x20000244   Data           4  sx1276-fsk.o(.data)
    Preamble2SyncTimeout                     0x20000248   Data           4  sx1276-fsk.o(.data)
    PreambleDetected                         0x2000024c   Data           1  sx1276-fsk.o(.data)
    SyncWordDetected                         0x2000024d   Data           1  sx1276-fsk.o(.data)
    PacketDetected                           0x2000024e   Data           1  sx1276-fsk.o(.data)
    RxPacketSize                             0x20000250   Data           2  sx1276-fsk.o(.data)
    RxBytesRead                              0x20000252   Data           1  sx1276-fsk.o(.data)
    TxBytesSent                              0x20000253   Data           1  sx1276-fsk.o(.data)
    RxPacketRssiValue                        0x20000258   Data           8  sx1276-fsk.o(.data)
    RxPacketAfcValue                         0x20000260   Data           4  sx1276-fsk.o(.data)
    RxGain                                   0x20000264   Data           1  sx1276-fsk.o(.data)
    RxTimeoutTimer                           0x20000268   Data           4  sx1276-fsk.o(.data)
    Preamble2SyncTimer                       0x2000026c   Data           4  sx1276-fsk.o(.data)
    TxPacketSize                             0x20000270   Data           2  sx1276-fsk.o(.data)
    TxTimeoutTimer                           0x20000274   Data           4  sx1276-fsk.o(.data)
    opModePrev                               0x20000278   Data           1  sx1276-fsk.o(.data)
    antennaSwitchTxOnPrev                    0x20000279   Data           1  sx1276-fsk.o(.data)
    .data                                    0x20000280   Section       64  sx1276-lora.o(.data)
    RFLRState                                0x200002a0   Data           1  sx1276-lora.o(.data)
    RxPacketSize                             0x200002a2   Data           2  sx1276-lora.o(.data)
    RxPacketSnrEstimate                      0x200002a4   Data           1  sx1276-lora.o(.data)
    RxPacketRssiValue                        0x200002a8   Data           8  sx1276-lora.o(.data)
    RxGain                                   0x200002b0   Data           1  sx1276-lora.o(.data)
    RxTimeoutTimer                           0x200002b4   Data           4  sx1276-lora.o(.data)
    PacketTimeout                            0x200002b8   Data           4  sx1276-lora.o(.data)
    TxPacketSize                             0x200002bc   Data           2  sx1276-lora.o(.data)
    opModePrev                               0x200002be   Data           1  sx1276-lora.o(.data)
    antennaSwitchTxOnPrev                    0x200002bf   Data           1  sx1276-lora.o(.data)
    .data                                    0x200002c0   Section       82  usart.o(.data)
    .data                                    0x20000312   Section       20  stm32f10x_rcc.o(.data)
    APBAHBPrescTable                         0x20000312   Data          16  stm32f10x_rcc.o(.data)
    ADCPrescTable                            0x20000322   Data           4  stm32f10x_rcc.o(.data)
    .bss                                     0x20000328   Section     1044  main.o(.bss)
    .bss                                     0x2000073c   Section       64  radio.o(.bss)
    .bss                                     0x2000077c   Section      112  sx1276.o(.bss)
    .bss                                     0x200007ec   Section      256  sx1276-fsk.o(.bss)
    RFBuffer                                 0x200007ec   Data         256  sx1276-fsk.o(.bss)
    .bss                                     0x200008ec   Section      256  sx1276-lora.o(.bss)
    RFBuffer                                 0x200008ec   Data         256  sx1276-lora.o(.bss)
    .bss                                     0x200009ec   Section      549  usart.o(.bss)
    .bss                                     0x20000c14   Section       96  libspace.o(.bss)
    HEAP                                     0x20000c78   Section      512  startup_stm32f10x_hd.o(HEAP)
    Heap_Mem                                 0x20000c78   Data         512  startup_stm32f10x_hd.o(HEAP)
    STACK                                    0x20000e78   Section     4096  startup_stm32f10x_hd.o(STACK)
    Stack_Mem                                0x20000e78   Data        4096  startup_stm32f10x_hd.o(STACK)
    __initial_sp                             0x20001e78   Data           0  startup_stm32f10x_hd.o(STACK)

    Global Symbols

    Symbol Name                              Value     Ov Type        Size  Object(Section)

    BuildAttributes$$THM_ISAv4$P$D$K$B$S$PE$A:L22UL41UL21$X:L11$S22US41US21$IEEE1$IW$USESV6$~STKCKD$USESV7$~SHL$OTIME$ROPI$IEEEX$EBA8$UX$STANDARDLIB$REQ8$PRES8$EABIv2 0x00000000   Number         0  anon$$obj.o ABSOLUTE
    __ARM_use_no_argv                        0x00000000   Number         0  main.o ABSOLUTE
    __ARM_exceptions_init                     - Undefined Weak Reference
    __alloca_initialize                       - Undefined Weak Reference
    __arm_preinit_                            - Undefined Weak Reference
    __cpp_initialize__aeabi_                  - Undefined Weak Reference
    __cxa_finalize                            - Undefined Weak Reference
    __rt_locale                               - Undefined Weak Reference
    __sigvec_lookup                           - Undefined Weak Reference
    _atexit_init                              - Undefined Weak Reference
    _call_atexit_fns                          - Undefined Weak Reference
    _clock_init                               - Undefined Weak Reference
    _fp_trap_init                             - Undefined Weak Reference
    _fp_trap_shutdown                         - Undefined Weak Reference
    _get_lc_collate                           - Undefined Weak Reference
    _get_lc_ctype                             - Undefined Weak Reference
    _get_lc_monetary                          - Undefined Weak Reference
    _get_lc_numeric                           - Undefined Weak Reference
    _get_lc_time                              - Undefined Weak Reference
    _getenv_init                              - Undefined Weak Reference
    _handle_redirection                       - Undefined Weak Reference
    _init_alloc                               - Undefined Weak Reference
    _init_user_alloc                          - Undefined Weak Reference
    _initio                                   - Undefined Weak Reference
    _rand_init                                - Undefined Weak Reference
    _signal_finish                            - Undefined Weak Reference
    _signal_init                              - Undefined Weak Reference
    _terminate_alloc                          - Undefined Weak Reference
    _terminate_user_alloc                     - Undefined Weak Reference
    _terminateio                              - Undefined Weak Reference
    __Vectors_Size                           0x00000130   Number         0  startup_stm32f10x_hd.o ABSOLUTE
    __Vectors                                0x08000000   Data           4  startup_stm32f10x_hd.o(RESET)
    __Vectors_End                            0x08000130   Data           0  startup_stm32f10x_hd.o(RESET)
    __main                                   0x08000131   Thumb Code     8  __main.o(!!!main)
    __scatterload                            0x08000139   Thumb Code     0  __scatter.o(!!!scatter)
    __scatterload_rt2                        0x08000139   Thumb Code    44  __scatter.o(!!!scatter)
    __scatterload_rt2_thumb_only             0x08000139   Thumb Code     0  __scatter.o(!!!scatter)
    __scatterload_null                       0x08000147   Thumb Code     0  __scatter.o(!!!scatter)
    __decompress                             0x0800016d   Thumb Code    90  __dczerorl2.o(!!dczerorl2)
    __decompress1                            0x0800016d   Thumb Code     0  __dczerorl2.o(!!dczerorl2)
    __scatterload_zeroinit                   0x080001c9   Thumb Code    28  __scatter_zi.o(!!handler_zi)
    __rt_lib_init                            0x080001e5   Thumb Code     0  libinit.o(.ARM.Collect$$libinit$$00000000)
    __rt_lib_init_alloca_1                   0x080001e7   Thumb Code     0  libinit2.o(.ARM.Collect$$libinit$$0000002E)
    __rt_lib_init_argv_1                     0x080001e7   Thumb Code     0  libinit2.o(.ARM.Collect$$libinit$$0000002C)
    __rt_lib_init_atexit_1                   0x080001e7   Thumb Code     0  libinit2.o(.ARM.Collect$$libinit$$0000001B)
    __rt_lib_init_clock_1                    0x080001e7   Thumb Code     0  libinit2.o(.ARM.Collect$$libinit$$00000021)
    __rt_lib_init_cpp_1                      0x080001e7   Thumb Code     0  libinit2.o(.ARM.Collect$$libinit$$00000032)
    __rt_lib_init_exceptions_1               0x080001e7   Thumb Code     0  libinit2.o(.ARM.Collect$$libinit$$00000030)
    __rt_lib_init_fp_1                       0x080001e7   Thumb Code     0  libinit2.o(.ARM.Collect$$libinit$$00000002)
    __rt_lib_init_fp_trap_1                  0x080001e7   Thumb Code     0  libinit2.o(.ARM.Collect$$libinit$$0000001F)
    __rt_lib_init_getenv_1                   0x080001e7   Thumb Code     0  libinit2.o(.ARM.Collect$$libinit$$00000023)
    __rt_lib_init_heap_1                     0x080001e7   Thumb Code     0  libinit2.o(.ARM.Collect$$libinit$$0000000A)
    __rt_lib_init_lc_collate_1               0x080001e7   Thumb Code     0  libinit2.o(.ARM.Collect$$libinit$$00000011)
    __rt_lib_init_lc_ctype_1                 0x080001e7   Thumb Code     0  libinit2.o(.ARM.Collect$$libinit$$00000013)
    __rt_lib_init_lc_monetary_1              0x080001e7   Thumb Code     0  libinit2.o(.ARM.Collect$$libinit$$00000015)
    __rt_lib_init_lc_numeric_1               0x080001e7   Thumb Code     0  libinit2.o(.ARM.Collect$$libinit$$00000017)
    __rt_lib_init_lc_time_1                  0x080001e7   Thumb Code     0  libinit2.o(.ARM.Collect$$libinit$$00000019)
    __rt_lib_init_preinit_1                  0x080001e7   Thumb Code     0  libinit2.o(.ARM.Collect$$libinit$$00000004)
    __rt_lib_init_rand_1                     0x080001e7   Thumb Code     0  libinit2.o(.ARM.Collect$$libinit$$0000000E)
    __rt_lib_init_return                     0x080001e7   Thumb Code     0  libinit2.o(.ARM.Collect$$libinit$$00000033)
    __rt_lib_init_signal_1                   0x080001e7   Thumb Code     0  libinit2.o(.ARM.Collect$$libinit$$0000001D)
    __rt_lib_init_stdio_1                    0x080001e7   Thumb Code     0  libinit2.o(.ARM.Collect$$libinit$$00000025)
    __rt_lib_init_user_alloc_1               0x080001e7   Thumb Code     0  libinit2.o(.ARM.Collect$$libinit$$0000000C)
    __rt_lib_shutdown                        0x080001e9   Thumb Code     0  libshutdown.o(.ARM.Collect$$libshutdown$$00000000)
    __rt_lib_shutdown_fp_trap_1              0x080001eb   Thumb Code     0  libshutdown2.o(.ARM.Collect$$libshutdown$$00000006)
    __rt_lib_shutdown_heap_1                 0x080001eb   Thumb Code     0  libshutdown2.o(.ARM.Collect$$libshutdown$$0000000E)
    __rt_lib_shutdown_return                 0x080001eb   Thumb Code     0  libshutdown2.o(.ARM.Collect$$libshutdown$$0000000F)
    __rt_lib_shutdown_signal_1               0x080001eb   Thumb Code     0  libshutdown2.o(.ARM.Collect$$libshutdown$$00000009)
    __rt_lib_shutdown_stdio_1                0x080001eb   Thumb Code     0  libshutdown2.o(.ARM.Collect$$libshutdown$$00000003)
    __rt_lib_shutdown_user_alloc_1           0x080001eb   Thumb Code     0  libshutdown2.o(.ARM.Collect$$libshutdown$$0000000B)
    __rt_entry                               0x080001ed   Thumb Code     0  __rtentry.o(.ARM.Collect$$rtentry$$00000000)
    __rt_entry_presh_1                       0x080001ed   Thumb Code     0  __rtentry2.o(.ARM.Collect$$rtentry$$00000002)
    __rt_entry_sh                            0x080001ed   Thumb Code     0  __rtentry4.o(.ARM.Collect$$rtentry$$00000004)
    __rt_entry_li                            0x080001f3   Thumb Code     0  __rtentry2.o(.ARM.Collect$$rtentry$$0000000A)
    __rt_entry_postsh_1                      0x080001f3   Thumb Code     0  __rtentry2.o(.ARM.Collect$$rtentry$$00000009)
    __rt_entry_main                          0x080001f7   Thumb Code     0  __rtentry2.o(.ARM.Collect$$rtentry$$0000000D)
    __rt_entry_postli_1                      0x080001f7   Thumb Code     0  __rtentry2.o(.ARM.Collect$$rtentry$$0000000C)
    __rt_exit                                0x080001ff   Thumb Code     0  rtexit.o(.ARM.Collect$$rtexit$$00000000)
    __rt_exit_ls                             0x08000201   Thumb Code     0  rtexit2.o(.ARM.Collect$$rtexit$$00000003)
    __rt_exit_prels_1                        0x08000201   Thumb Code     0  rtexit2.o(.ARM.Collect$$rtexit$$00000002)
    __rt_exit_exit                           0x08000205   Thumb Code     0  rtexit2.o(.ARM.Collect$$rtexit$$00000004)
    Reset_Handler                            0x0800020d   Thumb Code     8  startup_stm32f10x_hd.o(.text)
    ADC1_2_IRQHandler                        0x08000227   Thumb Code     0  startup_stm32f10x_hd.o(.text)
    ADC3_IRQHandler                          0x08000227   Thumb Code     0  startup_stm32f10x_hd.o(.text)
    CAN1_RX1_IRQHandler                      0x08000227   Thumb Code     0  startup_stm32f10x_hd.o(.text)
    CAN1_SCE_IRQHandler                      0x08000227   Thumb Code     0  startup_stm32f10x_hd.o(.text)
    DMA1_Channel1_IRQHandler                 0x08000227   Thumb Code     0  startup_stm32f10x_hd.o(.text)
    DMA1_Channel2_IRQHandler                 0x08000227   Thumb Code     0  startup_stm32f10x_hd.o(.text)
    DMA1_Channel3_IRQHandler                 0x08000227   Thumb Code     0  startup_stm32f10x_hd.o(.text)
    DMA1_Channel4_IRQHandler                 0x08000227   Thumb Code     0  startup_stm32f10x_hd.o(.text)
    DMA1_Channel5_IRQHandler                 0x08000227   Thumb Code     0  startup_stm32f10x_hd.o(.text)
    DMA1_Channel6_IRQHandler                 0x08000227   Thumb Code     0  startup_stm32f10x_hd.o(.text)
    DMA1_Channel7_IRQHandler                 0x08000227   Thumb Code     0  startup_stm32f10x_hd.o(.text)
    DMA2_Channel1_IRQHandler                 0x08000227   Thumb Code     0  startup_stm32f10x_hd.o(.text)
    DMA2_Channel2_IRQHandler                 0x08000227   Thumb Code     0  startup_stm32f10x_hd.o(.text)
    DMA2_Channel3_IRQHandler                 0x08000227   Thumb Code     0  startup_stm32f10x_hd.o(.text)
    DMA2_Channel4_5_IRQHandler               0x08000227   Thumb Code     0  startup_stm32f10x_hd.o(.text)
    EXTI0_IRQHandler                         0x08000227   Thumb Code     0  startup_stm32f10x_hd.o(.text)
    EXTI15_10_IRQHandler                     0x08000227   Thumb Code     0  startup_stm32f10x_hd.o(.text)
    EXTI1_IRQHandler                         0x08000227   Thumb Code     0  startup_stm32f10x_hd.o(.text)
    EXTI2_IRQHandler                         0x08000227   Thumb Code     0  startup_stm32f10x_hd.o(.text)
    EXTI3_IRQHandler                         0x08000227   Thumb Code     0  startup_stm32f10x_hd.o(.text)
    EXTI4_IRQHandler                         0x08000227   Thumb Code     0  startup_stm32f10x_hd.o(.text)
    EXTI9_5_IRQHandler                       0x08000227   Thumb Code     0  startup_stm32f10x_hd.o(.text)
    FLASH_IRQHandler                         0x08000227   Thumb Code     0  startup_stm32f10x_hd.o(.text)
    FSMC_IRQHandler                          0x08000227   Thumb Code     0  startup_stm32f10x_hd.o(.text)
    I2C1_ER_IRQHandler                       0x08000227   Thumb Code     0  startup_stm32f10x_hd.o(.text)
    I2C1_EV_IRQHandler                       0x08000227   Thumb Code     0  startup_stm32f10x_hd.o(.text)
    I2C2_ER_IRQHandler                       0x08000227   Thumb Code     0  startup_stm32f10x_hd.o(.text)
    I2C2_EV_IRQHandler                       0x08000227   Thumb Code     0  startup_stm32f10x_hd.o(.text)
    PVD_IRQHandler                           0x08000227   Thumb Code     0  startup_stm32f10x_hd.o(.text)
    RCC_IRQHandler                           0x08000227   Thumb Code     0  startup_stm32f10x_hd.o(.text)
    RTCAlarm_IRQHandler                      0x08000227   Thumb Code     0  startup_stm32f10x_hd.o(.text)
    RTC_IRQHandler                           0x08000227   Thumb Code     0  startup_stm32f10x_hd.o(.text)
    SDIO_IRQHandler                          0x08000227   Thumb Code     0  startup_stm32f10x_hd.o(.text)
    SPI1_IRQHandler                          0x08000227   Thumb Code     0  startup_stm32f10x_hd.o(.text)
    SPI2_IRQHandler                          0x08000227   Thumb Code     0  startup_stm32f10x_hd.o(.text)
    SPI3_IRQHandler                          0x08000227   Thumb Code     0  startup_stm32f10x_hd.o(.text)
    TAMPER_IRQHandler                        0x08000227   Thumb Code     0  startup_stm32f10x_hd.o(.text)
    TIM1_BRK_IRQHandler                      0x08000227   Thumb Code     0  startup_stm32f10x_hd.o(.text)
    TIM1_CC_IRQHandler                       0x08000227   Thumb Code     0  startup_stm32f10x_hd.o(.text)
    TIM1_TRG_COM_IRQHandler                  0x08000227   Thumb Code     0  startup_stm32f10x_hd.o(.text)
    TIM1_UP_IRQHandler                       0x08000227   Thumb Code     0  startup_stm32f10x_hd.o(.text)
    TIM3_IRQHandler                          0x08000227   Thumb Code     0  startup_stm32f10x_hd.o(.text)
    TIM4_IRQHandler                          0x08000227   Thumb Code     0  startup_stm32f10x_hd.o(.text)
    TIM5_IRQHandler                          0x08000227   Thumb Code     0  startup_stm32f10x_hd.o(.text)
    TIM6_IRQHandler                          0x08000227   Thumb Code     0  startup_stm32f10x_hd.o(.text)
    TIM7_IRQHandler                          0x08000227   Thumb Code     0  startup_stm32f10x_hd.o(.text)
    TIM8_BRK_IRQHandler                      0x08000227   Thumb Code     0  startup_stm32f10x_hd.o(.text)
    TIM8_CC_IRQHandler                       0x08000227   Thumb Code     0  startup_stm32f10x_hd.o(.text)
    TIM8_TRG_COM_IRQHandler                  0x08000227   Thumb Code     0  startup_stm32f10x_hd.o(.text)
    TIM8_UP_IRQHandler                       0x08000227   Thumb Code     0  startup_stm32f10x_hd.o(.text)
    UART4_IRQHandler                         0x08000227   Thumb Code     0  startup_stm32f10x_hd.o(.text)
    UART5_IRQHandler                         0x08000227   Thumb Code     0  startup_stm32f10x_hd.o(.text)
    USART1_IRQHandler                        0x08000227   Thumb Code     0  startup_stm32f10x_hd.o(.text)
    USART2_IRQHandler                        0x08000227   Thumb Code     0  startup_stm32f10x_hd.o(.text)
    USBWakeUp_IRQHandler                     0x08000227   Thumb Code     0  startup_stm32f10x_hd.o(.text)
    USB_HP_CAN1_TX_IRQHandler                0x08000227   Thumb Code     0  startup_stm32f10x_hd.o(.text)
    USB_LP_CAN1_RX0_IRQHandler               0x08000227   Thumb Code     0  startup_stm32f10x_hd.o(.text)
    WWDG_IRQHandler                          0x08000227   Thumb Code     0  startup_stm32f10x_hd.o(.text)
    __user_initial_stackheap                 0x08000229   Thumb Code     0  startup_stm32f10x_hd.o(.text)
    strlen                                   0x0800024d   Thumb Code    62  strlen.o(.text)
    strcat                                   0x0800028b   Thumb Code    24  strcat.o(.text)
    __aeabi_memcpy                           0x080002a3   Thumb Code     0  rt_memcpy_v6.o(.text)
    __rt_memcpy                              0x080002a3   Thumb Code   138  rt_memcpy_v6.o(.text)
    _memcpy_lastbytes                        0x08000309   Thumb Code     0  rt_memcpy_v6.o(.text)
    __aeabi_memclr                           0x0800032d   Thumb Code     0  rt_memclr.o(.text)
    __rt_memclr                              0x0800032d   Thumb Code    68  rt_memclr.o(.text)
    _memset                                  0x08000331   Thumb Code     0  rt_memclr.o(.text)
    __use_two_region_memory                  0x08000371   Thumb Code     2  heapauxi.o(.text)
    __rt_heap_escrow$2region                 0x08000373   Thumb Code     2  heapauxi.o(.text)
    __rt_heap_expand$2region                 0x08000375   Thumb Code     2  heapauxi.o(.text)
    __aeabi_memcpy4                          0x08000377   Thumb Code     0  rt_memcpy_w.o(.text)
    __aeabi_memcpy8                          0x08000377   Thumb Code     0  rt_memcpy_w.o(.text)
    __rt_memcpy_w                            0x08000377   Thumb Code   100  rt_memcpy_w.o(.text)
    _memcpy_lastbytes_aligned                0x080003bf   Thumb Code     0  rt_memcpy_w.o(.text)
    __aeabi_memclr4                          0x080003db   Thumb Code     0  rt_memclr_w.o(.text)
    __aeabi_memclr8                          0x080003db   Thumb Code     0  rt_memclr_w.o(.text)
    __rt_memclr_w                            0x080003db   Thumb Code    78  rt_memclr_w.o(.text)
    _memset_w                                0x080003df   Thumb Code     0  rt_memclr_w.o(.text)
    __user_libspace                          0x08000429   Thumb Code     8  libspace.o(.text)
    __user_perproc_libspace                  0x08000429   Thumb Code     0  libspace.o(.text)
    __user_perthread_libspace                0x08000429   Thumb Code     0  libspace.o(.text)
    __user_setup_stackheap                   0x08000431   Thumb Code    74  sys_stackheap_outer.o(.text)
    exit                                     0x0800047b   Thumb Code    12  exit.o(.text)
    _sys_exit                                0x08000489   Thumb Code     8  sys_exit.o(.text)
    __I$use$semihosting                      0x08000495   Thumb Code     0  use_no_semi.o(.text)
    __use_no_semihosting_swi                 0x08000495   Thumb Code     2  use_no_semi.o(.text)
    BusFault_Handler                         0x08000497   Thumb Code     4  stm32f10x_it.o(i.BusFault_Handler)
    __semihosting_library_function           0x08000497   Thumb Code     0  indicate_semi.o(.text)
    CRC16                                    0x0800049d   Thumb Code    48  radio.o(i.CRC16)
    DebugMon_Handler                         0x080004d5   Thumb Code     2  stm32f10x_it.o(i.DebugMon_Handler)
    FLASH_ClearFlag                          0x080004d9   Thumb Code     6  stm32f10x_flash.o(i.FLASH_ClearFlag)
    FLASH_ErasePage                          0x080004e5   Thumb Code    72  stm32f10x_flash.o(i.FLASH_ErasePage)
    FLASH_GetBank1Status                     0x08000531   Thumb Code    48  stm32f10x_flash.o(i.FLASH_GetBank1Status)
    FLASH_Lock                               0x08000565   Thumb Code    14  stm32f10x_flash.o(i.FLASH_Lock)
    FLASH_PrefetchBufferCmd                  0x08000579   Thumb Code    22  stm32f10x_flash.o(i.FLASH_PrefetchBufferCmd)
    FLASH_ProgramHalfWord                    0x08000595   Thumb Code    60  stm32f10x_flash.o(i.FLASH_ProgramHalfWord)
    FLASH_ReadByte                           0x080005d5   Thumb Code    44  flash.o(i.FLASH_ReadByte)
    FLASH_SetLatency                         0x08000601   Thumb Code    18  stm32f10x_flash.o(i.FLASH_SetLatency)
    FLASH_Unlock                             0x08000619   Thumb Code    12  stm32f10x_flash.o(i.FLASH_Unlock)
    FLASH_WaitForLastOperation               0x08000631   Thumb Code    38  stm32f10x_flash.o(i.FLASH_WaitForLastOperation)
    FLASH_WriteByte                          0x08000657   Thumb Code   102  flash.o(i.FLASH_WriteByte)
    FlashCrc                                 0x080006bd   Thumb Code    48  flash.o(i.FlashCrc)
    GPIO_Init                                0x080006f5   Thumb Code   278  stm32f10x_gpio.o(i.GPIO_Init)
    GPIO_ReadInputDataBit                    0x0800080b   Thumb Code    18  stm32f10x_gpio.o(i.GPIO_ReadInputDataBit)
    GPIO_ResetBits                           0x0800081d   Thumb Code     4  stm32f10x_gpio.o(i.GPIO_ResetBits)
    GPIO_SetBits                             0x08000821   Thumb Code     4  stm32f10x_gpio.o(i.GPIO_SetBits)
    GetLoRaSNR                               0x08000825   Thumb Code    66  sx1276-lora.o(i.GetLoRaSNR)
    GetPackLoRaRSSI                          0x0800086d   Thumb Code   150  sx1276-lora.o(i.GetPackLoRaRSSI)
    HardFault_Handler                        0x08000929   Thumb Code     4  stm32f10x_it.o(i.HardFault_Handler)
    Init485EnPin                             0x0800092d   Thumb Code    50  usart.o(i.Init485EnPin)
    InitSystem1msInt                         0x08000965   Thumb Code   128  sys1msinit.o(i.InitSystem1msInt)
    LedInit                                  0x080009e5   Thumb Code    46  led.o(i.LedInit)
    LoRaFreqSet                              0x08000a19   Thumb Code    12  sx1276-lora.o(i.LoRaFreqSet)
    LoRaRxDataRead                           0x08000a25   Thumb Code   186  sx1276-lora.o(i.LoRaRxDataRead)
    LoRaRxStateEnter                         0x08000af1   Thumb Code   158  sx1276-lora.o(i.LoRaRxStateEnter)
    LoRaTxData                               0x08000ba5   Thumb Code   244  sx1276-lora.o(i.LoRaTxData)
    LoRaTxPower                              0x08000c9d   Thumb Code    32  sx1276-lora.o(i.LoRaTxPower)
    MemManage_Handler                        0x08000cbd   Thumb Code     4  stm32f10x_it.o(i.MemManage_Handler)
    NMI_Handler                              0x08000cc1   Thumb Code     2  stm32f10x_it.o(i.NMI_Handler)
    NVIC_Configuration                       0x08000cc3   Thumb Code    22  sys.o(i.NVIC_Configuration)
    NVIC_Init                                0x08000cd9   Thumb Code   100  misc.o(i.NVIC_Init)
    NVIC_PriorityGroupConfig                 0x08000d49   Thumb Code    10  misc.o(i.NVIC_PriorityGroupConfig)
    NVIC_SetVectorTable                      0x08000d5d   Thumb Code    12  misc.o(i.NVIC_SetVectorTable)
    PendSV_Handler                           0x08000d71   Thumb Code     2  stm32f10x_it.o(i.PendSV_Handler)
    PowerKeyInit                             0x08000d75   Thumb Code    44  sx1278init.o(i.PowerKeyInit)
    Power_Deselect                           0x08000da5   Thumb Code    14  sx1278init.o(i.Power_Deselect)
    Power_Select                             0x08000db9   Thumb Code    14  sx1278init.o(i.Power_Select)
    RCC_APB1PeriphClockCmd                   0x08000dcd   Thumb Code    26  stm32f10x_rcc.o(i.RCC_APB1PeriphClockCmd)
    RCC_APB1PeriphResetCmd                   0x08000ded   Thumb Code    26  stm32f10x_rcc.o(i.RCC_APB1PeriphResetCmd)
    RCC_APB2PeriphClockCmd                   0x08000e0d   Thumb Code    26  stm32f10x_rcc.o(i.RCC_APB2PeriphClockCmd)
    RCC_APB2PeriphResetCmd                   0x08000e2d   Thumb Code    26  stm32f10x_rcc.o(i.RCC_APB2PeriphResetCmd)
    RCC_Configuration                        0x08000e4d   Thumb Code   104  sys1msinit.o(i.RCC_Configuration)
    RCC_DeInit                               0x08000eb5   Thumb Code    64  stm32f10x_rcc.o(i.RCC_DeInit)
    RCC_GetClocksFreq                        0x08000f01   Thumb Code   192  stm32f10x_rcc.o(i.RCC_GetClocksFreq)
    RCC_GetFlagStatus                        0x08000fd5   Thumb Code    56  stm32f10x_rcc.o(i.RCC_GetFlagStatus)
    RCC_GetSYSCLKSource                      0x08001011   Thumb Code    10  stm32f10x_rcc.o(i.RCC_GetSYSCLKSource)
    RCC_HCLKConfig                           0x08001021   Thumb Code    18  stm32f10x_rcc.o(i.RCC_HCLKConfig)
    RCC_HSEConfig                            0x08001039   Thumb Code    70  stm32f10x_rcc.o(i.RCC_HSEConfig)
    RCC_PCLK1Config                          0x08001085   Thumb Code    18  stm32f10x_rcc.o(i.RCC_PCLK1Config)
    RCC_PCLK2Config                          0x0800109d   Thumb Code    20  stm32f10x_rcc.o(i.RCC_PCLK2Config)
    RCC_PLLCmd                               0x080010b5   Thumb Code     6  stm32f10x_rcc.o(i.RCC_PLLCmd)
    RCC_PLLConfig                            0x080010c1   Thumb Code    24  stm32f10x_rcc.o(i.RCC_PLLConfig)
    RCC_SYSCLKConfig                         0x080010dd   Thumb Code    18  stm32f10x_rcc.o(i.RCC_SYSCLKConfig)
    RCC_WaitForHSEStartUp                    0x080010f5   Thumb Code    56  stm32f10x_rcc.o(i.RCC_WaitForHSEStartUp)
    RFRcvDataAnalysis                        0x0800112d   Thumb Code   148  radio.o(i.RFRcvDataAnalysis)
    RadioDriverInit                          0x080011d9   Thumb Code    70  radio.o(i.RadioDriverInit)
    SPI_CS_Deselect                          0x08001265   Thumb Code    12  sx1278init.o(i.SPI_CS_Deselect)
    SPI_CS_Select                            0x08001275   Thumb Code    12  sx1278init.o(i.SPI_CS_Select)
    SPI_Cmd                                  0x08001285   Thumb Code    24  stm32f10x_spi.o(i.SPI_Cmd)
    SPI_Configuration                        0x0800129d   Thumb Code   102  sx1278init.o(i.SPI_Configuration)
    SPI_Init                                 0x0800134d   Thumb Code    60  stm32f10x_spi.o(i.SPI_Init)
    SPI_ReadByte                             0x08001389   Thumb Code    42  sx1278init.o(i.SPI_ReadByte)
    SPI_SSOutputCmd                          0x080013b9   Thumb Code    24  stm32f10x_spi.o(i.SPI_SSOutputCmd)
    SPI_WriteByte                            0x080013d1   Thumb Code    38  sx1278init.o(i.SPI_WriteByte)
    SVC_Handler                              0x080013fd   Thumb Code     2  stm32f10x_it.o(i.SVC_Handler)
    SX1276Dio0State                          0x080013ff   Thumb Code     8  sx1276.o(i.SX1276Dio0State)
    SX1276FreqSet                            0x08001409   Thumb Code    18  sx1276.o(i.SX1276FreqSet)
    SX1276FskGetPacketRssi                   0x08001421   Thumb Code     6  sx1276-fsk.o(i.SX1276FskGetPacketRssi)
    SX1276FskGetRxPacket                     0x0800142d   Thumb Code    30  sx1276-fsk.o(i.SX1276FskGetRxPacket)
    SX1276FskProcess                         0x08001455   Thumb Code  1290  sx1276-fsk.o(i.SX1276FskProcess)
    SX1276FskReadAfc                         0x08001979   Thumb Code    70  sx1276-fsk.o(i.SX1276FskReadAfc)
    SX1276FskReadRssi                        0x080019c9   Thumb Code    42  sx1276-fsk.o(i.SX1276FskReadRssi)
    SX1276FskReadRxGain                      0x080019f9   Thumb Code    24  sx1276-fsk.o(i.SX1276FskReadRxGain)
    SX1276FskSetOpMode                       0x08001a15   Thumb Code    82  sx1276-fsk.o(i.SX1276FskSetOpMode)
    SX1276FskSetRFState                      0x08001a75   Thumb Code     6  sx1276-fsk.o(i.SX1276FskSetRFState)
    SX1276FskSetTxPacket                     0x08001a81   Thumb Code    28  sx1276-fsk.o(i.SX1276FskSetTxPacket)
    SX1276GetPacketRssi                      0x08001aa9   Thumb Code    20  sx1276.o(i.SX1276GetPacketRssi)
    SX1276GetPacketSnr                       0x08001ac1   Thumb Code    18  sx1276.o(i.SX1276GetPacketSnr)
    SX1276GetRxPacket                        0x08001ad9   Thumb Code    32  sx1276.o(i.SX1276GetRxPacket)
    SX1276Init                               0x08001afd   Thumb Code   114  sx1276.o(i.SX1276Init)
    SX1276LoRaGetRxPacket                    0x08001b95   Thumb Code    30  sx1276-lora.o(i.SX1276LoRaGetRxPacket)
    SX1276LoRaInit                           0x08001bbd   Thumb Code   206  sx1276-lora.o(i.SX1276LoRaInit)
    SX1276LoRaProcess                        0x08001ca1   Thumb Code  1668  sx1276-lora.o(i.SX1276LoRaProcess)
    SX1276LoRaReadRssi                       0x08002341   Thumb Code    58  sx1276-lora.o(i.SX1276LoRaReadRssi)
    SX1276LoRaReadRxGain                     0x08002389   Thumb Code    24  sx1276-lora.o(i.SX1276LoRaReadRxGain)
    SX1276LoRaSetDefaults                    0x080023a5   Thumb Code    16  sx1276-lora.o(i.SX1276LoRaSetDefaults)
    SX1276LoRaSetErrorCoding                 0x080023b9   Thumb Code    54  sx1276-loramisc.o(i.SX1276LoRaSetErrorCoding)
    SX1276LoRaSetImplicitHeaderOn            0x080023f9   Thumb Code    52  sx1276-loramisc.o(i.SX1276LoRaSetImplicitHeaderOn)
    SX1276LoRaSetLowDatarateOptimize         0x08002435   Thumb Code    56  sx1276-loramisc.o(i.SX1276LoRaSetLowDatarateOptimize)
    SX1276LoRaSetNbTrigPeaks                 0x08002471   Thumb Code    54  sx1276-loramisc.o(i.SX1276LoRaSetNbTrigPeaks)
    SX1276LoRaSetOpMode                      0x080024ad   Thumb Code    82  sx1276-lora.o(i.SX1276LoRaSetOpMode)
    SX1276LoRaSetPAOutput                    0x0800250d   Thumb Code    48  sx1276-loramisc.o(i.SX1276LoRaSetPAOutput)
    SX1276LoRaSetPa20dBm                     0x08002541   Thumb Code    84  sx1276-loramisc.o(i.SX1276LoRaSetPa20dBm)
    SX1276LoRaSetPacketCrcOn                 0x08002599   Thumb Code    54  sx1276-loramisc.o(i.SX1276LoRaSetPacketCrcOn)
    SX1276LoRaSetPayloadLength               0x080025d9   Thumb Code    32  sx1276-loramisc.o(i.SX1276LoRaSetPayloadLength)
    SX1276LoRaSetRFFrequency                 0x08002601   Thumb Code    74  sx1276-loramisc.o(i.SX1276LoRaSetRFFrequency)
    SX1276LoRaSetRFPower                     0x08002659   Thumb Code   252  sx1276-loramisc.o(i.SX1276LoRaSetRFPower)
    SX1276LoRaSetRFState                     0x0800275d   Thumb Code     6  sx1276-lora.o(i.SX1276LoRaSetRFState)
    SX1276LoRaSetSignalBandwidth             0x08002769   Thumb Code    50  sx1276-loramisc.o(i.SX1276LoRaSetSignalBandwidth)
    SX1276LoRaSetSpreadingFactor             0x080027a5   Thumb Code    82  sx1276-loramisc.o(i.SX1276LoRaSetSpreadingFactor)
    SX1276LoRaSetSymbTimeout                 0x08002801   Thumb Code    66  sx1276-loramisc.o(i.SX1276LoRaSetSymbTimeout)
    SX1276LoRaSetTxPacket                    0x08002849   Thumb Code    44  sx1276-lora.o(i.SX1276LoRaSetTxPacket)
    SX1276Process                            0x08002885   Thumb Code    20  sx1276.o(i.SX1276Process)
    SX1276Read                               0x0800289d   Thumb Code    18  sx1276-hal.o(i.SX1276Read)
    SX1276ReadBuffer                         0x080028af   Thumb Code    48  sx1276-hal.o(i.SX1276ReadBuffer)
    SX1276ReadDio0                           0x080028e1   Thumb Code    18  sx1276-hal.o(i.SX1276ReadDio0)
    SX1276ReadDio1                           0x080028f9   Thumb Code     4  sx1276-hal.o(i.SX1276ReadDio1)
    SX1276ReadDio2                           0x080028fd   Thumb Code     4  sx1276-hal.o(i.SX1276ReadDio2)
    SX1276ReadDio3                           0x08002901   Thumb Code     4  sx1276-hal.o(i.SX1276ReadDio3)
    SX1276ReadDio4                           0x08002905   Thumb Code     4  sx1276-hal.o(i.SX1276ReadDio4)
    SX1276ReadFifo                           0x08002909   Thumb Code    18  sx1276-hal.o(i.SX1276ReadFifo)
    SX1276ReadRssi                           0x0800291d   Thumb Code    20  sx1276.o(i.SX1276ReadRssi)
    SX1276Reset                              0x08002935   Thumb Code    28  sx1276.o(i.SX1276Reset)
    SX1276RxDataRead                         0x08002951   Thumb Code    22  sx1276.o(i.SX1276RxDataRead)
    SX1276RxStateEnter                       0x0800296d   Thumb Code    14  sx1276.o(i.SX1276RxStateEnter)
    SX1276SetLoRaOn                          0x08002981   Thumb Code   170  sx1276.o(i.SX1276SetLoRaOn)
    SX1276SetOpMode                          0x08002a3d   Thumb Code    26  sx1276.o(i.SX1276SetOpMode)
    SX1276SetReset                           0x08002a5d   Thumb Code    20  sx1276-hal.o(i.SX1276SetReset)
    SX1276SetTxPacket                        0x08002a71   Thumb Code    32  sx1276.o(i.SX1276SetTxPacket)
    SX1276StartRx                            0x08002a95   Thumb Code    24  sx1276.o(i.SX1276StartRx)
    SX1276TxData                             0x08002ab1   Thumb Code    30  sx1276.o(i.SX1276TxData)
    SX1276TxPower                            0x08002ad5   Thumb Code    18  sx1276.o(i.SX1276TxPower)
    SX1276Write                              0x08002aed   Thumb Code    16  sx1276-hal.o(i.SX1276Write)
    SX1276WriteBuffer                        0x08002afd   Thumb Code    48  sx1276-hal.o(i.SX1276WriteBuffer)
    SX1276WriteFifo                          0x08002b2d   Thumb Code    18  sx1276-hal.o(i.SX1276WriteFifo)
    Spi_GpioInit                             0x08002c29   Thumb Code    12  sx1278init.o(i.Spi_GpioInit)
    Sx1276RecvPinInit                        0x08002c35   Thumb Code    40  sx1278init.o(i.Sx1276RecvPinInit)
    Sx1278Init                               0x08002c61   Thumb Code    16  sx1278init.o(i.Sx1278Init)
    SysTick_Handler                          0x08002c75   Thumb Code     2  stm32f10x_it.o(i.SysTick_Handler)
    SystemInit                               0x08002c79   Thumb Code    78  system_stm32f10x.o(i.SystemInit)
    TIM2_IRQHandler                          0x08002cd9   Thumb Code    26  sys1msinit.o(i.TIM2_IRQHandler)
    TIM_ARRPreloadConfig                     0x08002cf3   Thumb Code    24  stm32f10x_tim.o(i.TIM_ARRPreloadConfig)
    TIM_ClearFlag                            0x08002d0b   Thumb Code     6  stm32f10x_tim.o(i.TIM_ClearFlag)
    TIM_ClearITPendingBit                    0x08002d11   Thumb Code     6  stm32f10x_tim.o(i.TIM_ClearITPendingBit)
    TIM_Cmd                                  0x08002d17   Thumb Code    24  stm32f10x_tim.o(i.TIM_Cmd)
    TIM_DeInit                               0x08002d31   Thumb Code   424  stm32f10x_tim.o(i.TIM_DeInit)
    TIM_GetITStatus                          0x08002f19   Thumb Code    34  stm32f10x_tim.o(i.TIM_GetITStatus)
    TIM_ITConfig                             0x08002f3b   Thumb Code    18  stm32f10x_tim.o(i.TIM_ITConfig)
    TIM_InternalClockConfig                  0x08002f4d   Thumb Code    12  stm32f10x_tim.o(i.TIM_InternalClockConfig)
    TIM_TimeBaseInit                         0x08002f59   Thumb Code   122  stm32f10x_tim.o(i.TIM_TimeBaseInit)
    USART3_IRQHandler                        0x08002ffd   Thumb Code   240  usart.o(i.USART3_IRQHandler)
    USART_ClearFlag                          0x08003105   Thumb Code    18  stm32f10x_usart.o(i.USART_ClearFlag)
    USART_ClearITPendingBit                  0x08003117   Thumb Code    30  stm32f10x_usart.o(i.USART_ClearITPendingBit)
    USART_Cmd                                0x08003135   Thumb Code    24  stm32f10x_usart.o(i.USART_Cmd)
    USART_GetFlagStatus                      0x0800314d   Thumb Code    26  stm32f10x_usart.o(i.USART_GetFlagStatus)
    USART_GetITStatus                        0x08003167   Thumb Code    84  stm32f10x_usart.o(i.USART_GetITStatus)
    USART_ITConfig                           0x080031bb   Thumb Code    74  stm32f10x_usart.o(i.USART_ITConfig)
    USART_Init                               0x08003205   Thumb Code   210  stm32f10x_usart.o(i.USART_Init)
    USART_ReceiveData                        0x080032dd   Thumb Code    10  stm32f10x_usart.o(i.USART_ReceiveData)
    USART_SendData                           0x080032e7   Thumb Code     8  stm32f10x_usart.o(i.USART_SendData)
    UartDataAnalysis                         0x080032f1   Thumb Code   452  usart.o(i.UartDataAnalysis)
    UartInit                                 0x080034dd   Thumb Code    52  usart.o(i.UartInit)
    UartParameterConfig                      0x08003515   Thumb Code   196  usart.o(i.UartParameterConfig)
    UartPinConfig                            0x080035dd   Thumb Code    70  usart.o(i.UartPinConfig)
    UartPowerSend                            0x08003629   Thumb Code    60  usart.o(i.UartPowerSend)
    UartPriorityConfig                       0x08003679   Thumb Code    34  usart.o(i.UartPriorityConfig)
    UartRcvTimeOut                           0x0800369d   Thumb Code    44  sys1msinit.o(i.UartRcvTimeOut)
    UartSend                                 0x080036d1   Thumb Code    42  usart.o(i.UartSend)
    UartSetAnswer                            0x0800370d   Thumb Code    52  usart.o(i.UartSetAnswer)
    UartSetDisplay                           0x08003755   Thumb Code   212  usart.o(i.UartSetDisplay)
    UsageFault_Handler                       0x08003891   Thumb Code     4  stm32f10x_it.o(i.UsageFault_Handler)
    dellayxm                                 0x08003895   Thumb Code    28  sx1276-hal.o(i.dellayxm)
    main                                     0x080038b1   Thumb Code   328  main.o(i.main)
    __aeabi_dadd                             0x08003a25   Thumb Code     0  daddsub_clz.o(x$fpl$dadd)
    _dadd                                    0x08003a25   Thumb Code   332  daddsub_clz.o(x$fpl$dadd)
    __aeabi_ddiv                             0x08003b75   Thumb Code     0  ddiv.o(x$fpl$ddiv)
    _ddiv                                    0x08003b75   Thumb Code   552  ddiv.o(x$fpl$ddiv)
    __aeabi_d2iz                             0x08003e25   Thumb Code     0  dfix.o(x$fpl$dfix)
    _dfix                                    0x08003e25   Thumb Code    94  dfix.o(x$fpl$dfix)
    __aeabi_d2uiz                            0x08003e85   Thumb Code     0  dfixu.o(x$fpl$dfixu)
    _dfixu                                   0x08003e85   Thumb Code    90  dfixu.o(x$fpl$dfixu)
    __aeabi_i2d                              0x08003edf   Thumb Code     0  dflt_clz.o(x$fpl$dflt)
    _dflt                                    0x08003edf   Thumb Code    46  dflt_clz.o(x$fpl$dflt)
    __aeabi_ui2d                             0x08003f0d   Thumb Code     0  dflt_clz.o(x$fpl$dfltu)
    _dfltu                                   0x08003f0d   Thumb Code    38  dflt_clz.o(x$fpl$dfltu)
    __aeabi_dmul                             0x08003f35   Thumb Code     0  dmul.o(x$fpl$dmul)
    _dmul                                    0x08003f35   Thumb Code   332  dmul.o(x$fpl$dmul)
    __fpl_dnaninf                            0x08004089   Thumb Code   156  dnaninf.o(x$fpl$dnaninf)
    __fpl_dretinf                            0x08004125   Thumb Code    12  dretinf.o(x$fpl$dretinf)
    __aeabi_dsub                             0x08004131   Thumb Code     0  daddsub_clz.o(x$fpl$dsub)
    _dsub                                    0x08004131   Thumb Code   464  daddsub_clz.o(x$fpl$dsub)
    __I$use$fp                               0x08004304   Number         0  usenofp.o(x$fpl$usenofp)
    SignalBwLog                              0x08004308   Data          80  sx1276-lora.o(.constdata)
    RssiOffsetLF                             0x08004358   Data          80  sx1276-lora.o(.constdata)
    RssiOffsetHF                             0x080043a8   Data          80  sx1276-lora.o(.constdata)
    HoppingFrequencies                       0x080043f8   Data         204  sx1276-lora.o(.constdata)
    Region$$Table$$Base                      0x080044c4   Number         0  anon$$obj.o(Region$$Table)
    Region$$Table$$Limit                     0x080044e4   Number         0  anon$$obj.o(Region$$Table)
    SettingInFlash                           0x08005000   Data          24  main.o(.ARM.__AT_0x08005000)
    p                                        0x20000000   Data           4  main.o(.data)
    l                                        0x20000004   Data           4  main.o(.data)
    a                                        0x20000008   Data           4  main.o(.data)
    y                                        0x2000000c   Data           4  main.o(.data)
    Radio                                    0x20000010   Data           4  main.o(.data)
    AnylinkMINI                              0x20000014   Data           1  main.o(.data)
    RFFrequency                              0x2000021c   Data           4  sx1276.o(.data)
    FskSettings                              0x20000220   Data          28  sx1276-fsk.o(.data)
    SX1276                                   0x2000023c   Data           4  sx1276-fsk.o(.data)
    LoRaSettings                             0x20000280   Data          28  sx1276-lora.o(.data)
    SX1276LR                                 0x2000029c   Data           4  sx1276-lora.o(.data)
    str                                      0x200002c0   Data          25  usart.o(.data)
    Rcv_Data                                 0x200002d9   Data           1  usart.o(.data)
    BaudRate                                 0x200002dc   Data          36  usart.o(.data)
    StopBits                                 0x20000300   Data           8  usart.o(.data)
    Parity                                   0x20000308   Data           6  usart.o(.data)
    WordLength                               0x2000030e   Data           4  usart.o(.data)
    RFRcvData                                0x20000328   Data         255  main.o(.bss)
    RFSendData                               0x20000427   Data         255  main.o(.bss)
    UartRcvData                              0x20000526   Data         255  main.o(.bss)
    UartSendData                             0x20000625   Data         255  main.o(.bss)
    ReadSetting                              0x20000724   Data          24  main.o(.bss)
    RadioDriver                              0x2000073c   Data          64  radio.o(.bss)
    SX1276Regs                               0x2000077c   Data         112  sx1276.o(.bss)
    UartCb                                   0x200009ec   Data          16  usart.o(.bss)
    uartsendbuffer                           0x200009fc   Data         255  usart.o(.bss)
    tempbuf                                  0x20000afb   Data         255  usart.o(.bss)
    SetAnswerBuffer                          0x20000bfa   Data          23  usart.o(.bss)
    __libspace_start                         0x20000c14   Data          96  libspace.o(.bss)
    __temporary_stack_top$libspace           0x20000c74   Data           0  libspace.o(.bss)



==============================================================================

Memory Map of the image

  Image Entry point : 0x08000131

  Load Region LR_IROM1 (Base: 0x08000000, Size: 0x00005340, Max: 0x00040000, ABSOLUTE, COMPRESSED[0x000051b0])

    Execution Region ER_IROM1 (Base: 0x08000000, Size: 0x00005018, Max: 0x00040000, ABSOLUTE)

    Base Addr    Size         Type   Attr      Idx    E Section Name        Object

    0x08000000   0x00000130   Data   RO         1466    RESET               startup_stm32f10x_hd.o
    0x08000130   0x00000008   Code   RO         4547  * !!!main             c_w.l(__main.o)
    0x08000138   0x00000034   Code   RO         4800    !!!scatter          c_w.l(__scatter.o)
    0x0800016c   0x0000005a   Code   RO         4798    !!dczerorl2         c_w.l(__dczerorl2.o)
    0x080001c6   0x00000002   PAD
    0x080001c8   0x0000001c   Code   RO         4802    !!handler_zi        c_w.l(__scatter_zi.o)
    0x080001e4   0x00000002   Code   RO         4668    .ARM.Collect$$libinit$$00000000  c_w.l(libinit.o)
    0x080001e6   0x00000000   Code   RO         4674    .ARM.Collect$$libinit$$00000002  c_w.l(libinit2.o)
    0x080001e6   0x00000000   Code   RO         4676    .ARM.Collect$$libinit$$00000004  c_w.l(libinit2.o)
    0x080001e6   0x00000000   Code   RO         4679    .ARM.Collect$$libinit$$0000000A  c_w.l(libinit2.o)
    0x080001e6   0x00000000   Code   RO         4681    .ARM.Collect$$libinit$$0000000C  c_w.l(libinit2.o)
    0x080001e6   0x00000000   Code   RO         4683    .ARM.Collect$$libinit$$0000000E  c_w.l(libinit2.o)
    0x080001e6   0x00000000   Code   RO         4686    .ARM.Collect$$libinit$$00000011  c_w.l(libinit2.o)
    0x080001e6   0x00000000   Code   RO         4688    .ARM.Collect$$libinit$$00000013  c_w.l(libinit2.o)
    0x080001e6   0x00000000   Code   RO         4690    .ARM.Collect$$libinit$$00000015  c_w.l(libinit2.o)
    0x080001e6   0x00000000   Code   RO         4692    .ARM.Collect$$libinit$$00000017  c_w.l(libinit2.o)
    0x080001e6   0x00000000   Code   RO         4694    .ARM.Collect$$libinit$$00000019  c_w.l(libinit2.o)
    0x080001e6   0x00000000   Code   RO         4696    .ARM.Collect$$libinit$$0000001B  c_w.l(libinit2.o)
    0x080001e6   0x00000000   Code   RO         4698    .ARM.Collect$$libinit$$0000001D  c_w.l(libinit2.o)
    0x080001e6   0x00000000   Code   RO         4700    .ARM.Collect$$libinit$$0000001F  c_w.l(libinit2.o)
    0x080001e6   0x00000000   Code   RO         4702    .ARM.Collect$$libinit$$00000021  c_w.l(libinit2.o)
    0x080001e6   0x00000000   Code   RO         4704    .ARM.Collect$$libinit$$00000023  c_w.l(libinit2.o)
    0x080001e6   0x00000000   Code   RO         4706    .ARM.Collect$$libinit$$00000025  c_w.l(libinit2.o)
    0x080001e6   0x00000000   Code   RO         4710    .ARM.Collect$$libinit$$0000002C  c_w.l(libinit2.o)
    0x080001e6   0x00000000   Code   RO         4712    .ARM.Collect$$libinit$$0000002E  c_w.l(libinit2.o)
    0x080001e6   0x00000000   Code   RO         4714    .ARM.Collect$$libinit$$00000030  c_w.l(libinit2.o)
    0x080001e6   0x00000000   Code   RO         4716    .ARM.Collect$$libinit$$00000032  c_w.l(libinit2.o)
    0x080001e6   0x00000002   Code   RO         4717    .ARM.Collect$$libinit$$00000033  c_w.l(libinit2.o)
    0x080001e8   0x00000002   Code   RO         4739    .ARM.Collect$$libshutdown$$00000000  c_w.l(libshutdown.o)
    0x080001ea   0x00000000   Code   RO         4753    .ARM.Collect$$libshutdown$$00000003  c_w.l(libshutdown2.o)
    0x080001ea   0x00000000   Code   RO         4756    .ARM.Collect$$libshutdown$$00000006  c_w.l(libshutdown2.o)
    0x080001ea   0x00000000   Code   RO         4759    .ARM.Collect$$libshutdown$$00000009  c_w.l(libshutdown2.o)
    0x080001ea   0x00000000   Code   RO         4761    .ARM.Collect$$libshutdown$$0000000B  c_w.l(libshutdown2.o)
    0x080001ea   0x00000000   Code   RO         4764    .ARM.Collect$$libshutdown$$0000000E  c_w.l(libshutdown2.o)
    0x080001ea   0x00000002   Code   RO         4765    .ARM.Collect$$libshutdown$$0000000F  c_w.l(libshutdown2.o)
    0x080001ec   0x00000000   Code   RO         4587    .ARM.Collect$$rtentry$$00000000  c_w.l(__rtentry.o)
    0x080001ec   0x00000000   Code   RO         4633    .ARM.Collect$$rtentry$$00000002  c_w.l(__rtentry2.o)
    0x080001ec   0x00000006   Code   RO         4645    .ARM.Collect$$rtentry$$00000004  c_w.l(__rtentry4.o)
    0x080001f2   0x00000000   Code   RO         4635    .ARM.Collect$$rtentry$$00000009  c_w.l(__rtentry2.o)
    0x080001f2   0x00000004   Code   RO         4636    .ARM.Collect$$rtentry$$0000000A  c_w.l(__rtentry2.o)
    0x080001f6   0x00000000   Code   RO         4638    .ARM.Collect$$rtentry$$0000000C  c_w.l(__rtentry2.o)
    0x080001f6   0x00000008   Code   RO         4639    .ARM.Collect$$rtentry$$0000000D  c_w.l(__rtentry2.o)
    0x080001fe   0x00000002   Code   RO         4671    .ARM.Collect$$rtexit$$00000000  c_w.l(rtexit.o)
    0x08000200   0x00000000   Code   RO         4721    .ARM.Collect$$rtexit$$00000002  c_w.l(rtexit2.o)
    0x08000200   0x00000004   Code   RO         4722    .ARM.Collect$$rtexit$$00000003  c_w.l(rtexit2.o)
    0x08000204   0x00000006   Code   RO         4723    .ARM.Collect$$rtexit$$00000004  c_w.l(rtexit2.o)
    0x0800020a   0x00000002   PAD
    0x0800020c   0x00000040   Code   RO         1467    .text               startup_stm32f10x_hd.o
    0x0800024c   0x0000003e   Code   RO         4537    .text               c_w.l(strlen.o)
    0x0800028a   0x00000018   Code   RO         4539    .text               c_w.l(strcat.o)
    0x080002a2   0x0000008a   Code   RO         4541    .text               c_w.l(rt_memcpy_v6.o)
    0x0800032c   0x00000044   Code   RO         4543    .text               c_w.l(rt_memclr.o)
    0x08000370   0x00000006   Code   RO         4545    .text               c_w.l(heapauxi.o)
    0x08000376   0x00000064   Code   RO         4590    .text               c_w.l(rt_memcpy_w.o)
    0x080003da   0x0000004e   Code   RO         4592    .text               c_w.l(rt_memclr_w.o)
    0x08000428   0x00000008   Code   RO         4656    .text               c_w.l(libspace.o)
    0x08000430   0x0000004a   Code   RO         4659    .text               c_w.l(sys_stackheap_outer.o)
    0x0800047a   0x0000000c   Code   RO         4661    .text               c_w.l(exit.o)
    0x08000486   0x00000002   PAD
    0x08000488   0x0000000c   Code   RO         4731    .text               c_w.l(sys_exit.o)
    0x08000494   0x00000002   Code   RO         4742    .text               c_w.l(use_no_semi.o)
    0x08000496   0x00000000   Code   RO         4744    .text               c_w.l(indicate_semi.o)
    0x08000496   0x00000004   Code   RO         1471    i.BusFault_Handler  stm32f10x_it.o
    0x0800049a   0x00000002   PAD
    0x0800049c   0x00000038   Code   RO          146    i.CRC16             radio.o
    0x080004d4   0x00000002   Code   RO         1472    i.DebugMon_Handler  stm32f10x_it.o
    0x080004d6   0x00000002   PAD
    0x080004d8   0x0000000c   Code   RO         2419    i.FLASH_ClearFlag   stm32f10x_flash.o
    0x080004e4   0x0000004c   Code   RO         2424    i.FLASH_ErasePage   stm32f10x_flash.o
    0x08000530   0x00000034   Code   RO         2425    i.FLASH_GetBank1Status  stm32f10x_flash.o
    0x08000564   0x00000014   Code   RO         2434    i.FLASH_Lock        stm32f10x_flash.o
    0x08000578   0x0000001c   Code   RO         2436    i.FLASH_PrefetchBufferCmd  stm32f10x_flash.o
    0x08000594   0x00000040   Code   RO         2437    i.FLASH_ProgramHalfWord  stm32f10x_flash.o
    0x080005d4   0x0000002c   Code   RO         1191    i.FLASH_ReadByte    flash.o
    0x08000600   0x00000018   Code   RO         2441    i.FLASH_SetLatency  stm32f10x_flash.o
    0x08000618   0x00000018   Code   RO         2442    i.FLASH_Unlock      stm32f10x_flash.o
    0x08000630   0x00000026   Code   RO         2446    i.FLASH_WaitForLastOperation  stm32f10x_flash.o
    0x08000656   0x00000066   Code   RO         1192    i.FLASH_WriteByte   flash.o
    0x080006bc   0x00000038   Code   RO         1193    i.FlashCrc          flash.o
    0x080006f4   0x00000116   Code   RO         2719    i.GPIO_Init         stm32f10x_gpio.o
    0x0800080a   0x00000012   Code   RO         2723    i.GPIO_ReadInputDataBit  stm32f10x_gpio.o
    0x0800081c   0x00000004   Code   RO         2726    i.GPIO_ResetBits    stm32f10x_gpio.o
    0x08000820   0x00000004   Code   RO         2727    i.GPIO_SetBits      stm32f10x_gpio.o
    0x08000824   0x00000048   Code   RO          785    i.GetLoRaSNR        sx1276-lora.o
    0x0800086c   0x000000bc   Code   RO          786    i.GetPackLoRaRSSI   sx1276-lora.o
    0x08000928   0x00000004   Code   RO         1473    i.HardFault_Handler  stm32f10x_it.o
    0x0800092c   0x00000038   Code   RO         1345    i.Init485EnPin      usart.o
    0x08000964   0x00000080   Code   RO         1237    i.InitSystem1msInt  sys1msinit.o
    0x080009e4   0x00000034   Code   RO         1441    i.LedInit           led.o
    0x08000a18   0x0000000c   Code   RO          787    i.LoRaFreqSet       sx1276-lora.o
    0x08000a24   0x000000cc   Code   RO          788    i.LoRaRxDataRead    sx1276-lora.o
    0x08000af0   0x000000b4   Code   RO          789    i.LoRaRxStateEnter  sx1276-lora.o
    0x08000ba4   0x000000f8   Code   RO          790    i.LoRaTxData        sx1276-lora.o
    0x08000c9c   0x00000020   Code   RO          791    i.LoRaTxPower       sx1276-lora.o
    0x08000cbc   0x00000004   Code   RO         1474    i.MemManage_Handler  stm32f10x_it.o
    0x08000cc0   0x00000002   Code   RO         1475    i.NMI_Handler       stm32f10x_it.o
    0x08000cc2   0x00000016   Code   RO         1429    i.NVIC_Configuration  sys.o
    0x08000cd8   0x00000070   Code   RO         1568    i.NVIC_Init         misc.o
    0x08000d48   0x00000014   Code   RO         1569    i.NVIC_PriorityGroupConfig  misc.o
    0x08000d5c   0x00000014   Code   RO         1570    i.NVIC_SetVectorTable  misc.o
    0x08000d70   0x00000002   Code   RO         1476    i.PendSV_Handler    stm32f10x_it.o
    0x08000d72   0x00000002   PAD
    0x08000d74   0x00000030   Code   RO         1267    i.PowerKeyInit      sx1278init.o
    0x08000da4   0x00000014   Code   RO         1268    i.Power_Deselect    sx1278init.o
    0x08000db8   0x00000014   Code   RO         1269    i.Power_Select      sx1278init.o
    0x08000dcc   0x00000020   Code   RO         3135    i.RCC_APB1PeriphClockCmd  stm32f10x_rcc.o
    0x08000dec   0x00000020   Code   RO         3136    i.RCC_APB1PeriphResetCmd  stm32f10x_rcc.o
    0x08000e0c   0x00000020   Code   RO         3137    i.RCC_APB2PeriphClockCmd  stm32f10x_rcc.o
    0x08000e2c   0x00000020   Code   RO         3138    i.RCC_APB2PeriphResetCmd  stm32f10x_rcc.o
    0x08000e4c   0x00000068   Code   RO         1238    i.RCC_Configuration  sys1msinit.o
    0x08000eb4   0x0000004c   Code   RO         3144    i.RCC_DeInit        stm32f10x_rcc.o
    0x08000f00   0x000000d4   Code   RO         3145    i.RCC_GetClocksFreq  stm32f10x_rcc.o
    0x08000fd4   0x0000003c   Code   RO         3146    i.RCC_GetFlagStatus  stm32f10x_rcc.o
    0x08001010   0x00000010   Code   RO         3148    i.RCC_GetSYSCLKSource  stm32f10x_rcc.o
    0x08001020   0x00000018   Code   RO         3149    i.RCC_HCLKConfig    stm32f10x_rcc.o
    0x08001038   0x0000004c   Code   RO         3150    i.RCC_HSEConfig     stm32f10x_rcc.o
    0x08001084   0x00000018   Code   RO         3156    i.RCC_PCLK1Config   stm32f10x_rcc.o
    0x0800109c   0x00000018   Code   RO         3157    i.RCC_PCLK2Config   stm32f10x_rcc.o
    0x080010b4   0x0000000c   Code   RO         3158    i.RCC_PLLCmd        stm32f10x_rcc.o
    0x080010c0   0x0000001c   Code   RO         3159    i.RCC_PLLConfig     stm32f10x_rcc.o
    0x080010dc   0x00000018   Code   RO         3162    i.RCC_SYSCLKConfig  stm32f10x_rcc.o
    0x080010f4   0x00000038   Code   RO         3164    i.RCC_WaitForHSEStartUp  stm32f10x_rcc.o
    0x0800112c   0x000000ac   Code   RO          147    i.RFRcvDataAnalysis  radio.o
    0x080011d8   0x0000008c   Code   RO          148    i.RadioDriverInit   radio.o
    0x08001264   0x00000010   Code   RO         1270    i.SPI_CS_Deselect   sx1278init.o
    0x08001274   0x00000010   Code   RO         1271    i.SPI_CS_Select     sx1278init.o
    0x08001284   0x00000018   Code   RO         3614    i.SPI_Cmd           stm32f10x_spi.o
    0x0800129c   0x0000006c   Code   RO         1272    i.SPI_Configuration  sx1278init.o
    0x08001308   0x00000044   Code   RO         1273    i.SPI_GPIO_Configuration  sx1278init.o
    0x0800134c   0x0000003c   Code   RO         3627    i.SPI_Init          stm32f10x_spi.o
    0x08001388   0x00000030   Code   RO         1274    i.SPI_ReadByte      sx1278init.o
    0x080013b8   0x00000018   Code   RO         3629    i.SPI_SSOutputCmd   stm32f10x_spi.o
    0x080013d0   0x0000002c   Code   RO         1275    i.SPI_WriteByte     sx1278init.o
    0x080013fc   0x00000002   Code   RO         1477    i.SVC_Handler       stm32f10x_it.o
    0x080013fe   0x00000008   Code   RO          183    i.SX1276Dio0State   sx1276.o
    0x08001406   0x00000002   PAD
    0x08001408   0x00000018   Code   RO          184    i.SX1276FreqSet     sx1276.o
    0x08001420   0x0000000c   Code   RO          356    i.SX1276FskGetPacketRssi  sx1276-fsk.o
    0x0800142c   0x00000028   Code   RO          359    i.SX1276FskGetRxPacket  sx1276-fsk.o
    0x08001454   0x00000524   Code   RO          361    i.SX1276FskProcess  sx1276-fsk.o
    0x08001978   0x00000050   Code   RO          362    i.SX1276FskReadAfc  sx1276-fsk.o
    0x080019c8   0x00000030   Code   RO          364    i.SX1276FskReadRssi  sx1276-fsk.o
    0x080019f8   0x0000001c   Code   RO          365    i.SX1276FskReadRxGain  sx1276-fsk.o
    0x08001a14   0x00000060   Code   RO          367    i.SX1276FskSetOpMode  sx1276-fsk.o
    0x08001a74   0x0000000c   Code   RO          368    i.SX1276FskSetRFState  sx1276-fsk.o
    0x08001a80   0x00000028   Code   RO          369    i.SX1276FskSetTxPacket  sx1276-fsk.o
    0x08001aa8   0x00000018   Code   RO          188    i.SX1276GetPacketRssi  sx1276.o
    0x08001ac0   0x00000018   Code   RO          190    i.SX1276GetPacketSnr  sx1276.o
    0x08001ad8   0x00000024   Code   RO          192    i.SX1276GetRxPacket  sx1276.o
    0x08001afc   0x00000098   Code   RO          193    i.SX1276Init        sx1276.o
    0x08001b94   0x00000028   Code   RO          797    i.SX1276LoRaGetRxPacket  sx1276-lora.o
    0x08001bbc   0x000000e4   Code   RO          798    i.SX1276LoRaInit    sx1276-lora.o
    0x08001ca0   0x000006a0   Code   RO          799    i.SX1276LoRaProcess  sx1276-lora.o
    0x08002340   0x00000048   Code   RO          800    i.SX1276LoRaReadRssi  sx1276-lora.o
    0x08002388   0x0000001c   Code   RO          801    i.SX1276LoRaReadRxGain  sx1276-lora.o
    0x080023a4   0x00000014   Code   RO          803    i.SX1276LoRaSetDefaults  sx1276-lora.o
    0x080023b8   0x00000040   Code   RO          960    i.SX1276LoRaSetErrorCoding  sx1276-loramisc.o
    0x080023f8   0x0000003c   Code   RO          963    i.SX1276LoRaSetImplicitHeaderOn  sx1276-loramisc.o
    0x08002434   0x0000003c   Code   RO          964    i.SX1276LoRaSetLowDatarateOptimize  sx1276-loramisc.o
    0x08002470   0x0000003c   Code   RO          965    i.SX1276LoRaSetNbTrigPeaks  sx1276-loramisc.o
    0x080024ac   0x00000060   Code   RO          804    i.SX1276LoRaSetOpMode  sx1276-lora.o
    0x0800250c   0x00000034   Code   RO          966    i.SX1276LoRaSetPAOutput  sx1276-loramisc.o
    0x08002540   0x00000058   Code   RO          967    i.SX1276LoRaSetPa20dBm  sx1276-loramisc.o
    0x08002598   0x00000040   Code   RO          969    i.SX1276LoRaSetPacketCrcOn  sx1276-loramisc.o
    0x080025d8   0x00000028   Code   RO          970    i.SX1276LoRaSetPayloadLength  sx1276-loramisc.o
    0x08002600   0x00000058   Code   RO          972    i.SX1276LoRaSetRFFrequency  sx1276-loramisc.o
    0x08002658   0x00000104   Code   RO          973    i.SX1276LoRaSetRFPower  sx1276-loramisc.o
    0x0800275c   0x0000000c   Code   RO          805    i.SX1276LoRaSetRFState  sx1276-lora.o
    0x08002768   0x0000003c   Code   RO          976    i.SX1276LoRaSetSignalBandwidth  sx1276-loramisc.o
    0x080027a4   0x0000005c   Code   RO          977    i.SX1276LoRaSetSpreadingFactor  sx1276-loramisc.o
    0x08002800   0x00000048   Code   RO          978    i.SX1276LoRaSetSymbTimeout  sx1276-loramisc.o
    0x08002848   0x0000003c   Code   RO          806    i.SX1276LoRaSetTxPacket  sx1276-lora.o
    0x08002884   0x00000018   Code   RO          194    i.SX1276Process     sx1276.o
    0x0800289c   0x00000012   Code   RO          689    i.SX1276Read        sx1276-hal.o
    0x080028ae   0x00000030   Code   RO          690    i.SX1276ReadBuffer  sx1276-hal.o
    0x080028de   0x00000002   PAD
    0x080028e0   0x00000018   Code   RO          691    i.SX1276ReadDio0    sx1276-hal.o
    0x080028f8   0x00000004   Code   RO          692    i.SX1276ReadDio1    sx1276-hal.o
    0x080028fc   0x00000004   Code   RO          693    i.SX1276ReadDio2    sx1276-hal.o
    0x08002900   0x00000004   Code   RO          694    i.SX1276ReadDio3    sx1276-hal.o
    0x08002904   0x00000004   Code   RO          695    i.SX1276ReadDio4    sx1276-hal.o
    0x08002908   0x00000012   Code   RO          697    i.SX1276ReadFifo    sx1276-hal.o
    0x0800291a   0x00000002   PAD
    0x0800291c   0x00000018   Code   RO          195    i.SX1276ReadRssi    sx1276.o
    0x08002934   0x0000001c   Code   RO          197    i.SX1276Reset       sx1276.o
    0x08002950   0x0000001c   Code   RO          198    i.SX1276RxDataRead  sx1276.o
    0x0800296c   0x00000014   Code   RO          199    i.SX1276RxStateEnter  sx1276.o
    0x08002980   0x000000bc   Code   RO          200    i.SX1276SetLoRaOn   sx1276.o
    0x08002a3c   0x00000020   Code   RO          201    i.SX1276SetOpMode   sx1276.o
    0x08002a5c   0x00000014   Code   RO          698    i.SX1276SetReset    sx1276-hal.o
    0x08002a70   0x00000024   Code   RO          203    i.SX1276SetTxPacket  sx1276.o
    0x08002a94   0x0000001c   Code   RO          204    i.SX1276StartRx     sx1276.o
    0x08002ab0   0x00000024   Code   RO          205    i.SX1276TxData      sx1276.o
    0x08002ad4   0x00000018   Code   RO          206    i.SX1276TxPower     sx1276.o
    0x08002aec   0x00000010   Code   RO          699    i.SX1276Write       sx1276-hal.o
    0x08002afc   0x00000030   Code   RO          700    i.SX1276WriteBuffer  sx1276-hal.o
    0x08002b2c   0x00000012   Code   RO          701    i.SX1276WriteFifo   sx1276-hal.o
    0x08002b3e   0x00000008   Code   RO         1534    i.SetSysClock       system_stm32f10x.o
    0x08002b46   0x00000002   PAD
    0x08002b48   0x000000e0   Code   RO         1535    i.SetSysClockTo72   system_stm32f10x.o
    0x08002c28   0x0000000c   Code   RO         1276    i.Spi_GpioInit      sx1278init.o
    0x08002c34   0x0000002c   Code   RO         1277    i.Sx1276RecvPinInit  sx1278init.o
    0x08002c60   0x00000014   Code   RO         1278    i.Sx1278Init        sx1278init.o
    0x08002c74   0x00000002   Code   RO         1478    i.SysTick_Handler   stm32f10x_it.o
    0x08002c76   0x00000002   PAD
    0x08002c78   0x00000060   Code   RO         1537    i.SystemInit        system_stm32f10x.o
    0x08002cd8   0x0000001a   Code   RO         1239    i.TIM2_IRQHandler   sys1msinit.o
    0x08002cf2   0x00000018   Code   RO         3757    i.TIM_ARRPreloadConfig  stm32f10x_tim.o
    0x08002d0a   0x00000006   Code   RO         3763    i.TIM_ClearFlag     stm32f10x_tim.o
    0x08002d10   0x00000006   Code   RO         3764    i.TIM_ClearITPendingBit  stm32f10x_tim.o
    0x08002d16   0x00000018   Code   RO         3769    i.TIM_Cmd           stm32f10x_tim.o
    0x08002d2e   0x00000002   PAD
    0x08002d30   0x000001e8   Code   RO         3774    i.TIM_DeInit        stm32f10x_tim.o
    0x08002f18   0x00000022   Code   RO         3790    i.TIM_GetITStatus   stm32f10x_tim.o
    0x08002f3a   0x00000012   Code   RO         3794    i.TIM_ITConfig      stm32f10x_tim.o
    0x08002f4c   0x0000000c   Code   RO         3796    i.TIM_InternalClockConfig  stm32f10x_tim.o
    0x08002f58   0x000000a4   Code   RO         3840    i.TIM_TimeBaseInit  stm32f10x_tim.o
    0x08002ffc   0x00000108   Code   RO         1346    i.USART3_IRQHandler  usart.o
    0x08003104   0x00000012   Code   RO         4301    i.USART_ClearFlag   stm32f10x_usart.o
    0x08003116   0x0000001e   Code   RO         4302    i.USART_ClearITPendingBit  stm32f10x_usart.o
    0x08003134   0x00000018   Code   RO         4305    i.USART_Cmd         stm32f10x_usart.o
    0x0800314c   0x0000001a   Code   RO         4308    i.USART_GetFlagStatus  stm32f10x_usart.o
    0x08003166   0x00000054   Code   RO         4309    i.USART_GetITStatus  stm32f10x_usart.o
    0x080031ba   0x0000004a   Code   RO         4311    i.USART_ITConfig    stm32f10x_usart.o
    0x08003204   0x000000d8   Code   RO         4312    i.USART_Init        stm32f10x_usart.o
    0x080032dc   0x0000000a   Code   RO         4319    i.USART_ReceiveData  stm32f10x_usart.o
    0x080032e6   0x00000008   Code   RO         4322    i.USART_SendData    stm32f10x_usart.o
    0x080032ee   0x00000002   PAD
    0x080032f0   0x000001ec   Code   RO         1347    i.UartDataAnalysis  usart.o
    0x080034dc   0x00000038   Code   RO         1348    i.UartInit          usart.o
    0x08003514   0x000000c8   Code   RO         1349    i.UartParameterConfig  usart.o
    0x080035dc   0x0000004c   Code   RO         1350    i.UartPinConfig     usart.o
    0x08003628   0x00000050   Code   RO         1351    i.UartPowerSend     usart.o
    0x08003678   0x00000022   Code   RO         1352    i.UartPriorityConfig  usart.o
    0x0800369a   0x00000002   PAD
    0x0800369c   0x00000034   Code   RO         1240    i.UartRcvTimeOut    sys1msinit.o
    0x080036d0   0x0000003c   Code   RO         1353    i.UartSend          usart.o
    0x0800370c   0x00000048   Code   RO         1354    i.UartSetAnswer     usart.o
    0x08003754   0x0000013c   Code   RO         1355    i.UartSetDisplay    usart.o
    0x08003890   0x00000004   Code   RO         1479    i.UsageFault_Handler  stm32f10x_it.o
    0x08003894   0x0000001c   Code   RO          703    i.dellayxm          sx1276-hal.o
    0x080038b0   0x00000174   Code   RO            1    i.main              main.o
    0x08003a24   0x00000150   Code   RO         4549    x$fpl$dadd          fz_ws.l(daddsub_clz.o)
    0x08003b74   0x000002b0   Code   RO         4556    x$fpl$ddiv          fz_ws.l(ddiv.o)
    0x08003e24   0x0000005e   Code   RO         4559    x$fpl$dfix          fz_ws.l(dfix.o)
    0x08003e82   0x00000002   PAD
    0x08003e84   0x0000005a   Code   RO         4563    x$fpl$dfixu         fz_ws.l(dfixu.o)
    0x08003ede   0x0000002e   Code   RO         4568    x$fpl$dflt          fz_ws.l(dflt_clz.o)
    0x08003f0c   0x00000026   Code   RO         4567    x$fpl$dfltu         fz_ws.l(dflt_clz.o)
    0x08003f32   0x00000002   PAD
    0x08003f34   0x00000154   Code   RO         4575    x$fpl$dmul          fz_ws.l(dmul.o)
    0x08004088   0x0000009c   Code   RO         4596    x$fpl$dnaninf       fz_ws.l(dnaninf.o)
    0x08004124   0x0000000c   Code   RO         4598    x$fpl$dretinf       fz_ws.l(dretinf.o)
    0x08004130   0x000001d4   Code   RO         4551    x$fpl$dsub          fz_ws.l(daddsub_clz.o)
    0x08004304   0x00000000   Code   RO         4604    x$fpl$usenofp       fz_ws.l(usenofp.o)
    0x08004304   0x00000004   PAD
    0x08004308   0x000001bc   Data   RO          809    .constdata          sx1276-lora.o
    0x080044c4   0x00000020   Data   RO         4796    Region$$Table       anon$$obj.o
    0x080044e4   0x00000b1c   PAD
    0x08005000   0x00000018   Data   RO            2    .ARM.__AT_0x08005000  main.o


    Execution Region RW_IRAM1 (Base: 0x20000000, Size: 0x00001e78, Max: 0x0000c000, ABSOLUTE, COMPRESSED[0x00000198])

    Base Addr    Size         Type   Attr      Idx    E Section Name        Object

    0x20000000   0x00000015   Data   RW            4    .data               main.o
    0x20000015   0x00000200   Data   RW          150    .data               radio.o
    0x20000215   0x00000003   PAD
    0x20000218   0x00000008   Data   RW          208    .data               sx1276.o
    0x20000220   0x0000005a   Data   RW          372    .data               sx1276-fsk.o
    0x2000027a   0x00000006   PAD
    0x20000280   0x00000040   Data   RW          810    .data               sx1276-lora.o
    0x200002c0   0x00000052   Data   RW         1357    .data               usart.o
    0x20000312   0x00000014   Data   RW         3165    .data               stm32f10x_rcc.o
    0x20000326   0x00000002   PAD
    0x20000328   0x00000414   Zero   RW            3    .bss                main.o
    0x2000073c   0x00000040   Zero   RW          149    .bss                radio.o
    0x2000077c   0x00000070   Zero   RW          207    .bss                sx1276.o
    0x200007ec   0x00000100   Zero   RW          371    .bss                sx1276-fsk.o
    0x200008ec   0x00000100   Zero   RW          808    .bss                sx1276-lora.o
    0x200009ec   0x00000225   Zero   RW         1356    .bss                usart.o
    0x20000c11   0x00000003   PAD
    0x20000c14   0x00000060   Zero   RW         4657    .bss                c_w.l(libspace.o)
    0x20000c74   0x00000004   PAD
    0x20000c78   0x00000200   Zero   RW         1465    HEAP                startup_stm32f10x_hd.o
    0x20000e78   0x00001000   Zero   RW         1464    STACK               startup_stm32f10x_hd.o


==============================================================================

Image component sizes


      Code (inc. data)   RO Data    RW Data    ZI Data      Debug   Object Name

         0          0          0          0          0         32   core_cm3.o
       202          8          0          0          0       2075   flash.o
        52          6          0          0          0        442   led.o
       372         52         24         21       1044     285322   main.o
       152         30          0          0          0       2145   misc.o
       368        102          0        512         64       2394   radio.o
        64         26        304          0       4608        796   startup_stm32f10x_hd.o
       338         48          0          0          0       5105   stm32f10x_flash.o
       304          0          0          0          0       3724   stm32f10x_gpio.o
        26          0          0          0          0       3774   stm32f10x_it.o
       760        104          0         20          0      11836   stm32f10x_rcc.o
       108          0          0          0          0       2747   stm32f10x_spi.o
       776        106          0          0          0       6080   stm32f10x_tim.o
       490          6          0          0          0       7457   stm32f10x_usart.o
      1672        178          0         90        256      33727   sx1276-fsk.o
       254          6          0          0          0       7074   sx1276-hal.o
      3188        294        444         64        256      24807   sx1276-lora.o
      1060        102          0          0          0       6799   sx1276-loramisc.o
       736        122          0          8        112       8928   sx1276.o
       464         54          0          0          0       5684   sx1278init.o
        22          0          0          0          0        421   sys.o
       310          8          0          0          0       1962   sys1msinit.o
       328         28          0          0          0       1849   system_stm32f10x.o
      1706        256          0         82        549       8421   usart.o

    ----------------------------------------------------------------------
     13774       1536       3648        808       6892     433601   Object Totals
         0          0         32          0          0          0   (incl. Generated)
        22          0       2844         11          3          0   (incl. Padding)

    ----------------------------------------------------------------------

      Code (inc. data)   RO Data    RW Data    ZI Data      Debug   Library Member Name

        90          0          0          0          0          0   __dczerorl2.o
         8          0          0          0          0         68   __main.o
         0          0          0          0          0          0   __rtentry.o
        12          0          0          0          0          0   __rtentry2.o
         6          0          0          0          0          0   __rtentry4.o
        52          8          0          0          0          0   __scatter.o
        28          0          0          0          0          0   __scatter_zi.o
        12          0          0          0          0         72   exit.o
         6          0          0          0          0        152   heapauxi.o
         0          0          0          0          0          0   indicate_semi.o
         2          0          0          0          0          0   libinit.o
         2          0          0          0          0          0   libinit2.o
         2          0          0          0          0          0   libshutdown.o
         2          0          0          0          0          0   libshutdown2.o
         8          4          0          0         96         68   libspace.o
        68          0          0          0          0         68   rt_memclr.o
        78          0          0          0          0         80   rt_memclr_w.o
       138          0          0          0          0         68   rt_memcpy_v6.o
       100          0          0          0          0         80   rt_memcpy_w.o
         2          0          0          0          0          0   rtexit.o
        10          0          0          0          0          0   rtexit2.o
        24          0          0          0          0         68   strcat.o
        62          0          0          0          0         76   strlen.o
        12          4          0          0          0         68   sys_exit.o
        74          0          0          0          0         80   sys_stackheap_outer.o
         2          0          0          0          0         68   use_no_semi.o
       804         16          0          0          0        272   daddsub_clz.o
       688        140          0          0          0        208   ddiv.o
        94          4          0          0          0         92   dfix.o
        90          4          0          0          0         92   dfixu.o
        84          0          0          0          0        136   dflt_clz.o
       340         12          0          0          0        104   dmul.o
       156          4          0          0          0         92   dnaninf.o
        12          0          0          0          0         68   dretinf.o
         0          0          0          0          0          0   usenofp.o

    ----------------------------------------------------------------------
      3082        196          0          0        100       2080   Library Totals
        14          0          0          0          4          0   (incl. Padding)

    ----------------------------------------------------------------------

      Code (inc. data)   RO Data    RW Data    ZI Data      Debug   Library Name

       800         16          0          0         96       1016   c_w.l
      2268        180          0          0          0       1064   fz_ws.l

    ----------------------------------------------------------------------
      3082        196          0          0        100       2080   Library Totals

    ----------------------------------------------------------------------

==============================================================================


      Code (inc. data)   RO Data    RW Data    ZI Data      Debug   

     16856       1732       3648        808       6992     426161   Grand Totals
     16856       1732       3648        408       6992     426161   ELF Image Totals (compressed)
     16856       1732       3648        408          0          0   ROM Totals

==============================================================================

    Total RO  Size (Code + RO Data)                20504 (  20.02kB)
    Total RW  Size (RW Data + ZI Data)              7800 (   7.62kB)
    Total ROM Size (Code + RO Data + RW Data)      20912 (  20.42kB)

==============================================================================

