<!doctype html public "-//w3c//dtd html 4.0 transitional//en">
<html><head>
<title>Static Call Graph - [.\Objects\AnylinkMINI.axf]</title></head>
<body><HR>
<H1>Static Call Graph for image .\Objects\AnylinkMINI.axf</H1><HR>
<BR><P>#&#060CALLGRAPH&#062# ARM Linker, 5050106: Last Updated: Mon Mar 21 17:58:31 2016
<BR><P>
<H3>Maximum Stack Usage =        140 bytes + Unknown(Functions without stacksize, Cycles, Untraceable Function Pointers)</H3><H3>
Call chain for Maximum Stack Depth:</H3>
__rt_entry_main &rArr; main &rArr; UartInit &rArr; UartParameterConfig &rArr; USART_Init &rArr; RCC_GetClocksFreq
<P>
<H3>
Functions with no stack information
</H3><UL>
 <LI><a href="#[6f]">__user_initial_stackheap</a>
</UL>
</UL>
<P>
<H3>
Mutually Recursive functions
</H3> <LI><a href="#[1f]">ADC1_2_IRQHandler</a>&nbsp;&nbsp;&nbsp;&rArr;&nbsp;&nbsp;&nbsp;<a href="#[1f]">ADC1_2_IRQHandler</a><BR>
</UL>
<P>
<H3>
Function Pointers
</H3><UL>
 <LI><a href="#[1f]">ADC1_2_IRQHandler</a> from startup_stm32f10x_hd.o(.text) referenced from startup_stm32f10x_hd.o(RESET)
 <LI><a href="#[3c]">ADC3_IRQHandler</a> from startup_stm32f10x_hd.o(.text) referenced from startup_stm32f10x_hd.o(RESET)
 <LI><a href="#[7]">BusFault_Handler</a> from stm32f10x_it.o(i.BusFault_Handler) referenced from startup_stm32f10x_hd.o(RESET)
 <LI><a href="#[22]">CAN1_RX1_IRQHandler</a> from startup_stm32f10x_hd.o(.text) referenced from startup_stm32f10x_hd.o(RESET)
 <LI><a href="#[23]">CAN1_SCE_IRQHandler</a> from startup_stm32f10x_hd.o(.text) referenced from startup_stm32f10x_hd.o(RESET)
 <LI><a href="#[18]">DMA1_Channel1_IRQHandler</a> from startup_stm32f10x_hd.o(.text) referenced from startup_stm32f10x_hd.o(RESET)
 <LI><a href="#[19]">DMA1_Channel2_IRQHandler</a> from startup_stm32f10x_hd.o(.text) referenced from startup_stm32f10x_hd.o(RESET)
 <LI><a href="#[1a]">DMA1_Channel3_IRQHandler</a> from startup_stm32f10x_hd.o(.text) referenced from startup_stm32f10x_hd.o(RESET)
 <LI><a href="#[1b]">DMA1_Channel4_IRQHandler</a> from startup_stm32f10x_hd.o(.text) referenced from startup_stm32f10x_hd.o(RESET)
 <LI><a href="#[1c]">DMA1_Channel5_IRQHandler</a> from startup_stm32f10x_hd.o(.text) referenced from startup_stm32f10x_hd.o(RESET)
 <LI><a href="#[1d]">DMA1_Channel6_IRQHandler</a> from startup_stm32f10x_hd.o(.text) referenced from startup_stm32f10x_hd.o(RESET)
 <LI><a href="#[1e]">DMA1_Channel7_IRQHandler</a> from startup_stm32f10x_hd.o(.text) referenced from startup_stm32f10x_hd.o(RESET)
 <LI><a href="#[45]">DMA2_Channel1_IRQHandler</a> from startup_stm32f10x_hd.o(.text) referenced from startup_stm32f10x_hd.o(RESET)
 <LI><a href="#[46]">DMA2_Channel2_IRQHandler</a> from startup_stm32f10x_hd.o(.text) referenced from startup_stm32f10x_hd.o(RESET)
 <LI><a href="#[47]">DMA2_Channel3_IRQHandler</a> from startup_stm32f10x_hd.o(.text) referenced from startup_stm32f10x_hd.o(RESET)
 <LI><a href="#[48]">DMA2_Channel4_5_IRQHandler</a> from startup_stm32f10x_hd.o(.text) referenced from startup_stm32f10x_hd.o(RESET)
 <LI><a href="#[a]">DebugMon_Handler</a> from stm32f10x_it.o(i.DebugMon_Handler) referenced from startup_stm32f10x_hd.o(RESET)
 <LI><a href="#[13]">EXTI0_IRQHandler</a> from startup_stm32f10x_hd.o(.text) referenced from startup_stm32f10x_hd.o(RESET)
 <LI><a href="#[35]">EXTI15_10_IRQHandler</a> from startup_stm32f10x_hd.o(.text) referenced from startup_stm32f10x_hd.o(RESET)
 <LI><a href="#[14]">EXTI1_IRQHandler</a> from startup_stm32f10x_hd.o(.text) referenced from startup_stm32f10x_hd.o(RESET)
 <LI><a href="#[15]">EXTI2_IRQHandler</a> from startup_stm32f10x_hd.o(.text) referenced from startup_stm32f10x_hd.o(RESET)
 <LI><a href="#[16]">EXTI3_IRQHandler</a> from startup_stm32f10x_hd.o(.text) referenced from startup_stm32f10x_hd.o(RESET)
 <LI><a href="#[17]">EXTI4_IRQHandler</a> from startup_stm32f10x_hd.o(.text) referenced from startup_stm32f10x_hd.o(RESET)
 <LI><a href="#[24]">EXTI9_5_IRQHandler</a> from startup_stm32f10x_hd.o(.text) referenced from startup_stm32f10x_hd.o(RESET)
 <LI><a href="#[11]">FLASH_IRQHandler</a> from startup_stm32f10x_hd.o(.text) referenced from startup_stm32f10x_hd.o(RESET)
 <LI><a href="#[3d]">FSMC_IRQHandler</a> from startup_stm32f10x_hd.o(.text) referenced from startup_stm32f10x_hd.o(RESET)
 <LI><a href="#[5]">HardFault_Handler</a> from stm32f10x_it.o(i.HardFault_Handler) referenced from startup_stm32f10x_hd.o(RESET)
 <LI><a href="#[2d]">I2C1_ER_IRQHandler</a> from startup_stm32f10x_hd.o(.text) referenced from startup_stm32f10x_hd.o(RESET)
 <LI><a href="#[2c]">I2C1_EV_IRQHandler</a> from startup_stm32f10x_hd.o(.text) referenced from startup_stm32f10x_hd.o(RESET)
 <LI><a href="#[2f]">I2C2_ER_IRQHandler</a> from startup_stm32f10x_hd.o(.text) referenced from startup_stm32f10x_hd.o(RESET)
 <LI><a href="#[2e]">I2C2_EV_IRQHandler</a> from startup_stm32f10x_hd.o(.text) referenced from startup_stm32f10x_hd.o(RESET)
 <LI><a href="#[6]">MemManage_Handler</a> from stm32f10x_it.o(i.MemManage_Handler) referenced from startup_stm32f10x_hd.o(RESET)
 <LI><a href="#[4]">NMI_Handler</a> from stm32f10x_it.o(i.NMI_Handler) referenced from startup_stm32f10x_hd.o(RESET)
 <LI><a href="#[e]">PVD_IRQHandler</a> from startup_stm32f10x_hd.o(.text) referenced from startup_stm32f10x_hd.o(RESET)
 <LI><a href="#[b]">PendSV_Handler</a> from stm32f10x_it.o(i.PendSV_Handler) referenced from startup_stm32f10x_hd.o(RESET)
 <LI><a href="#[12]">RCC_IRQHandler</a> from startup_stm32f10x_hd.o(.text) referenced from startup_stm32f10x_hd.o(RESET)
 <LI><a href="#[36]">RTCAlarm_IRQHandler</a> from startup_stm32f10x_hd.o(.text) referenced from startup_stm32f10x_hd.o(RESET)
 <LI><a href="#[10]">RTC_IRQHandler</a> from startup_stm32f10x_hd.o(.text) referenced from startup_stm32f10x_hd.o(RESET)
 <LI><a href="#[3]">Reset_Handler</a> from startup_stm32f10x_hd.o(.text) referenced from startup_stm32f10x_hd.o(RESET)
 <LI><a href="#[3e]">SDIO_IRQHandler</a> from startup_stm32f10x_hd.o(.text) referenced from startup_stm32f10x_hd.o(RESET)
 <LI><a href="#[30]">SPI1_IRQHandler</a> from startup_stm32f10x_hd.o(.text) referenced from startup_stm32f10x_hd.o(RESET)
 <LI><a href="#[31]">SPI2_IRQHandler</a> from startup_stm32f10x_hd.o(.text) referenced from startup_stm32f10x_hd.o(RESET)
 <LI><a href="#[40]">SPI3_IRQHandler</a> from startup_stm32f10x_hd.o(.text) referenced from startup_stm32f10x_hd.o(RESET)
 <LI><a href="#[9]">SVC_Handler</a> from stm32f10x_it.o(i.SVC_Handler) referenced from startup_stm32f10x_hd.o(RESET)
 <LI><a href="#[51]">SX1276Dio0State</a> from sx1276.o(i.SX1276Dio0State) referenced from radio.o(i.RadioDriverInit)
 <LI><a href="#[59]">SX1276FreqSet</a> from sx1276.o(i.SX1276FreqSet) referenced from radio.o(i.RadioDriverInit)
 <LI><a href="#[53]">SX1276GetPacketRssi</a> from sx1276.o(i.SX1276GetPacketRssi) referenced from radio.o(i.RadioDriverInit)
 <LI><a href="#[52]">SX1276GetPacketSnr</a> from sx1276.o(i.SX1276GetPacketSnr) referenced from radio.o(i.RadioDriverInit)
 <LI><a href="#[4e]">SX1276GetRxPacket</a> from sx1276.o(i.SX1276GetRxPacket) referenced from radio.o(i.RadioDriverInit)
 <LI><a href="#[4b]">SX1276Init</a> from sx1276.o(i.SX1276Init) referenced from radio.o(i.RadioDriverInit)
 <LI><a href="#[50]">SX1276Process</a> from sx1276.o(i.SX1276Process) referenced from radio.o(i.RadioDriverInit)
 <LI><a href="#[54]">SX1276ReadRssi</a> from sx1276.o(i.SX1276ReadRssi) referenced from radio.o(i.RadioDriverInit)
 <LI><a href="#[4c]">SX1276Reset</a> from sx1276.o(i.SX1276Reset) referenced from radio.o(i.RadioDriverInit)
 <LI><a href="#[56]">SX1276RxDataRead</a> from sx1276.o(i.SX1276RxDataRead) referenced from radio.o(i.RadioDriverInit)
 <LI><a href="#[55]">SX1276RxStateEnter</a> from sx1276.o(i.SX1276RxStateEnter) referenced from radio.o(i.RadioDriverInit)
 <LI><a href="#[5a]">SX1276SetOpMode</a> from sx1276.o(i.SX1276SetOpMode) referenced from radio.o(i.RadioDriverInit)
 <LI><a href="#[4f]">SX1276SetTxPacket</a> from sx1276.o(i.SX1276SetTxPacket) referenced from radio.o(i.RadioDriverInit)
 <LI><a href="#[4d]">SX1276StartRx</a> from sx1276.o(i.SX1276StartRx) referenced from radio.o(i.RadioDriverInit)
 <LI><a href="#[57]">SX1276TxData</a> from sx1276.o(i.SX1276TxData) referenced from radio.o(i.RadioDriverInit)
 <LI><a href="#[58]">SX1276TxPower</a> from sx1276.o(i.SX1276TxPower) referenced from radio.o(i.RadioDriverInit)
 <LI><a href="#[c]">SysTick_Handler</a> from stm32f10x_it.o(i.SysTick_Handler) referenced from startup_stm32f10x_hd.o(RESET)
 <LI><a href="#[49]">SystemInit</a> from system_stm32f10x.o(i.SystemInit) referenced from startup_stm32f10x_hd.o(.text)
 <LI><a href="#[f]">TAMPER_IRQHandler</a> from startup_stm32f10x_hd.o(.text) referenced from startup_stm32f10x_hd.o(RESET)
 <LI><a href="#[25]">TIM1_BRK_IRQHandler</a> from startup_stm32f10x_hd.o(.text) referenced from startup_stm32f10x_hd.o(RESET)
 <LI><a href="#[28]">TIM1_CC_IRQHandler</a> from startup_stm32f10x_hd.o(.text) referenced from startup_stm32f10x_hd.o(RESET)
 <LI><a href="#[27]">TIM1_TRG_COM_IRQHandler</a> from startup_stm32f10x_hd.o(.text) referenced from startup_stm32f10x_hd.o(RESET)
 <LI><a href="#[26]">TIM1_UP_IRQHandler</a> from startup_stm32f10x_hd.o(.text) referenced from startup_stm32f10x_hd.o(RESET)
 <LI><a href="#[29]">TIM2_IRQHandler</a> from sys1msinit.o(i.TIM2_IRQHandler) referenced from startup_stm32f10x_hd.o(RESET)
 <LI><a href="#[2a]">TIM3_IRQHandler</a> from startup_stm32f10x_hd.o(.text) referenced from startup_stm32f10x_hd.o(RESET)
 <LI><a href="#[2b]">TIM4_IRQHandler</a> from startup_stm32f10x_hd.o(.text) referenced from startup_stm32f10x_hd.o(RESET)
 <LI><a href="#[3f]">TIM5_IRQHandler</a> from startup_stm32f10x_hd.o(.text) referenced from startup_stm32f10x_hd.o(RESET)
 <LI><a href="#[43]">TIM6_IRQHandler</a> from startup_stm32f10x_hd.o(.text) referenced from startup_stm32f10x_hd.o(RESET)
 <LI><a href="#[44]">TIM7_IRQHandler</a> from startup_stm32f10x_hd.o(.text) referenced from startup_stm32f10x_hd.o(RESET)
 <LI><a href="#[38]">TIM8_BRK_IRQHandler</a> from startup_stm32f10x_hd.o(.text) referenced from startup_stm32f10x_hd.o(RESET)
 <LI><a href="#[3b]">TIM8_CC_IRQHandler</a> from startup_stm32f10x_hd.o(.text) referenced from startup_stm32f10x_hd.o(RESET)
 <LI><a href="#[3a]">TIM8_TRG_COM_IRQHandler</a> from startup_stm32f10x_hd.o(.text) referenced from startup_stm32f10x_hd.o(RESET)
 <LI><a href="#[39]">TIM8_UP_IRQHandler</a> from startup_stm32f10x_hd.o(.text) referenced from startup_stm32f10x_hd.o(RESET)
 <LI><a href="#[41]">UART4_IRQHandler</a> from startup_stm32f10x_hd.o(.text) referenced from startup_stm32f10x_hd.o(RESET)
 <LI><a href="#[42]">UART5_IRQHandler</a> from startup_stm32f10x_hd.o(.text) referenced from startup_stm32f10x_hd.o(RESET)
 <LI><a href="#[32]">USART1_IRQHandler</a> from startup_stm32f10x_hd.o(.text) referenced from startup_stm32f10x_hd.o(RESET)
 <LI><a href="#[33]">USART2_IRQHandler</a> from startup_stm32f10x_hd.o(.text) referenced from startup_stm32f10x_hd.o(RESET)
 <LI><a href="#[34]">USART3_IRQHandler</a> from usart.o(i.USART3_IRQHandler) referenced from startup_stm32f10x_hd.o(RESET)
 <LI><a href="#[37]">USBWakeUp_IRQHandler</a> from startup_stm32f10x_hd.o(.text) referenced from startup_stm32f10x_hd.o(RESET)
 <LI><a href="#[20]">USB_HP_CAN1_TX_IRQHandler</a> from startup_stm32f10x_hd.o(.text) referenced from startup_stm32f10x_hd.o(RESET)
 <LI><a href="#[21]">USB_LP_CAN1_RX0_IRQHandler</a> from startup_stm32f10x_hd.o(.text) referenced from startup_stm32f10x_hd.o(RESET)
 <LI><a href="#[8]">UsageFault_Handler</a> from stm32f10x_it.o(i.UsageFault_Handler) referenced from startup_stm32f10x_hd.o(RESET)
 <LI><a href="#[d]">WWDG_IRQHandler</a> from startup_stm32f10x_hd.o(.text) referenced from startup_stm32f10x_hd.o(RESET)
 <LI><a href="#[5b]">__main</a> from __main.o(!!!main) referenced from startup_stm32f10x_hd.o(.text)
</UL>
<P>
<H3>
Global Symbols
</H3>
<P><STRONG><a name="[5b]"></a>__main</STRONG> (Thumb, 8 bytes, Stack size 0 bytes, __main.o(!!!main))
<BR><BR>[Calls]<UL><LI><a href="#[5d]">&gt;&gt;</a>&nbsp;&nbsp;&nbsp;__rt_entry
<LI><a href="#[5c]">&gt;&gt;</a>&nbsp;&nbsp;&nbsp;__scatterload
</UL>

<P><STRONG><a name="[5c]"></a>__scatterload</STRONG> (Thumb, 0 bytes, Stack size unknown bytes, __scatter.o(!!!scatter))
<BR><BR>[Called By]<UL><LI><a href="#[5b]">&gt;&gt;</a>&nbsp;&nbsp;&nbsp;__main
</UL>

<P><STRONG><a name="[5e]"></a>__scatterload_rt2</STRONG> (Thumb, 44 bytes, Stack size unknown bytes, __scatter.o(!!!scatter), UNUSED)
<BR><BR>[Calls]<UL><LI><a href="#[5d]">&gt;&gt;</a>&nbsp;&nbsp;&nbsp;__rt_entry
</UL>

<P><STRONG><a name="[112]"></a>__scatterload_rt2_thumb_only</STRONG> (Thumb, 0 bytes, Stack size unknown bytes, __scatter.o(!!!scatter), UNUSED)

<P><STRONG><a name="[113]"></a>__scatterload_null</STRONG> (Thumb, 0 bytes, Stack size unknown bytes, __scatter.o(!!!scatter), UNUSED)

<P><STRONG><a name="[114]"></a>__decompress</STRONG> (Thumb, 90 bytes, Stack size unknown bytes, __dczerorl2.o(!!dczerorl2), UNUSED)

<P><STRONG><a name="[115]"></a>__decompress1</STRONG> (Thumb, 0 bytes, Stack size unknown bytes, __dczerorl2.o(!!dczerorl2), UNUSED)

<P><STRONG><a name="[116]"></a>__scatterload_zeroinit</STRONG> (Thumb, 28 bytes, Stack size unknown bytes, __scatter_zi.o(!!handler_zi), UNUSED)

<P><STRONG><a name="[62]"></a>__rt_lib_init</STRONG> (Thumb, 0 bytes, Stack size unknown bytes, libinit.o(.ARM.Collect$$libinit$$00000000))
<BR><BR>[Called By]<UL><LI><a href="#[61]">&gt;&gt;</a>&nbsp;&nbsp;&nbsp;__rt_entry_li
</UL>

<P><STRONG><a name="[117]"></a>__rt_lib_init_alloca_1</STRONG> (Thumb, 0 bytes, Stack size unknown bytes, libinit2.o(.ARM.Collect$$libinit$$0000002E))

<P><STRONG><a name="[118]"></a>__rt_lib_init_argv_1</STRONG> (Thumb, 0 bytes, Stack size unknown bytes, libinit2.o(.ARM.Collect$$libinit$$0000002C))

<P><STRONG><a name="[119]"></a>__rt_lib_init_atexit_1</STRONG> (Thumb, 0 bytes, Stack size unknown bytes, libinit2.o(.ARM.Collect$$libinit$$0000001B))

<P><STRONG><a name="[11a]"></a>__rt_lib_init_clock_1</STRONG> (Thumb, 0 bytes, Stack size unknown bytes, libinit2.o(.ARM.Collect$$libinit$$00000021))

<P><STRONG><a name="[11b]"></a>__rt_lib_init_cpp_1</STRONG> (Thumb, 0 bytes, Stack size unknown bytes, libinit2.o(.ARM.Collect$$libinit$$00000032))

<P><STRONG><a name="[11c]"></a>__rt_lib_init_exceptions_1</STRONG> (Thumb, 0 bytes, Stack size unknown bytes, libinit2.o(.ARM.Collect$$libinit$$00000030))

<P><STRONG><a name="[11d]"></a>__rt_lib_init_fp_1</STRONG> (Thumb, 0 bytes, Stack size unknown bytes, libinit2.o(.ARM.Collect$$libinit$$00000002))

<P><STRONG><a name="[11e]"></a>__rt_lib_init_fp_trap_1</STRONG> (Thumb, 0 bytes, Stack size unknown bytes, libinit2.o(.ARM.Collect$$libinit$$0000001F))

<P><STRONG><a name="[11f]"></a>__rt_lib_init_getenv_1</STRONG> (Thumb, 0 bytes, Stack size unknown bytes, libinit2.o(.ARM.Collect$$libinit$$00000023))

<P><STRONG><a name="[120]"></a>__rt_lib_init_heap_1</STRONG> (Thumb, 0 bytes, Stack size unknown bytes, libinit2.o(.ARM.Collect$$libinit$$0000000A))

<P><STRONG><a name="[121]"></a>__rt_lib_init_lc_collate_1</STRONG> (Thumb, 0 bytes, Stack size unknown bytes, libinit2.o(.ARM.Collect$$libinit$$00000011))

<P><STRONG><a name="[122]"></a>__rt_lib_init_lc_ctype_1</STRONG> (Thumb, 0 bytes, Stack size unknown bytes, libinit2.o(.ARM.Collect$$libinit$$00000013))

<P><STRONG><a name="[123]"></a>__rt_lib_init_lc_monetary_1</STRONG> (Thumb, 0 bytes, Stack size unknown bytes, libinit2.o(.ARM.Collect$$libinit$$00000015))

<P><STRONG><a name="[124]"></a>__rt_lib_init_lc_numeric_1</STRONG> (Thumb, 0 bytes, Stack size unknown bytes, libinit2.o(.ARM.Collect$$libinit$$00000017))

<P><STRONG><a name="[125]"></a>__rt_lib_init_lc_time_1</STRONG> (Thumb, 0 bytes, Stack size unknown bytes, libinit2.o(.ARM.Collect$$libinit$$00000019))

<P><STRONG><a name="[126]"></a>__rt_lib_init_preinit_1</STRONG> (Thumb, 0 bytes, Stack size unknown bytes, libinit2.o(.ARM.Collect$$libinit$$00000004))

<P><STRONG><a name="[127]"></a>__rt_lib_init_rand_1</STRONG> (Thumb, 0 bytes, Stack size unknown bytes, libinit2.o(.ARM.Collect$$libinit$$0000000E))

<P><STRONG><a name="[128]"></a>__rt_lib_init_return</STRONG> (Thumb, 0 bytes, Stack size unknown bytes, libinit2.o(.ARM.Collect$$libinit$$00000033))

<P><STRONG><a name="[129]"></a>__rt_lib_init_signal_1</STRONG> (Thumb, 0 bytes, Stack size unknown bytes, libinit2.o(.ARM.Collect$$libinit$$0000001D))

<P><STRONG><a name="[12a]"></a>__rt_lib_init_stdio_1</STRONG> (Thumb, 0 bytes, Stack size unknown bytes, libinit2.o(.ARM.Collect$$libinit$$00000025))

<P><STRONG><a name="[12b]"></a>__rt_lib_init_user_alloc_1</STRONG> (Thumb, 0 bytes, Stack size unknown bytes, libinit2.o(.ARM.Collect$$libinit$$0000000C))

<P><STRONG><a name="[67]"></a>__rt_lib_shutdown</STRONG> (Thumb, 0 bytes, Stack size unknown bytes, libshutdown.o(.ARM.Collect$$libshutdown$$00000000))
<BR><BR>[Called By]<UL><LI><a href="#[66]">&gt;&gt;</a>&nbsp;&nbsp;&nbsp;__rt_exit_ls
</UL>

<P><STRONG><a name="[12c]"></a>__rt_lib_shutdown_fp_trap_1</STRONG> (Thumb, 0 bytes, Stack size unknown bytes, libshutdown2.o(.ARM.Collect$$libshutdown$$00000006))

<P><STRONG><a name="[12d]"></a>__rt_lib_shutdown_heap_1</STRONG> (Thumb, 0 bytes, Stack size unknown bytes, libshutdown2.o(.ARM.Collect$$libshutdown$$0000000E))

<P><STRONG><a name="[12e]"></a>__rt_lib_shutdown_return</STRONG> (Thumb, 0 bytes, Stack size unknown bytes, libshutdown2.o(.ARM.Collect$$libshutdown$$0000000F))

<P><STRONG><a name="[12f]"></a>__rt_lib_shutdown_signal_1</STRONG> (Thumb, 0 bytes, Stack size unknown bytes, libshutdown2.o(.ARM.Collect$$libshutdown$$00000009))

<P><STRONG><a name="[130]"></a>__rt_lib_shutdown_stdio_1</STRONG> (Thumb, 0 bytes, Stack size unknown bytes, libshutdown2.o(.ARM.Collect$$libshutdown$$00000003))

<P><STRONG><a name="[131]"></a>__rt_lib_shutdown_user_alloc_1</STRONG> (Thumb, 0 bytes, Stack size unknown bytes, libshutdown2.o(.ARM.Collect$$libshutdown$$0000000B))

<P><STRONG><a name="[5d]"></a>__rt_entry</STRONG> (Thumb, 0 bytes, Stack size unknown bytes, __rtentry.o(.ARM.Collect$$rtentry$$00000000))
<BR><BR>[Called By]<UL><LI><a href="#[5b]">&gt;&gt;</a>&nbsp;&nbsp;&nbsp;__main
<LI><a href="#[5e]">&gt;&gt;</a>&nbsp;&nbsp;&nbsp;__scatterload_rt2
</UL>

<P><STRONG><a name="[132]"></a>__rt_entry_presh_1</STRONG> (Thumb, 0 bytes, Stack size unknown bytes, __rtentry2.o(.ARM.Collect$$rtentry$$00000002))

<P><STRONG><a name="[5f]"></a>__rt_entry_sh</STRONG> (Thumb, 0 bytes, Stack size unknown bytes, __rtentry4.o(.ARM.Collect$$rtentry$$00000004))
<BR><BR>[Stack]<UL><LI>Max Depth = 8 + Unknown Stack Size
<LI>Call Chain = __rt_entry_sh &rArr; __user_setup_stackheap
</UL>
<BR>[Calls]<UL><LI><a href="#[60]">&gt;&gt;</a>&nbsp;&nbsp;&nbsp;__user_setup_stackheap
</UL>

<P><STRONG><a name="[61]"></a>__rt_entry_li</STRONG> (Thumb, 0 bytes, Stack size unknown bytes, __rtentry2.o(.ARM.Collect$$rtentry$$0000000A))
<BR><BR>[Calls]<UL><LI><a href="#[62]">&gt;&gt;</a>&nbsp;&nbsp;&nbsp;__rt_lib_init
</UL>

<P><STRONG><a name="[133]"></a>__rt_entry_postsh_1</STRONG> (Thumb, 0 bytes, Stack size unknown bytes, __rtentry2.o(.ARM.Collect$$rtentry$$00000009))

<P><STRONG><a name="[63]"></a>__rt_entry_main</STRONG> (Thumb, 0 bytes, Stack size unknown bytes, __rtentry2.o(.ARM.Collect$$rtentry$$0000000D))
<BR><BR>[Stack]<UL><LI>Max Depth = 140 + Unknown Stack Size
<LI>Call Chain = __rt_entry_main &rArr; main &rArr; UartInit &rArr; UartParameterConfig &rArr; USART_Init &rArr; RCC_GetClocksFreq
</UL>
<BR>[Calls]<UL><LI><a href="#[64]">&gt;&gt;</a>&nbsp;&nbsp;&nbsp;main
<LI><a href="#[65]">&gt;&gt;</a>&nbsp;&nbsp;&nbsp;exit
</UL>

<P><STRONG><a name="[134]"></a>__rt_entry_postli_1</STRONG> (Thumb, 0 bytes, Stack size unknown bytes, __rtentry2.o(.ARM.Collect$$rtentry$$0000000C))

<P><STRONG><a name="[70]"></a>__rt_exit</STRONG> (Thumb, 0 bytes, Stack size unknown bytes, rtexit.o(.ARM.Collect$$rtexit$$00000000))
<BR><BR>[Called By]<UL><LI><a href="#[65]">&gt;&gt;</a>&nbsp;&nbsp;&nbsp;exit
</UL>

<P><STRONG><a name="[66]"></a>__rt_exit_ls</STRONG> (Thumb, 0 bytes, Stack size unknown bytes, rtexit2.o(.ARM.Collect$$rtexit$$00000003))
<BR><BR>[Calls]<UL><LI><a href="#[67]">&gt;&gt;</a>&nbsp;&nbsp;&nbsp;__rt_lib_shutdown
</UL>

<P><STRONG><a name="[135]"></a>__rt_exit_prels_1</STRONG> (Thumb, 0 bytes, Stack size unknown bytes, rtexit2.o(.ARM.Collect$$rtexit$$00000002))

<P><STRONG><a name="[68]"></a>__rt_exit_exit</STRONG> (Thumb, 0 bytes, Stack size unknown bytes, rtexit2.o(.ARM.Collect$$rtexit$$00000004))
<BR><BR>[Calls]<UL><LI><a href="#[69]">&gt;&gt;</a>&nbsp;&nbsp;&nbsp;_sys_exit
</UL>

<P><STRONG><a name="[3]"></a>Reset_Handler</STRONG> (Thumb, 8 bytes, Stack size 0 bytes, startup_stm32f10x_hd.o(.text))
<BR>[Address Reference Count : 1]<UL><LI> startup_stm32f10x_hd.o(RESET)
</UL>
<P><STRONG><a name="[1f]"></a>ADC1_2_IRQHandler</STRONG> (Thumb, 0 bytes, Stack size 0 bytes, startup_stm32f10x_hd.o(.text))
<BR><BR>[Calls]<UL><LI><a href="#[1f]">&gt;&gt;</a>&nbsp;&nbsp;&nbsp;ADC1_2_IRQHandler
</UL>
<BR>[Called By]<UL><LI><a href="#[1f]">&gt;&gt;</a>&nbsp;&nbsp;&nbsp;ADC1_2_IRQHandler
</UL>
<BR>[Address Reference Count : 1]<UL><LI> startup_stm32f10x_hd.o(RESET)
</UL>
<P><STRONG><a name="[3c]"></a>ADC3_IRQHandler</STRONG> (Thumb, 0 bytes, Stack size 0 bytes, startup_stm32f10x_hd.o(.text))
<BR>[Address Reference Count : 1]<UL><LI> startup_stm32f10x_hd.o(RESET)
</UL>
<P><STRONG><a name="[22]"></a>CAN1_RX1_IRQHandler</STRONG> (Thumb, 0 bytes, Stack size 0 bytes, startup_stm32f10x_hd.o(.text))
<BR>[Address Reference Count : 1]<UL><LI> startup_stm32f10x_hd.o(RESET)
</UL>
<P><STRONG><a name="[23]"></a>CAN1_SCE_IRQHandler</STRONG> (Thumb, 0 bytes, Stack size 0 bytes, startup_stm32f10x_hd.o(.text))
<BR>[Address Reference Count : 1]<UL><LI> startup_stm32f10x_hd.o(RESET)
</UL>
<P><STRONG><a name="[18]"></a>DMA1_Channel1_IRQHandler</STRONG> (Thumb, 0 bytes, Stack size 0 bytes, startup_stm32f10x_hd.o(.text))
<BR>[Address Reference Count : 1]<UL><LI> startup_stm32f10x_hd.o(RESET)
</UL>
<P><STRONG><a name="[19]"></a>DMA1_Channel2_IRQHandler</STRONG> (Thumb, 0 bytes, Stack size 0 bytes, startup_stm32f10x_hd.o(.text))
<BR>[Address Reference Count : 1]<UL><LI> startup_stm32f10x_hd.o(RESET)
</UL>
<P><STRONG><a name="[1a]"></a>DMA1_Channel3_IRQHandler</STRONG> (Thumb, 0 bytes, Stack size 0 bytes, startup_stm32f10x_hd.o(.text))
<BR>[Address Reference Count : 1]<UL><LI> startup_stm32f10x_hd.o(RESET)
</UL>
<P><STRONG><a name="[1b]"></a>DMA1_Channel4_IRQHandler</STRONG> (Thumb, 0 bytes, Stack size 0 bytes, startup_stm32f10x_hd.o(.text))
<BR>[Address Reference Count : 1]<UL><LI> startup_stm32f10x_hd.o(RESET)
</UL>
<P><STRONG><a name="[1c]"></a>DMA1_Channel5_IRQHandler</STRONG> (Thumb, 0 bytes, Stack size 0 bytes, startup_stm32f10x_hd.o(.text))
<BR>[Address Reference Count : 1]<UL><LI> startup_stm32f10x_hd.o(RESET)
</UL>
<P><STRONG><a name="[1d]"></a>DMA1_Channel6_IRQHandler</STRONG> (Thumb, 0 bytes, Stack size 0 bytes, startup_stm32f10x_hd.o(.text))
<BR>[Address Reference Count : 1]<UL><LI> startup_stm32f10x_hd.o(RESET)
</UL>
<P><STRONG><a name="[1e]"></a>DMA1_Channel7_IRQHandler</STRONG> (Thumb, 0 bytes, Stack size 0 bytes, startup_stm32f10x_hd.o(.text))
<BR>[Address Reference Count : 1]<UL><LI> startup_stm32f10x_hd.o(RESET)
</UL>
<P><STRONG><a name="[45]"></a>DMA2_Channel1_IRQHandler</STRONG> (Thumb, 0 bytes, Stack size 0 bytes, startup_stm32f10x_hd.o(.text))
<BR>[Address Reference Count : 1]<UL><LI> startup_stm32f10x_hd.o(RESET)
</UL>
<P><STRONG><a name="[46]"></a>DMA2_Channel2_IRQHandler</STRONG> (Thumb, 0 bytes, Stack size 0 bytes, startup_stm32f10x_hd.o(.text))
<BR>[Address Reference Count : 1]<UL><LI> startup_stm32f10x_hd.o(RESET)
</UL>
<P><STRONG><a name="[47]"></a>DMA2_Channel3_IRQHandler</STRONG> (Thumb, 0 bytes, Stack size 0 bytes, startup_stm32f10x_hd.o(.text))
<BR>[Address Reference Count : 1]<UL><LI> startup_stm32f10x_hd.o(RESET)
</UL>
<P><STRONG><a name="[48]"></a>DMA2_Channel4_5_IRQHandler</STRONG> (Thumb, 0 bytes, Stack size 0 bytes, startup_stm32f10x_hd.o(.text))
<BR>[Address Reference Count : 1]<UL><LI> startup_stm32f10x_hd.o(RESET)
</UL>
<P><STRONG><a name="[13]"></a>EXTI0_IRQHandler</STRONG> (Thumb, 0 bytes, Stack size 0 bytes, startup_stm32f10x_hd.o(.text))
<BR>[Address Reference Count : 1]<UL><LI> startup_stm32f10x_hd.o(RESET)
</UL>
<P><STRONG><a name="[35]"></a>EXTI15_10_IRQHandler</STRONG> (Thumb, 0 bytes, Stack size 0 bytes, startup_stm32f10x_hd.o(.text))
<BR>[Address Reference Count : 1]<UL><LI> startup_stm32f10x_hd.o(RESET)
</UL>
<P><STRONG><a name="[14]"></a>EXTI1_IRQHandler</STRONG> (Thumb, 0 bytes, Stack size 0 bytes, startup_stm32f10x_hd.o(.text))
<BR>[Address Reference Count : 1]<UL><LI> startup_stm32f10x_hd.o(RESET)
</UL>
<P><STRONG><a name="[15]"></a>EXTI2_IRQHandler</STRONG> (Thumb, 0 bytes, Stack size 0 bytes, startup_stm32f10x_hd.o(.text))
<BR>[Address Reference Count : 1]<UL><LI> startup_stm32f10x_hd.o(RESET)
</UL>
<P><STRONG><a name="[16]"></a>EXTI3_IRQHandler</STRONG> (Thumb, 0 bytes, Stack size 0 bytes, startup_stm32f10x_hd.o(.text))
<BR>[Address Reference Count : 1]<UL><LI> startup_stm32f10x_hd.o(RESET)
</UL>
<P><STRONG><a name="[17]"></a>EXTI4_IRQHandler</STRONG> (Thumb, 0 bytes, Stack size 0 bytes, startup_stm32f10x_hd.o(.text))
<BR>[Address Reference Count : 1]<UL><LI> startup_stm32f10x_hd.o(RESET)
</UL>
<P><STRONG><a name="[24]"></a>EXTI9_5_IRQHandler</STRONG> (Thumb, 0 bytes, Stack size 0 bytes, startup_stm32f10x_hd.o(.text))
<BR>[Address Reference Count : 1]<UL><LI> startup_stm32f10x_hd.o(RESET)
</UL>
<P><STRONG><a name="[11]"></a>FLASH_IRQHandler</STRONG> (Thumb, 0 bytes, Stack size 0 bytes, startup_stm32f10x_hd.o(.text))
<BR>[Address Reference Count : 1]<UL><LI> startup_stm32f10x_hd.o(RESET)
</UL>
<P><STRONG><a name="[3d]"></a>FSMC_IRQHandler</STRONG> (Thumb, 0 bytes, Stack size 0 bytes, startup_stm32f10x_hd.o(.text))
<BR>[Address Reference Count : 1]<UL><LI> startup_stm32f10x_hd.o(RESET)
</UL>
<P><STRONG><a name="[2d]"></a>I2C1_ER_IRQHandler</STRONG> (Thumb, 0 bytes, Stack size 0 bytes, startup_stm32f10x_hd.o(.text))
<BR>[Address Reference Count : 1]<UL><LI> startup_stm32f10x_hd.o(RESET)
</UL>
<P><STRONG><a name="[2c]"></a>I2C1_EV_IRQHandler</STRONG> (Thumb, 0 bytes, Stack size 0 bytes, startup_stm32f10x_hd.o(.text))
<BR>[Address Reference Count : 1]<UL><LI> startup_stm32f10x_hd.o(RESET)
</UL>
<P><STRONG><a name="[2f]"></a>I2C2_ER_IRQHandler</STRONG> (Thumb, 0 bytes, Stack size 0 bytes, startup_stm32f10x_hd.o(.text))
<BR>[Address Reference Count : 1]<UL><LI> startup_stm32f10x_hd.o(RESET)
</UL>
<P><STRONG><a name="[2e]"></a>I2C2_EV_IRQHandler</STRONG> (Thumb, 0 bytes, Stack size 0 bytes, startup_stm32f10x_hd.o(.text))
<BR>[Address Reference Count : 1]<UL><LI> startup_stm32f10x_hd.o(RESET)
</UL>
<P><STRONG><a name="[e]"></a>PVD_IRQHandler</STRONG> (Thumb, 0 bytes, Stack size 0 bytes, startup_stm32f10x_hd.o(.text))
<BR>[Address Reference Count : 1]<UL><LI> startup_stm32f10x_hd.o(RESET)
</UL>
<P><STRONG><a name="[12]"></a>RCC_IRQHandler</STRONG> (Thumb, 0 bytes, Stack size 0 bytes, startup_stm32f10x_hd.o(.text))
<BR>[Address Reference Count : 1]<UL><LI> startup_stm32f10x_hd.o(RESET)
</UL>
<P><STRONG><a name="[36]"></a>RTCAlarm_IRQHandler</STRONG> (Thumb, 0 bytes, Stack size 0 bytes, startup_stm32f10x_hd.o(.text))
<BR>[Address Reference Count : 1]<UL><LI> startup_stm32f10x_hd.o(RESET)
</UL>
<P><STRONG><a name="[10]"></a>RTC_IRQHandler</STRONG> (Thumb, 0 bytes, Stack size 0 bytes, startup_stm32f10x_hd.o(.text))
<BR>[Address Reference Count : 1]<UL><LI> startup_stm32f10x_hd.o(RESET)
</UL>
<P><STRONG><a name="[3e]"></a>SDIO_IRQHandler</STRONG> (Thumb, 0 bytes, Stack size 0 bytes, startup_stm32f10x_hd.o(.text))
<BR>[Address Reference Count : 1]<UL><LI> startup_stm32f10x_hd.o(RESET)
</UL>
<P><STRONG><a name="[30]"></a>SPI1_IRQHandler</STRONG> (Thumb, 0 bytes, Stack size 0 bytes, startup_stm32f10x_hd.o(.text))
<BR>[Address Reference Count : 1]<UL><LI> startup_stm32f10x_hd.o(RESET)
</UL>
<P><STRONG><a name="[31]"></a>SPI2_IRQHandler</STRONG> (Thumb, 0 bytes, Stack size 0 bytes, startup_stm32f10x_hd.o(.text))
<BR>[Address Reference Count : 1]<UL><LI> startup_stm32f10x_hd.o(RESET)
</UL>
<P><STRONG><a name="[40]"></a>SPI3_IRQHandler</STRONG> (Thumb, 0 bytes, Stack size 0 bytes, startup_stm32f10x_hd.o(.text))
<BR>[Address Reference Count : 1]<UL><LI> startup_stm32f10x_hd.o(RESET)
</UL>
<P><STRONG><a name="[f]"></a>TAMPER_IRQHandler</STRONG> (Thumb, 0 bytes, Stack size 0 bytes, startup_stm32f10x_hd.o(.text))
<BR>[Address Reference Count : 1]<UL><LI> startup_stm32f10x_hd.o(RESET)
</UL>
<P><STRONG><a name="[25]"></a>TIM1_BRK_IRQHandler</STRONG> (Thumb, 0 bytes, Stack size 0 bytes, startup_stm32f10x_hd.o(.text))
<BR>[Address Reference Count : 1]<UL><LI> startup_stm32f10x_hd.o(RESET)
</UL>
<P><STRONG><a name="[28]"></a>TIM1_CC_IRQHandler</STRONG> (Thumb, 0 bytes, Stack size 0 bytes, startup_stm32f10x_hd.o(.text))
<BR>[Address Reference Count : 1]<UL><LI> startup_stm32f10x_hd.o(RESET)
</UL>
<P><STRONG><a name="[27]"></a>TIM1_TRG_COM_IRQHandler</STRONG> (Thumb, 0 bytes, Stack size 0 bytes, startup_stm32f10x_hd.o(.text))
<BR>[Address Reference Count : 1]<UL><LI> startup_stm32f10x_hd.o(RESET)
</UL>
<P><STRONG><a name="[26]"></a>TIM1_UP_IRQHandler</STRONG> (Thumb, 0 bytes, Stack size 0 bytes, startup_stm32f10x_hd.o(.text))
<BR>[Address Reference Count : 1]<UL><LI> startup_stm32f10x_hd.o(RESET)
</UL>
<P><STRONG><a name="[2a]"></a>TIM3_IRQHandler</STRONG> (Thumb, 0 bytes, Stack size 0 bytes, startup_stm32f10x_hd.o(.text))
<BR>[Address Reference Count : 1]<UL><LI> startup_stm32f10x_hd.o(RESET)
</UL>
<P><STRONG><a name="[2b]"></a>TIM4_IRQHandler</STRONG> (Thumb, 0 bytes, Stack size 0 bytes, startup_stm32f10x_hd.o(.text))
<BR>[Address Reference Count : 1]<UL><LI> startup_stm32f10x_hd.o(RESET)
</UL>
<P><STRONG><a name="[3f]"></a>TIM5_IRQHandler</STRONG> (Thumb, 0 bytes, Stack size 0 bytes, startup_stm32f10x_hd.o(.text))
<BR>[Address Reference Count : 1]<UL><LI> startup_stm32f10x_hd.o(RESET)
</UL>
<P><STRONG><a name="[43]"></a>TIM6_IRQHandler</STRONG> (Thumb, 0 bytes, Stack size 0 bytes, startup_stm32f10x_hd.o(.text))
<BR>[Address Reference Count : 1]<UL><LI> startup_stm32f10x_hd.o(RESET)
</UL>
<P><STRONG><a name="[44]"></a>TIM7_IRQHandler</STRONG> (Thumb, 0 bytes, Stack size 0 bytes, startup_stm32f10x_hd.o(.text))
<BR>[Address Reference Count : 1]<UL><LI> startup_stm32f10x_hd.o(RESET)
</UL>
<P><STRONG><a name="[38]"></a>TIM8_BRK_IRQHandler</STRONG> (Thumb, 0 bytes, Stack size 0 bytes, startup_stm32f10x_hd.o(.text))
<BR>[Address Reference Count : 1]<UL><LI> startup_stm32f10x_hd.o(RESET)
</UL>
<P><STRONG><a name="[3b]"></a>TIM8_CC_IRQHandler</STRONG> (Thumb, 0 bytes, Stack size 0 bytes, startup_stm32f10x_hd.o(.text))
<BR>[Address Reference Count : 1]<UL><LI> startup_stm32f10x_hd.o(RESET)
</UL>
<P><STRONG><a name="[3a]"></a>TIM8_TRG_COM_IRQHandler</STRONG> (Thumb, 0 bytes, Stack size 0 bytes, startup_stm32f10x_hd.o(.text))
<BR>[Address Reference Count : 1]<UL><LI> startup_stm32f10x_hd.o(RESET)
</UL>
<P><STRONG><a name="[39]"></a>TIM8_UP_IRQHandler</STRONG> (Thumb, 0 bytes, Stack size 0 bytes, startup_stm32f10x_hd.o(.text))
<BR>[Address Reference Count : 1]<UL><LI> startup_stm32f10x_hd.o(RESET)
</UL>
<P><STRONG><a name="[41]"></a>UART4_IRQHandler</STRONG> (Thumb, 0 bytes, Stack size 0 bytes, startup_stm32f10x_hd.o(.text))
<BR>[Address Reference Count : 1]<UL><LI> startup_stm32f10x_hd.o(RESET)
</UL>
<P><STRONG><a name="[42]"></a>UART5_IRQHandler</STRONG> (Thumb, 0 bytes, Stack size 0 bytes, startup_stm32f10x_hd.o(.text))
<BR>[Address Reference Count : 1]<UL><LI> startup_stm32f10x_hd.o(RESET)
</UL>
<P><STRONG><a name="[32]"></a>USART1_IRQHandler</STRONG> (Thumb, 0 bytes, Stack size 0 bytes, startup_stm32f10x_hd.o(.text))
<BR>[Address Reference Count : 1]<UL><LI> startup_stm32f10x_hd.o(RESET)
</UL>
<P><STRONG><a name="[33]"></a>USART2_IRQHandler</STRONG> (Thumb, 0 bytes, Stack size 0 bytes, startup_stm32f10x_hd.o(.text))
<BR>[Address Reference Count : 1]<UL><LI> startup_stm32f10x_hd.o(RESET)
</UL>
<P><STRONG><a name="[37]"></a>USBWakeUp_IRQHandler</STRONG> (Thumb, 0 bytes, Stack size 0 bytes, startup_stm32f10x_hd.o(.text))
<BR>[Address Reference Count : 1]<UL><LI> startup_stm32f10x_hd.o(RESET)
</UL>
<P><STRONG><a name="[20]"></a>USB_HP_CAN1_TX_IRQHandler</STRONG> (Thumb, 0 bytes, Stack size 0 bytes, startup_stm32f10x_hd.o(.text))
<BR>[Address Reference Count : 1]<UL><LI> startup_stm32f10x_hd.o(RESET)
</UL>
<P><STRONG><a name="[21]"></a>USB_LP_CAN1_RX0_IRQHandler</STRONG> (Thumb, 0 bytes, Stack size 0 bytes, startup_stm32f10x_hd.o(.text))
<BR>[Address Reference Count : 1]<UL><LI> startup_stm32f10x_hd.o(RESET)
</UL>
<P><STRONG><a name="[d]"></a>WWDG_IRQHandler</STRONG> (Thumb, 0 bytes, Stack size 0 bytes, startup_stm32f10x_hd.o(.text))
<BR>[Address Reference Count : 1]<UL><LI> startup_stm32f10x_hd.o(RESET)
</UL>
<P><STRONG><a name="[6f]"></a>__user_initial_stackheap</STRONG> (Thumb, 0 bytes, Stack size unknown bytes, startup_stm32f10x_hd.o(.text))
<BR><BR>[Called By]<UL><LI><a href="#[60]">&gt;&gt;</a>&nbsp;&nbsp;&nbsp;__user_setup_stackheap
</UL>

<P><STRONG><a name="[105]"></a>strlen</STRONG> (Thumb, 62 bytes, Stack size 8 bytes, strlen.o(.text))
<BR><BR>[Stack]<UL><LI>Max Depth = 8<LI>Call Chain = strlen
</UL>
<BR>[Called By]<UL><LI><a href="#[104]">&gt;&gt;</a>&nbsp;&nbsp;&nbsp;UartPowerSend
</UL>

<P><STRONG><a name="[107]"></a>strcat</STRONG> (Thumb, 24 bytes, Stack size 0 bytes, strcat.o(.text))
<BR><BR>[Called By]<UL><LI><a href="#[106]">&gt;&gt;</a>&nbsp;&nbsp;&nbsp;UartSetDisplay
</UL>

<P><STRONG><a name="[7c]"></a>__aeabi_memcpy</STRONG> (Thumb, 0 bytes, Stack size 0 bytes, rt_memcpy_v6.o(.text))
<BR><BR>[Called By]<UL><LI><a href="#[e2]">&gt;&gt;</a>&nbsp;&nbsp;&nbsp;SX1276LoRaSetTxPacket
<LI><a href="#[d0]">&gt;&gt;</a>&nbsp;&nbsp;&nbsp;SX1276LoRaGetRxPacket
<LI><a href="#[ce]">&gt;&gt;</a>&nbsp;&nbsp;&nbsp;SX1276FskSetTxPacket
<LI><a href="#[c2]">&gt;&gt;</a>&nbsp;&nbsp;&nbsp;SX1276FskGetRxPacket
<LI><a href="#[fc]">&gt;&gt;</a>&nbsp;&nbsp;&nbsp;UartDataAnalysis
<LI><a href="#[fd]">&gt;&gt;</a>&nbsp;&nbsp;&nbsp;UartSetAnswer
<LI><a href="#[104]">&gt;&gt;</a>&nbsp;&nbsp;&nbsp;UartPowerSend
<LI><a href="#[75]">&gt;&gt;</a>&nbsp;&nbsp;&nbsp;FlashCrc
</UL>

<P><STRONG><a name="[6a]"></a>__rt_memcpy</STRONG> (Thumb, 138 bytes, Stack size 0 bytes, rt_memcpy_v6.o(.text), UNUSED)
<BR><BR>[Calls]<UL><LI><a href="#[6b]">&gt;&gt;</a>&nbsp;&nbsp;&nbsp;__aeabi_memcpy4
</UL>

<P><STRONG><a name="[136]"></a>_memcpy_lastbytes</STRONG> (Thumb, 0 bytes, Stack size unknown bytes, rt_memcpy_v6.o(.text), UNUSED)

<P><STRONG><a name="[9d]"></a>__aeabi_memclr</STRONG> (Thumb, 0 bytes, Stack size 0 bytes, rt_memclr.o(.text))
<BR><BR>[Called By]<UL><LI><a href="#[dd]">&gt;&gt;</a>&nbsp;&nbsp;&nbsp;SX1276LoRaProcess
<LI><a href="#[c3]">&gt;&gt;</a>&nbsp;&nbsp;&nbsp;SX1276FskProcess
<LI><a href="#[9a]">&gt;&gt;</a>&nbsp;&nbsp;&nbsp;LoRaRxStateEnter
</UL>

<P><STRONG><a name="[6c]"></a>__rt_memclr</STRONG> (Thumb, 68 bytes, Stack size 0 bytes, rt_memclr.o(.text), UNUSED)
<BR><BR>[Calls]<UL><LI><a href="#[6d]">&gt;&gt;</a>&nbsp;&nbsp;&nbsp;_memset_w
</UL>

<P><STRONG><a name="[137]"></a>_memset</STRONG> (Thumb, 0 bytes, Stack size unknown bytes, rt_memclr.o(.text), UNUSED)

<P><STRONG><a name="[138]"></a>__use_two_region_memory</STRONG> (Thumb, 2 bytes, Stack size 0 bytes, heapauxi.o(.text), UNUSED)

<P><STRONG><a name="[139]"></a>__rt_heap_escrow$2region</STRONG> (Thumb, 2 bytes, Stack size 0 bytes, heapauxi.o(.text), UNUSED)

<P><STRONG><a name="[13a]"></a>__rt_heap_expand$2region</STRONG> (Thumb, 2 bytes, Stack size 0 bytes, heapauxi.o(.text), UNUSED)

<P><STRONG><a name="[6b]"></a>__aeabi_memcpy4</STRONG> (Thumb, 0 bytes, Stack size 8 bytes, rt_memcpy_w.o(.text), UNUSED)
<BR><BR>[Called By]<UL><LI><a href="#[6a]">&gt;&gt;</a>&nbsp;&nbsp;&nbsp;__rt_memcpy
</UL>

<P><STRONG><a name="[13b]"></a>__aeabi_memcpy8</STRONG> (Thumb, 0 bytes, Stack size 8 bytes, rt_memcpy_w.o(.text), UNUSED)

<P><STRONG><a name="[13c]"></a>__rt_memcpy_w</STRONG> (Thumb, 100 bytes, Stack size 8 bytes, rt_memcpy_w.o(.text), UNUSED)

<P><STRONG><a name="[13d]"></a>_memcpy_lastbytes_aligned</STRONG> (Thumb, 0 bytes, Stack size unknown bytes, rt_memcpy_w.o(.text), UNUSED)

<P><STRONG><a name="[13e]"></a>__aeabi_memclr4</STRONG> (Thumb, 0 bytes, Stack size 4 bytes, rt_memclr_w.o(.text), UNUSED)

<P><STRONG><a name="[13f]"></a>__aeabi_memclr8</STRONG> (Thumb, 0 bytes, Stack size 4 bytes, rt_memclr_w.o(.text), UNUSED)

<P><STRONG><a name="[140]"></a>__rt_memclr_w</STRONG> (Thumb, 78 bytes, Stack size 4 bytes, rt_memclr_w.o(.text), UNUSED)

<P><STRONG><a name="[6d]"></a>_memset_w</STRONG> (Thumb, 0 bytes, Stack size unknown bytes, rt_memclr_w.o(.text), UNUSED)
<BR><BR>[Called By]<UL><LI><a href="#[6c]">&gt;&gt;</a>&nbsp;&nbsp;&nbsp;__rt_memclr
</UL>

<P><STRONG><a name="[141]"></a>__user_libspace</STRONG> (Thumb, 8 bytes, Stack size 0 bytes, libspace.o(.text), UNUSED)

<P><STRONG><a name="[6e]"></a>__user_perproc_libspace</STRONG> (Thumb, 0 bytes, Stack size 0 bytes, libspace.o(.text))
<BR><BR>[Called By]<UL><LI><a href="#[60]">&gt;&gt;</a>&nbsp;&nbsp;&nbsp;__user_setup_stackheap
</UL>

<P><STRONG><a name="[142]"></a>__user_perthread_libspace</STRONG> (Thumb, 0 bytes, Stack size 0 bytes, libspace.o(.text), UNUSED)

<P><STRONG><a name="[60]"></a>__user_setup_stackheap</STRONG> (Thumb, 74 bytes, Stack size 8 bytes, sys_stackheap_outer.o(.text))
<BR><BR>[Stack]<UL><LI>Max Depth = 8 + Unknown Stack Size
<LI>Call Chain = __user_setup_stackheap
</UL>
<BR>[Calls]<UL><LI><a href="#[6f]">&gt;&gt;</a>&nbsp;&nbsp;&nbsp;__user_initial_stackheap
<LI><a href="#[6e]">&gt;&gt;</a>&nbsp;&nbsp;&nbsp;__user_perproc_libspace
</UL>
<BR>[Called By]<UL><LI><a href="#[5f]">&gt;&gt;</a>&nbsp;&nbsp;&nbsp;__rt_entry_sh
</UL>

<P><STRONG><a name="[65]"></a>exit</STRONG> (Thumb, 12 bytes, Stack size 0 bytes, exit.o(.text))
<BR><BR>[Calls]<UL><LI><a href="#[70]">&gt;&gt;</a>&nbsp;&nbsp;&nbsp;__rt_exit
</UL>
<BR>[Called By]<UL><LI><a href="#[63]">&gt;&gt;</a>&nbsp;&nbsp;&nbsp;__rt_entry_main
</UL>

<P><STRONG><a name="[69]"></a>_sys_exit</STRONG> (Thumb, 8 bytes, Stack size 0 bytes, sys_exit.o(.text))
<BR><BR>[Called By]<UL><LI><a href="#[68]">&gt;&gt;</a>&nbsp;&nbsp;&nbsp;__rt_exit_exit
</UL>

<P><STRONG><a name="[143]"></a>__I$use$semihosting</STRONG> (Thumb, 0 bytes, Stack size 0 bytes, use_no_semi.o(.text), UNUSED)

<P><STRONG><a name="[144]"></a>__use_no_semihosting_swi</STRONG> (Thumb, 2 bytes, Stack size 0 bytes, use_no_semi.o(.text), UNUSED)

<P><STRONG><a name="[7]"></a>BusFault_Handler</STRONG> (Thumb, 4 bytes, Stack size 0 bytes, stm32f10x_it.o(i.BusFault_Handler))
<BR>[Address Reference Count : 1]<UL><LI> startup_stm32f10x_hd.o(RESET)
</UL>
<P><STRONG><a name="[145]"></a>__semihosting_library_function</STRONG> (Thumb, 0 bytes, Stack size 0 bytes, indicate_semi.o(.text), UNUSED)

<P><STRONG><a name="[7a]"></a>CRC16</STRONG> (Thumb, 48 bytes, Stack size 16 bytes, radio.o(i.CRC16))
<BR><BR>[Stack]<UL><LI>Max Depth = 16<LI>Call Chain = CRC16
</UL>
<BR>[Called By]<UL><LI><a href="#[fc]">&gt;&gt;</a>&nbsp;&nbsp;&nbsp;UartDataAnalysis
<LI><a href="#[b8]">&gt;&gt;</a>&nbsp;&nbsp;&nbsp;RFRcvDataAnalysis
<LI><a href="#[75]">&gt;&gt;</a>&nbsp;&nbsp;&nbsp;FlashCrc
<LI><a href="#[77]">&gt;&gt;</a>&nbsp;&nbsp;&nbsp;FLASH_WriteByte
</UL>

<P><STRONG><a name="[a]"></a>DebugMon_Handler</STRONG> (Thumb, 2 bytes, Stack size 0 bytes, stm32f10x_it.o(i.DebugMon_Handler))
<BR>[Address Reference Count : 1]<UL><LI> startup_stm32f10x_hd.o(RESET)
</UL>
<P><STRONG><a name="[79]"></a>FLASH_ClearFlag</STRONG> (Thumb, 6 bytes, Stack size 0 bytes, stm32f10x_flash.o(i.FLASH_ClearFlag))
<BR><BR>[Called By]<UL><LI><a href="#[77]">&gt;&gt;</a>&nbsp;&nbsp;&nbsp;FLASH_WriteByte
</UL>

<P><STRONG><a name="[71]"></a>FLASH_ErasePage</STRONG> (Thumb, 72 bytes, Stack size 12 bytes, stm32f10x_flash.o(i.FLASH_ErasePage))
<BR><BR>[Stack]<UL><LI>Max Depth = 16<LI>Call Chain = FLASH_ErasePage &rArr; FLASH_WaitForLastOperation
</UL>
<BR>[Calls]<UL><LI><a href="#[72]">&gt;&gt;</a>&nbsp;&nbsp;&nbsp;FLASH_WaitForLastOperation
</UL>
<BR>[Called By]<UL><LI><a href="#[77]">&gt;&gt;</a>&nbsp;&nbsp;&nbsp;FLASH_WriteByte
</UL>

<P><STRONG><a name="[76]"></a>FLASH_GetBank1Status</STRONG> (Thumb, 48 bytes, Stack size 0 bytes, stm32f10x_flash.o(i.FLASH_GetBank1Status))
<BR><BR>[Called By]<UL><LI><a href="#[72]">&gt;&gt;</a>&nbsp;&nbsp;&nbsp;FLASH_WaitForLastOperation
</UL>

<P><STRONG><a name="[7b]"></a>FLASH_Lock</STRONG> (Thumb, 14 bytes, Stack size 0 bytes, stm32f10x_flash.o(i.FLASH_Lock))
<BR><BR>[Called By]<UL><LI><a href="#[77]">&gt;&gt;</a>&nbsp;&nbsp;&nbsp;FLASH_WriteByte
</UL>

<P><STRONG><a name="[b2]"></a>FLASH_PrefetchBufferCmd</STRONG> (Thumb, 22 bytes, Stack size 0 bytes, stm32f10x_flash.o(i.FLASH_PrefetchBufferCmd))
<BR><BR>[Called By]<UL><LI><a href="#[aa]">&gt;&gt;</a>&nbsp;&nbsp;&nbsp;RCC_Configuration
</UL>

<P><STRONG><a name="[73]"></a>FLASH_ProgramHalfWord</STRONG> (Thumb, 60 bytes, Stack size 16 bytes, stm32f10x_flash.o(i.FLASH_ProgramHalfWord))
<BR><BR>[Stack]<UL><LI>Max Depth = 20<LI>Call Chain = FLASH_ProgramHalfWord &rArr; FLASH_WaitForLastOperation
</UL>
<BR>[Calls]<UL><LI><a href="#[72]">&gt;&gt;</a>&nbsp;&nbsp;&nbsp;FLASH_WaitForLastOperation
</UL>
<BR>[Called By]<UL><LI><a href="#[77]">&gt;&gt;</a>&nbsp;&nbsp;&nbsp;FLASH_WriteByte
</UL>

<P><STRONG><a name="[74]"></a>FLASH_ReadByte</STRONG> (Thumb, 44 bytes, Stack size 24 bytes, flash.o(i.FLASH_ReadByte))
<BR><BR>[Stack]<UL><LI>Max Depth = 64<LI>Call Chain = FLASH_ReadByte &rArr; FlashCrc &rArr; CRC16
</UL>
<BR>[Calls]<UL><LI><a href="#[75]">&gt;&gt;</a>&nbsp;&nbsp;&nbsp;FlashCrc
</UL>
<BR>[Called By]<UL><LI><a href="#[106]">&gt;&gt;</a>&nbsp;&nbsp;&nbsp;UartSetDisplay
<LI><a href="#[fc]">&gt;&gt;</a>&nbsp;&nbsp;&nbsp;UartDataAnalysis
</UL>

<P><STRONG><a name="[b1]"></a>FLASH_SetLatency</STRONG> (Thumb, 18 bytes, Stack size 0 bytes, stm32f10x_flash.o(i.FLASH_SetLatency))
<BR><BR>[Called By]<UL><LI><a href="#[aa]">&gt;&gt;</a>&nbsp;&nbsp;&nbsp;RCC_Configuration
</UL>

<P><STRONG><a name="[78]"></a>FLASH_Unlock</STRONG> (Thumb, 12 bytes, Stack size 0 bytes, stm32f10x_flash.o(i.FLASH_Unlock))
<BR><BR>[Called By]<UL><LI><a href="#[77]">&gt;&gt;</a>&nbsp;&nbsp;&nbsp;FLASH_WriteByte
</UL>

<P><STRONG><a name="[72]"></a>FLASH_WaitForLastOperation</STRONG> (Thumb, 38 bytes, Stack size 4 bytes, stm32f10x_flash.o(i.FLASH_WaitForLastOperation))
<BR><BR>[Stack]<UL><LI>Max Depth = 4<LI>Call Chain = FLASH_WaitForLastOperation
</UL>
<BR>[Calls]<UL><LI><a href="#[76]">&gt;&gt;</a>&nbsp;&nbsp;&nbsp;FLASH_GetBank1Status
</UL>
<BR>[Called By]<UL><LI><a href="#[73]">&gt;&gt;</a>&nbsp;&nbsp;&nbsp;FLASH_ProgramHalfWord
<LI><a href="#[71]">&gt;&gt;</a>&nbsp;&nbsp;&nbsp;FLASH_ErasePage
</UL>

<P><STRONG><a name="[77]"></a>FLASH_WriteByte</STRONG> (Thumb, 102 bytes, Stack size 24 bytes, flash.o(i.FLASH_WriteByte))
<BR><BR>[Stack]<UL><LI>Max Depth = 44<LI>Call Chain = FLASH_WriteByte &rArr; FLASH_ProgramHalfWord &rArr; FLASH_WaitForLastOperation
</UL>
<BR>[Calls]<UL><LI><a href="#[7a]">&gt;&gt;</a>&nbsp;&nbsp;&nbsp;CRC16
<LI><a href="#[78]">&gt;&gt;</a>&nbsp;&nbsp;&nbsp;FLASH_Unlock
<LI><a href="#[73]">&gt;&gt;</a>&nbsp;&nbsp;&nbsp;FLASH_ProgramHalfWord
<LI><a href="#[7b]">&gt;&gt;</a>&nbsp;&nbsp;&nbsp;FLASH_Lock
<LI><a href="#[71]">&gt;&gt;</a>&nbsp;&nbsp;&nbsp;FLASH_ErasePage
<LI><a href="#[79]">&gt;&gt;</a>&nbsp;&nbsp;&nbsp;FLASH_ClearFlag
</UL>
<BR>[Called By]<UL><LI><a href="#[fc]">&gt;&gt;</a>&nbsp;&nbsp;&nbsp;UartDataAnalysis
</UL>

<P><STRONG><a name="[75]"></a>FlashCrc</STRONG> (Thumb, 48 bytes, Stack size 24 bytes, flash.o(i.FlashCrc))
<BR><BR>[Stack]<UL><LI>Max Depth = 40<LI>Call Chain = FlashCrc &rArr; CRC16
</UL>
<BR>[Calls]<UL><LI><a href="#[7a]">&gt;&gt;</a>&nbsp;&nbsp;&nbsp;CRC16
<LI><a href="#[7c]">&gt;&gt;</a>&nbsp;&nbsp;&nbsp;__aeabi_memcpy
</UL>
<BR>[Called By]<UL><LI><a href="#[74]">&gt;&gt;</a>&nbsp;&nbsp;&nbsp;FLASH_ReadByte
</UL>

<P><STRONG><a name="[87]"></a>GPIO_Init</STRONG> (Thumb, 278 bytes, Stack size 24 bytes, stm32f10x_gpio.o(i.GPIO_Init))
<BR><BR>[Stack]<UL><LI>Max Depth = 24<LI>Call Chain = GPIO_Init
</UL>
<BR>[Called By]<UL><LI><a href="#[92]">&gt;&gt;</a>&nbsp;&nbsp;&nbsp;LedInit
<LI><a href="#[100]">&gt;&gt;</a>&nbsp;&nbsp;&nbsp;UartPinConfig
<LI><a href="#[84]">&gt;&gt;</a>&nbsp;&nbsp;&nbsp;Init485EnPin
<LI><a href="#[ec]">&gt;&gt;</a>&nbsp;&nbsp;&nbsp;Sx1276RecvPinInit
<LI><a href="#[a7]">&gt;&gt;</a>&nbsp;&nbsp;&nbsp;PowerKeyInit
<LI><a href="#[bd]">&gt;&gt;</a>&nbsp;&nbsp;&nbsp;SPI_GPIO_Configuration
</UL>

<P><STRONG><a name="[e5]"></a>GPIO_ReadInputDataBit</STRONG> (Thumb, 18 bytes, Stack size 0 bytes, stm32f10x_gpio.o(i.GPIO_ReadInputDataBit))
<BR><BR>[Called By]<UL><LI><a href="#[97]">&gt;&gt;</a>&nbsp;&nbsp;&nbsp;SX1276ReadDio0
</UL>

<P><STRONG><a name="[86]"></a>GPIO_ResetBits</STRONG> (Thumb, 4 bytes, Stack size 0 bytes, stm32f10x_gpio.o(i.GPIO_ResetBits))
<BR><BR>[Called By]<UL><LI><a href="#[b8]">&gt;&gt;</a>&nbsp;&nbsp;&nbsp;RFRcvDataAnalysis
<LI><a href="#[34]">&gt;&gt;</a>&nbsp;&nbsp;&nbsp;USART3_IRQHandler
<LI><a href="#[84]">&gt;&gt;</a>&nbsp;&nbsp;&nbsp;Init485EnPin
<LI><a href="#[a7]">&gt;&gt;</a>&nbsp;&nbsp;&nbsp;PowerKeyInit
<LI><a href="#[bb]">&gt;&gt;</a>&nbsp;&nbsp;&nbsp;SPI_CS_Select
<LI><a href="#[a9]">&gt;&gt;</a>&nbsp;&nbsp;&nbsp;Power_Select
</UL>

<P><STRONG><a name="[93]"></a>GPIO_SetBits</STRONG> (Thumb, 4 bytes, Stack size 0 bytes, stm32f10x_gpio.o(i.GPIO_SetBits))
<BR><BR>[Called By]<UL><LI><a href="#[b9]">&gt;&gt;</a>&nbsp;&nbsp;&nbsp;UartSend
<LI><a href="#[92]">&gt;&gt;</a>&nbsp;&nbsp;&nbsp;LedInit
<LI><a href="#[fd]">&gt;&gt;</a>&nbsp;&nbsp;&nbsp;UartSetAnswer
<LI><a href="#[104]">&gt;&gt;</a>&nbsp;&nbsp;&nbsp;UartPowerSend
<LI><a href="#[ec]">&gt;&gt;</a>&nbsp;&nbsp;&nbsp;Sx1276RecvPinInit
<LI><a href="#[bd]">&gt;&gt;</a>&nbsp;&nbsp;&nbsp;SPI_GPIO_Configuration
<LI><a href="#[ba]">&gt;&gt;</a>&nbsp;&nbsp;&nbsp;SPI_CS_Deselect
<LI><a href="#[a8]">&gt;&gt;</a>&nbsp;&nbsp;&nbsp;Power_Deselect
</UL>

<P><STRONG><a name="[7d]"></a>GetLoRaSNR</STRONG> (Thumb, 66 bytes, Stack size 8 bytes, sx1276-lora.o(i.GetLoRaSNR))
<BR><BR>[Stack]<UL><LI>Max Depth = 56<LI>Call Chain = GetLoRaSNR &rArr; SX1276Read &rArr; SX1276ReadBuffer &rArr; SPI_CS_Select
</UL>
<BR>[Calls]<UL><LI><a href="#[7e]">&gt;&gt;</a>&nbsp;&nbsp;&nbsp;SX1276Read
</UL>
<BR>[Called By]<UL><LI><a href="#[96]">&gt;&gt;</a>&nbsp;&nbsp;&nbsp;LoRaRxDataRead
<LI><a href="#[7f]">&gt;&gt;</a>&nbsp;&nbsp;&nbsp;GetPackLoRaRSSI
<LI><a href="#[52]">&gt;&gt;</a>&nbsp;&nbsp;&nbsp;SX1276GetPacketSnr
</UL>

<P><STRONG><a name="[7f]"></a>GetPackLoRaRSSI</STRONG> (Thumb, 150 bytes, Stack size 48 bytes, sx1276-lora.o(i.GetPackLoRaRSSI))
<BR><BR>[Stack]<UL><LI>Max Depth = 104<LI>Call Chain = GetPackLoRaRSSI &rArr; GetLoRaSNR &rArr; SX1276Read &rArr; SX1276ReadBuffer &rArr; SPI_CS_Select
</UL>
<BR>[Calls]<UL><LI><a href="#[7e]">&gt;&gt;</a>&nbsp;&nbsp;&nbsp;SX1276Read
<LI><a href="#[7d]">&gt;&gt;</a>&nbsp;&nbsp;&nbsp;GetLoRaSNR
<LI><a href="#[81]">&gt;&gt;</a>&nbsp;&nbsp;&nbsp;__aeabi_dmul
<LI><a href="#[83]">&gt;&gt;</a>&nbsp;&nbsp;&nbsp;__aeabi_ui2d
<LI><a href="#[80]">&gt;&gt;</a>&nbsp;&nbsp;&nbsp;__aeabi_i2d
<LI><a href="#[82]">&gt;&gt;</a>&nbsp;&nbsp;&nbsp;__aeabi_dadd
</UL>
<BR>[Called By]<UL><LI><a href="#[96]">&gt;&gt;</a>&nbsp;&nbsp;&nbsp;LoRaRxDataRead
<LI><a href="#[53]">&gt;&gt;</a>&nbsp;&nbsp;&nbsp;SX1276GetPacketRssi
</UL>

<P><STRONG><a name="[5]"></a>HardFault_Handler</STRONG> (Thumb, 4 bytes, Stack size 0 bytes, stm32f10x_it.o(i.HardFault_Handler))
<BR>[Address Reference Count : 1]<UL><LI> startup_stm32f10x_hd.o(RESET)
</UL>
<P><STRONG><a name="[84]"></a>Init485EnPin</STRONG> (Thumb, 50 bytes, Stack size 8 bytes, usart.o(i.Init485EnPin))
<BR><BR>[Stack]<UL><LI>Max Depth = 32<LI>Call Chain = Init485EnPin &rArr; GPIO_Init
</UL>
<BR>[Calls]<UL><LI><a href="#[86]">&gt;&gt;</a>&nbsp;&nbsp;&nbsp;GPIO_ResetBits
<LI><a href="#[85]">&gt;&gt;</a>&nbsp;&nbsp;&nbsp;RCC_APB2PeriphClockCmd
<LI><a href="#[87]">&gt;&gt;</a>&nbsp;&nbsp;&nbsp;GPIO_Init
</UL>
<BR>[Called By]<UL><LI><a href="#[fe]">&gt;&gt;</a>&nbsp;&nbsp;&nbsp;UartInit
</UL>

<P><STRONG><a name="[88]"></a>InitSystem1msInt</STRONG> (Thumb, 128 bytes, Stack size 24 bytes, sys1msinit.o(i.InitSystem1msInt))
<BR><BR>[Stack]<UL><LI>Max Depth = 40<LI>Call Chain = InitSystem1msInt &rArr; NVIC_Init
</UL>
<BR>[Calls]<UL><LI><a href="#[8d]">&gt;&gt;</a>&nbsp;&nbsp;&nbsp;TIM_TimeBaseInit
<LI><a href="#[8c]">&gt;&gt;</a>&nbsp;&nbsp;&nbsp;TIM_InternalClockConfig
<LI><a href="#[90]">&gt;&gt;</a>&nbsp;&nbsp;&nbsp;TIM_ITConfig
<LI><a href="#[8b]">&gt;&gt;</a>&nbsp;&nbsp;&nbsp;TIM_DeInit
<LI><a href="#[91]">&gt;&gt;</a>&nbsp;&nbsp;&nbsp;TIM_Cmd
<LI><a href="#[8e]">&gt;&gt;</a>&nbsp;&nbsp;&nbsp;TIM_ClearFlag
<LI><a href="#[8f]">&gt;&gt;</a>&nbsp;&nbsp;&nbsp;TIM_ARRPreloadConfig
<LI><a href="#[8a]">&gt;&gt;</a>&nbsp;&nbsp;&nbsp;RCC_APB1PeriphClockCmd
<LI><a href="#[89]">&gt;&gt;</a>&nbsp;&nbsp;&nbsp;NVIC_Init
</UL>
<BR>[Called By]<UL><LI><a href="#[64]">&gt;&gt;</a>&nbsp;&nbsp;&nbsp;main
</UL>

<P><STRONG><a name="[92]"></a>LedInit</STRONG> (Thumb, 46 bytes, Stack size 8 bytes, led.o(i.LedInit))
<BR><BR>[Stack]<UL><LI>Max Depth = 32<LI>Call Chain = LedInit &rArr; GPIO_Init
</UL>
<BR>[Calls]<UL><LI><a href="#[85]">&gt;&gt;</a>&nbsp;&nbsp;&nbsp;RCC_APB2PeriphClockCmd
<LI><a href="#[93]">&gt;&gt;</a>&nbsp;&nbsp;&nbsp;GPIO_SetBits
<LI><a href="#[87]">&gt;&gt;</a>&nbsp;&nbsp;&nbsp;GPIO_Init
</UL>
<BR>[Called By]<UL><LI><a href="#[64]">&gt;&gt;</a>&nbsp;&nbsp;&nbsp;main
</UL>

<P><STRONG><a name="[94]"></a>LoRaFreqSet</STRONG> (Thumb, 12 bytes, Stack size 8 bytes, sx1276-lora.o(i.LoRaFreqSet))
<BR><BR>[Stack]<UL><LI>Max Depth = 64<LI>Call Chain = LoRaFreqSet &rArr; SX1276LoRaSetRFFrequency &rArr; SX1276WriteBuffer &rArr; SPI_CS_Select
</UL>
<BR>[Calls]<UL><LI><a href="#[95]">&gt;&gt;</a>&nbsp;&nbsp;&nbsp;SX1276LoRaSetRFFrequency
</UL>
<BR>[Called By]<UL><LI><a href="#[59]">&gt;&gt;</a>&nbsp;&nbsp;&nbsp;SX1276FreqSet
</UL>

<P><STRONG><a name="[96]"></a>LoRaRxDataRead</STRONG> (Thumb, 186 bytes, Stack size 16 bytes, sx1276-lora.o(i.LoRaRxDataRead))
<BR><BR>[Stack]<UL><LI>Max Depth = 120<LI>Call Chain = LoRaRxDataRead &rArr; GetPackLoRaRSSI &rArr; GetLoRaSNR &rArr; SX1276Read &rArr; SX1276ReadBuffer &rArr; SPI_CS_Select
</UL>
<BR>[Calls]<UL><LI><a href="#[99]">&gt;&gt;</a>&nbsp;&nbsp;&nbsp;SX1276ReadFifo
<LI><a href="#[7e]">&gt;&gt;</a>&nbsp;&nbsp;&nbsp;SX1276Read
<LI><a href="#[98]">&gt;&gt;</a>&nbsp;&nbsp;&nbsp;SX1276Write
<LI><a href="#[97]">&gt;&gt;</a>&nbsp;&nbsp;&nbsp;SX1276ReadDio0
<LI><a href="#[7f]">&gt;&gt;</a>&nbsp;&nbsp;&nbsp;GetPackLoRaRSSI
<LI><a href="#[7d]">&gt;&gt;</a>&nbsp;&nbsp;&nbsp;GetLoRaSNR
</UL>
<BR>[Called By]<UL><LI><a href="#[56]">&gt;&gt;</a>&nbsp;&nbsp;&nbsp;SX1276RxDataRead
</UL>

<P><STRONG><a name="[9a]"></a>LoRaRxStateEnter</STRONG> (Thumb, 158 bytes, Stack size 8 bytes, sx1276-lora.o(i.LoRaRxStateEnter))
<BR><BR>[Stack]<UL><LI>Max Depth = 72<LI>Call Chain = LoRaRxStateEnter &rArr; SX1276LoRaSetOpMode &rArr; SX1276Write &rArr; SX1276WriteBuffer &rArr; SPI_CS_Select
</UL>
<BR>[Calls]<UL><LI><a href="#[9c]">&gt;&gt;</a>&nbsp;&nbsp;&nbsp;SX1276WriteBuffer
<LI><a href="#[98]">&gt;&gt;</a>&nbsp;&nbsp;&nbsp;SX1276Write
<LI><a href="#[9b]">&gt;&gt;</a>&nbsp;&nbsp;&nbsp;SX1276LoRaSetOpMode
<LI><a href="#[9d]">&gt;&gt;</a>&nbsp;&nbsp;&nbsp;__aeabi_memclr
</UL>
<BR>[Called By]<UL><LI><a href="#[55]">&gt;&gt;</a>&nbsp;&nbsp;&nbsp;SX1276RxStateEnter
</UL>

<P><STRONG><a name="[9e]"></a>LoRaTxData</STRONG> (Thumb, 244 bytes, Stack size 24 bytes, sx1276-lora.o(i.LoRaTxData))
<BR><BR>[Stack]<UL><LI>Max Depth = 88<LI>Call Chain = LoRaTxData &rArr; SX1276LoRaSetOpMode &rArr; SX1276Write &rArr; SX1276WriteBuffer &rArr; SPI_CS_Select
</UL>
<BR>[Calls]<UL><LI><a href="#[9f]">&gt;&gt;</a>&nbsp;&nbsp;&nbsp;SX1276WriteFifo
<LI><a href="#[9c]">&gt;&gt;</a>&nbsp;&nbsp;&nbsp;SX1276WriteBuffer
<LI><a href="#[98]">&gt;&gt;</a>&nbsp;&nbsp;&nbsp;SX1276Write
<LI><a href="#[97]">&gt;&gt;</a>&nbsp;&nbsp;&nbsp;SX1276ReadDio0
<LI><a href="#[9b]">&gt;&gt;</a>&nbsp;&nbsp;&nbsp;SX1276LoRaSetOpMode
</UL>
<BR>[Called By]<UL><LI><a href="#[57]">&gt;&gt;</a>&nbsp;&nbsp;&nbsp;SX1276TxData
</UL>

<P><STRONG><a name="[a0]"></a>LoRaTxPower</STRONG> (Thumb, 32 bytes, Stack size 8 bytes, sx1276-lora.o(i.LoRaTxPower))
<BR><BR>[Stack]<UL><LI>Max Depth = 64<LI>Call Chain = LoRaTxPower &rArr; SX1276LoRaSetRFPower &rArr; SX1276Read &rArr; SX1276ReadBuffer &rArr; SPI_CS_Select
</UL>
<BR>[Calls]<UL><LI><a href="#[98]">&gt;&gt;</a>&nbsp;&nbsp;&nbsp;SX1276Write
<LI><a href="#[a3]">&gt;&gt;</a>&nbsp;&nbsp;&nbsp;SX1276LoRaSetRFPower
<LI><a href="#[a2]">&gt;&gt;</a>&nbsp;&nbsp;&nbsp;SX1276LoRaSetPa20dBm
<LI><a href="#[a1]">&gt;&gt;</a>&nbsp;&nbsp;&nbsp;SX1276LoRaSetPAOutput
</UL>
<BR>[Called By]<UL><LI><a href="#[58]">&gt;&gt;</a>&nbsp;&nbsp;&nbsp;SX1276TxPower
</UL>

<P><STRONG><a name="[6]"></a>MemManage_Handler</STRONG> (Thumb, 4 bytes, Stack size 0 bytes, stm32f10x_it.o(i.MemManage_Handler))
<BR>[Address Reference Count : 1]<UL><LI> startup_stm32f10x_hd.o(RESET)
</UL>
<P><STRONG><a name="[4]"></a>NMI_Handler</STRONG> (Thumb, 2 bytes, Stack size 0 bytes, stm32f10x_it.o(i.NMI_Handler))
<BR>[Address Reference Count : 1]<UL><LI> startup_stm32f10x_hd.o(RESET)
</UL>
<P><STRONG><a name="[a4]"></a>NVIC_Configuration</STRONG> (Thumb, 22 bytes, Stack size 8 bytes, sys.o(i.NVIC_Configuration))
<BR><BR>[Stack]<UL><LI>Max Depth = 8<LI>Call Chain = NVIC_Configuration
</UL>
<BR>[Calls]<UL><LI><a href="#[a5]">&gt;&gt;</a>&nbsp;&nbsp;&nbsp;NVIC_SetVectorTable
<LI><a href="#[a6]">&gt;&gt;</a>&nbsp;&nbsp;&nbsp;NVIC_PriorityGroupConfig
</UL>
<BR>[Called By]<UL><LI><a href="#[64]">&gt;&gt;</a>&nbsp;&nbsp;&nbsp;main
</UL>

<P><STRONG><a name="[89]"></a>NVIC_Init</STRONG> (Thumb, 100 bytes, Stack size 16 bytes, misc.o(i.NVIC_Init))
<BR><BR>[Stack]<UL><LI>Max Depth = 16<LI>Call Chain = NVIC_Init
</UL>
<BR>[Called By]<UL><LI><a href="#[88]">&gt;&gt;</a>&nbsp;&nbsp;&nbsp;InitSystem1msInt
<LI><a href="#[ff]">&gt;&gt;</a>&nbsp;&nbsp;&nbsp;UartPriorityConfig
</UL>

<P><STRONG><a name="[a6]"></a>NVIC_PriorityGroupConfig</STRONG> (Thumb, 10 bytes, Stack size 0 bytes, misc.o(i.NVIC_PriorityGroupConfig))
<BR><BR>[Called By]<UL><LI><a href="#[a4]">&gt;&gt;</a>&nbsp;&nbsp;&nbsp;NVIC_Configuration
</UL>

<P><STRONG><a name="[a5]"></a>NVIC_SetVectorTable</STRONG> (Thumb, 12 bytes, Stack size 0 bytes, misc.o(i.NVIC_SetVectorTable))
<BR><BR>[Called By]<UL><LI><a href="#[a4]">&gt;&gt;</a>&nbsp;&nbsp;&nbsp;NVIC_Configuration
</UL>

<P><STRONG><a name="[b]"></a>PendSV_Handler</STRONG> (Thumb, 2 bytes, Stack size 0 bytes, stm32f10x_it.o(i.PendSV_Handler))
<BR>[Address Reference Count : 1]<UL><LI> startup_stm32f10x_hd.o(RESET)
</UL>
<P><STRONG><a name="[a7]"></a>PowerKeyInit</STRONG> (Thumb, 44 bytes, Stack size 8 bytes, sx1278init.o(i.PowerKeyInit))
<BR><BR>[Stack]<UL><LI>Max Depth = 32<LI>Call Chain = PowerKeyInit &rArr; GPIO_Init
</UL>
<BR>[Calls]<UL><LI><a href="#[86]">&gt;&gt;</a>&nbsp;&nbsp;&nbsp;GPIO_ResetBits
<LI><a href="#[85]">&gt;&gt;</a>&nbsp;&nbsp;&nbsp;RCC_APB2PeriphClockCmd
<LI><a href="#[87]">&gt;&gt;</a>&nbsp;&nbsp;&nbsp;GPIO_Init
</UL>
<BR>[Called By]<UL><LI><a href="#[be]">&gt;&gt;</a>&nbsp;&nbsp;&nbsp;Spi_GpioInit
</UL>

<P><STRONG><a name="[a8]"></a>Power_Deselect</STRONG> (Thumb, 14 bytes, Stack size 8 bytes, sx1278init.o(i.Power_Deselect))
<BR><BR>[Stack]<UL><LI>Max Depth = 8<LI>Call Chain = Power_Deselect
</UL>
<BR>[Calls]<UL><LI><a href="#[93]">&gt;&gt;</a>&nbsp;&nbsp;&nbsp;GPIO_SetBits
</UL>
<BR>[Called By]<UL><LI><a href="#[e6]">&gt;&gt;</a>&nbsp;&nbsp;&nbsp;SX1276SetReset
</UL>

<P><STRONG><a name="[a9]"></a>Power_Select</STRONG> (Thumb, 14 bytes, Stack size 8 bytes, sx1278init.o(i.Power_Select))
<BR><BR>[Stack]<UL><LI>Max Depth = 8<LI>Call Chain = Power_Select
</UL>
<BR>[Calls]<UL><LI><a href="#[86]">&gt;&gt;</a>&nbsp;&nbsp;&nbsp;GPIO_ResetBits
</UL>
<BR>[Called By]<UL><LI><a href="#[e6]">&gt;&gt;</a>&nbsp;&nbsp;&nbsp;SX1276SetReset
</UL>

<P><STRONG><a name="[8a]"></a>RCC_APB1PeriphClockCmd</STRONG> (Thumb, 26 bytes, Stack size 0 bytes, stm32f10x_rcc.o(i.RCC_APB1PeriphClockCmd))
<BR><BR>[Called By]<UL><LI><a href="#[88]">&gt;&gt;</a>&nbsp;&nbsp;&nbsp;InitSystem1msInt
<LI><a href="#[100]">&gt;&gt;</a>&nbsp;&nbsp;&nbsp;UartPinConfig
</UL>

<P><STRONG><a name="[f3]"></a>RCC_APB1PeriphResetCmd</STRONG> (Thumb, 26 bytes, Stack size 0 bytes, stm32f10x_rcc.o(i.RCC_APB1PeriphResetCmd))
<BR><BR>[Called By]<UL><LI><a href="#[8b]">&gt;&gt;</a>&nbsp;&nbsp;&nbsp;TIM_DeInit
</UL>

<P><STRONG><a name="[85]"></a>RCC_APB2PeriphClockCmd</STRONG> (Thumb, 26 bytes, Stack size 0 bytes, stm32f10x_rcc.o(i.RCC_APB2PeriphClockCmd))
<BR><BR>[Called By]<UL><LI><a href="#[92]">&gt;&gt;</a>&nbsp;&nbsp;&nbsp;LedInit
<LI><a href="#[100]">&gt;&gt;</a>&nbsp;&nbsp;&nbsp;UartPinConfig
<LI><a href="#[84]">&gt;&gt;</a>&nbsp;&nbsp;&nbsp;Init485EnPin
<LI><a href="#[ec]">&gt;&gt;</a>&nbsp;&nbsp;&nbsp;Sx1276RecvPinInit
<LI><a href="#[bc]">&gt;&gt;</a>&nbsp;&nbsp;&nbsp;SPI_Configuration
<LI><a href="#[a7]">&gt;&gt;</a>&nbsp;&nbsp;&nbsp;PowerKeyInit
<LI><a href="#[bd]">&gt;&gt;</a>&nbsp;&nbsp;&nbsp;SPI_GPIO_Configuration
</UL>

<P><STRONG><a name="[f2]"></a>RCC_APB2PeriphResetCmd</STRONG> (Thumb, 26 bytes, Stack size 0 bytes, stm32f10x_rcc.o(i.RCC_APB2PeriphResetCmd))
<BR><BR>[Called By]<UL><LI><a href="#[8b]">&gt;&gt;</a>&nbsp;&nbsp;&nbsp;TIM_DeInit
</UL>

<P><STRONG><a name="[aa]"></a>RCC_Configuration</STRONG> (Thumb, 104 bytes, Stack size 8 bytes, sys1msinit.o(i.RCC_Configuration))
<BR><BR>[Stack]<UL><LI>Max Depth = 32<LI>Call Chain = RCC_Configuration &rArr; RCC_WaitForHSEStartUp &rArr; RCC_GetFlagStatus
</UL>
<BR>[Calls]<UL><LI><a href="#[ad]">&gt;&gt;</a>&nbsp;&nbsp;&nbsp;RCC_WaitForHSEStartUp
<LI><a href="#[b6]">&gt;&gt;</a>&nbsp;&nbsp;&nbsp;RCC_SYSCLKConfig
<LI><a href="#[b3]">&gt;&gt;</a>&nbsp;&nbsp;&nbsp;RCC_PLLConfig
<LI><a href="#[b4]">&gt;&gt;</a>&nbsp;&nbsp;&nbsp;RCC_PLLCmd
<LI><a href="#[af]">&gt;&gt;</a>&nbsp;&nbsp;&nbsp;RCC_PCLK2Config
<LI><a href="#[b0]">&gt;&gt;</a>&nbsp;&nbsp;&nbsp;RCC_PCLK1Config
<LI><a href="#[ac]">&gt;&gt;</a>&nbsp;&nbsp;&nbsp;RCC_HSEConfig
<LI><a href="#[ae]">&gt;&gt;</a>&nbsp;&nbsp;&nbsp;RCC_HCLKConfig
<LI><a href="#[b7]">&gt;&gt;</a>&nbsp;&nbsp;&nbsp;RCC_GetSYSCLKSource
<LI><a href="#[b5]">&gt;&gt;</a>&nbsp;&nbsp;&nbsp;RCC_GetFlagStatus
<LI><a href="#[ab]">&gt;&gt;</a>&nbsp;&nbsp;&nbsp;RCC_DeInit
<LI><a href="#[b1]">&gt;&gt;</a>&nbsp;&nbsp;&nbsp;FLASH_SetLatency
<LI><a href="#[b2]">&gt;&gt;</a>&nbsp;&nbsp;&nbsp;FLASH_PrefetchBufferCmd
</UL>
<BR>[Called By]<UL><LI><a href="#[64]">&gt;&gt;</a>&nbsp;&nbsp;&nbsp;main
</UL>

<P><STRONG><a name="[ab]"></a>RCC_DeInit</STRONG> (Thumb, 64 bytes, Stack size 0 bytes, stm32f10x_rcc.o(i.RCC_DeInit))
<BR><BR>[Called By]<UL><LI><a href="#[aa]">&gt;&gt;</a>&nbsp;&nbsp;&nbsp;RCC_Configuration
</UL>

<P><STRONG><a name="[fb]"></a>RCC_GetClocksFreq</STRONG> (Thumb, 192 bytes, Stack size 12 bytes, stm32f10x_rcc.o(i.RCC_GetClocksFreq))
<BR><BR>[Stack]<UL><LI>Max Depth = 12<LI>Call Chain = RCC_GetClocksFreq
</UL>
<BR>[Called By]<UL><LI><a href="#[fa]">&gt;&gt;</a>&nbsp;&nbsp;&nbsp;USART_Init
</UL>

<P><STRONG><a name="[b5]"></a>RCC_GetFlagStatus</STRONG> (Thumb, 56 bytes, Stack size 8 bytes, stm32f10x_rcc.o(i.RCC_GetFlagStatus))
<BR><BR>[Stack]<UL><LI>Max Depth = 8<LI>Call Chain = RCC_GetFlagStatus
</UL>
<BR>[Called By]<UL><LI><a href="#[aa]">&gt;&gt;</a>&nbsp;&nbsp;&nbsp;RCC_Configuration
<LI><a href="#[ad]">&gt;&gt;</a>&nbsp;&nbsp;&nbsp;RCC_WaitForHSEStartUp
</UL>

<P><STRONG><a name="[b7]"></a>RCC_GetSYSCLKSource</STRONG> (Thumb, 10 bytes, Stack size 0 bytes, stm32f10x_rcc.o(i.RCC_GetSYSCLKSource))
<BR><BR>[Called By]<UL><LI><a href="#[aa]">&gt;&gt;</a>&nbsp;&nbsp;&nbsp;RCC_Configuration
</UL>

<P><STRONG><a name="[ae]"></a>RCC_HCLKConfig</STRONG> (Thumb, 18 bytes, Stack size 0 bytes, stm32f10x_rcc.o(i.RCC_HCLKConfig))
<BR><BR>[Called By]<UL><LI><a href="#[aa]">&gt;&gt;</a>&nbsp;&nbsp;&nbsp;RCC_Configuration
</UL>

<P><STRONG><a name="[ac]"></a>RCC_HSEConfig</STRONG> (Thumb, 70 bytes, Stack size 0 bytes, stm32f10x_rcc.o(i.RCC_HSEConfig))
<BR><BR>[Called By]<UL><LI><a href="#[aa]">&gt;&gt;</a>&nbsp;&nbsp;&nbsp;RCC_Configuration
</UL>

<P><STRONG><a name="[b0]"></a>RCC_PCLK1Config</STRONG> (Thumb, 18 bytes, Stack size 0 bytes, stm32f10x_rcc.o(i.RCC_PCLK1Config))
<BR><BR>[Called By]<UL><LI><a href="#[aa]">&gt;&gt;</a>&nbsp;&nbsp;&nbsp;RCC_Configuration
</UL>

<P><STRONG><a name="[af]"></a>RCC_PCLK2Config</STRONG> (Thumb, 20 bytes, Stack size 0 bytes, stm32f10x_rcc.o(i.RCC_PCLK2Config))
<BR><BR>[Called By]<UL><LI><a href="#[aa]">&gt;&gt;</a>&nbsp;&nbsp;&nbsp;RCC_Configuration
</UL>

<P><STRONG><a name="[b4]"></a>RCC_PLLCmd</STRONG> (Thumb, 6 bytes, Stack size 0 bytes, stm32f10x_rcc.o(i.RCC_PLLCmd))
<BR><BR>[Called By]<UL><LI><a href="#[aa]">&gt;&gt;</a>&nbsp;&nbsp;&nbsp;RCC_Configuration
</UL>

<P><STRONG><a name="[b3]"></a>RCC_PLLConfig</STRONG> (Thumb, 24 bytes, Stack size 0 bytes, stm32f10x_rcc.o(i.RCC_PLLConfig))
<BR><BR>[Called By]<UL><LI><a href="#[aa]">&gt;&gt;</a>&nbsp;&nbsp;&nbsp;RCC_Configuration
</UL>

<P><STRONG><a name="[b6]"></a>RCC_SYSCLKConfig</STRONG> (Thumb, 18 bytes, Stack size 0 bytes, stm32f10x_rcc.o(i.RCC_SYSCLKConfig))
<BR><BR>[Called By]<UL><LI><a href="#[aa]">&gt;&gt;</a>&nbsp;&nbsp;&nbsp;RCC_Configuration
</UL>

<P><STRONG><a name="[ad]"></a>RCC_WaitForHSEStartUp</STRONG> (Thumb, 56 bytes, Stack size 16 bytes, stm32f10x_rcc.o(i.RCC_WaitForHSEStartUp))
<BR><BR>[Stack]<UL><LI>Max Depth = 24<LI>Call Chain = RCC_WaitForHSEStartUp &rArr; RCC_GetFlagStatus
</UL>
<BR>[Calls]<UL><LI><a href="#[b5]">&gt;&gt;</a>&nbsp;&nbsp;&nbsp;RCC_GetFlagStatus
</UL>
<BR>[Called By]<UL><LI><a href="#[aa]">&gt;&gt;</a>&nbsp;&nbsp;&nbsp;RCC_Configuration
</UL>

<P><STRONG><a name="[b8]"></a>RFRcvDataAnalysis</STRONG> (Thumb, 148 bytes, Stack size 24 bytes, radio.o(i.RFRcvDataAnalysis))
<BR><BR>[Stack]<UL><LI>Max Depth = 40<LI>Call Chain = RFRcvDataAnalysis &rArr; CRC16
</UL>
<BR>[Calls]<UL><LI><a href="#[b9]">&gt;&gt;</a>&nbsp;&nbsp;&nbsp;UartSend
<LI><a href="#[86]">&gt;&gt;</a>&nbsp;&nbsp;&nbsp;GPIO_ResetBits
<LI><a href="#[7a]">&gt;&gt;</a>&nbsp;&nbsp;&nbsp;CRC16
</UL>
<BR>[Called By]<UL><LI><a href="#[64]">&gt;&gt;</a>&nbsp;&nbsp;&nbsp;main
</UL>

<P><STRONG><a name="[ee]"></a>RadioDriverInit</STRONG> (Thumb, 70 bytes, Stack size 0 bytes, radio.o(i.RadioDriverInit))
<BR><BR>[Called By]<UL><LI><a href="#[ed]">&gt;&gt;</a>&nbsp;&nbsp;&nbsp;Sx1278Init
</UL>

<P><STRONG><a name="[ba]"></a>SPI_CS_Deselect</STRONG> (Thumb, 12 bytes, Stack size 8 bytes, sx1278init.o(i.SPI_CS_Deselect))
<BR><BR>[Stack]<UL><LI>Max Depth = 8<LI>Call Chain = SPI_CS_Deselect
</UL>
<BR>[Calls]<UL><LI><a href="#[93]">&gt;&gt;</a>&nbsp;&nbsp;&nbsp;GPIO_SetBits
</UL>
<BR>[Called By]<UL><LI><a href="#[9c]">&gt;&gt;</a>&nbsp;&nbsp;&nbsp;SX1276WriteBuffer
<LI><a href="#[cb]">&gt;&gt;</a>&nbsp;&nbsp;&nbsp;SX1276ReadBuffer
</UL>

<P><STRONG><a name="[bb]"></a>SPI_CS_Select</STRONG> (Thumb, 12 bytes, Stack size 8 bytes, sx1278init.o(i.SPI_CS_Select))
<BR><BR>[Stack]<UL><LI>Max Depth = 8<LI>Call Chain = SPI_CS_Select
</UL>
<BR>[Calls]<UL><LI><a href="#[86]">&gt;&gt;</a>&nbsp;&nbsp;&nbsp;GPIO_ResetBits
</UL>
<BR>[Called By]<UL><LI><a href="#[9c]">&gt;&gt;</a>&nbsp;&nbsp;&nbsp;SX1276WriteBuffer
<LI><a href="#[cb]">&gt;&gt;</a>&nbsp;&nbsp;&nbsp;SX1276ReadBuffer
</UL>

<P><STRONG><a name="[c1]"></a>SPI_Cmd</STRONG> (Thumb, 24 bytes, Stack size 0 bytes, stm32f10x_spi.o(i.SPI_Cmd))
<BR><BR>[Called By]<UL><LI><a href="#[bc]">&gt;&gt;</a>&nbsp;&nbsp;&nbsp;SPI_Configuration
</UL>

<P><STRONG><a name="[bc]"></a>SPI_Configuration</STRONG> (Thumb, 102 bytes, Stack size 24 bytes, sx1278init.o(i.SPI_Configuration))
<BR><BR>[Stack]<UL><LI>Max Depth = 64<LI>Call Chain = SPI_Configuration &rArr; Spi_GpioInit &rArr; Sx1276RecvPinInit &rArr; GPIO_Init
</UL>
<BR>[Calls]<UL><LI><a href="#[c0]">&gt;&gt;</a>&nbsp;&nbsp;&nbsp;SPI_SSOutputCmd
<LI><a href="#[bf]">&gt;&gt;</a>&nbsp;&nbsp;&nbsp;SPI_Init
<LI><a href="#[c1]">&gt;&gt;</a>&nbsp;&nbsp;&nbsp;SPI_Cmd
<LI><a href="#[85]">&gt;&gt;</a>&nbsp;&nbsp;&nbsp;RCC_APB2PeriphClockCmd
<LI><a href="#[be]">&gt;&gt;</a>&nbsp;&nbsp;&nbsp;Spi_GpioInit
<LI><a href="#[bd]">&gt;&gt;</a>&nbsp;&nbsp;&nbsp;SPI_GPIO_Configuration
</UL>
<BR>[Called By]<UL><LI><a href="#[ed]">&gt;&gt;</a>&nbsp;&nbsp;&nbsp;Sx1278Init
</UL>

<P><STRONG><a name="[bf]"></a>SPI_Init</STRONG> (Thumb, 60 bytes, Stack size 8 bytes, stm32f10x_spi.o(i.SPI_Init))
<BR><BR>[Stack]<UL><LI>Max Depth = 8<LI>Call Chain = SPI_Init
</UL>
<BR>[Called By]<UL><LI><a href="#[bc]">&gt;&gt;</a>&nbsp;&nbsp;&nbsp;SPI_Configuration
</UL>

<P><STRONG><a name="[e4]"></a>SPI_ReadByte</STRONG> (Thumb, 42 bytes, Stack size 0 bytes, sx1278init.o(i.SPI_ReadByte))
<BR><BR>[Called By]<UL><LI><a href="#[cb]">&gt;&gt;</a>&nbsp;&nbsp;&nbsp;SX1276ReadBuffer
</UL>

<P><STRONG><a name="[c0]"></a>SPI_SSOutputCmd</STRONG> (Thumb, 24 bytes, Stack size 0 bytes, stm32f10x_spi.o(i.SPI_SSOutputCmd))
<BR><BR>[Called By]<UL><LI><a href="#[bc]">&gt;&gt;</a>&nbsp;&nbsp;&nbsp;SPI_Configuration
</UL>

<P><STRONG><a name="[e3]"></a>SPI_WriteByte</STRONG> (Thumb, 38 bytes, Stack size 0 bytes, sx1278init.o(i.SPI_WriteByte))
<BR><BR>[Called By]<UL><LI><a href="#[9c]">&gt;&gt;</a>&nbsp;&nbsp;&nbsp;SX1276WriteBuffer
<LI><a href="#[cb]">&gt;&gt;</a>&nbsp;&nbsp;&nbsp;SX1276ReadBuffer
</UL>

<P><STRONG><a name="[9]"></a>SVC_Handler</STRONG> (Thumb, 2 bytes, Stack size 0 bytes, stm32f10x_it.o(i.SVC_Handler))
<BR>[Address Reference Count : 1]<UL><LI> startup_stm32f10x_hd.o(RESET)
</UL>
<P><STRONG><a name="[51]"></a>SX1276Dio0State</STRONG> (Thumb, 8 bytes, Stack size 8 bytes, sx1276.o(i.SX1276Dio0State))
<BR><BR>[Stack]<UL><LI>Max Depth = 16<LI>Call Chain = SX1276Dio0State &rArr; SX1276ReadDio0
</UL>
<BR>[Calls]<UL><LI><a href="#[97]">&gt;&gt;</a>&nbsp;&nbsp;&nbsp;SX1276ReadDio0
</UL>
<BR>[Address Reference Count : 1]<UL><LI> radio.o(i.RadioDriverInit)
</UL>
<P><STRONG><a name="[59]"></a>SX1276FreqSet</STRONG> (Thumb, 18 bytes, Stack size 8 bytes, sx1276.o(i.SX1276FreqSet))
<BR><BR>[Stack]<UL><LI>Max Depth = 72<LI>Call Chain = SX1276FreqSet &rArr; LoRaFreqSet &rArr; SX1276LoRaSetRFFrequency &rArr; SX1276WriteBuffer &rArr; SPI_CS_Select
</UL>
<BR>[Calls]<UL><LI><a href="#[94]">&gt;&gt;</a>&nbsp;&nbsp;&nbsp;LoRaFreqSet
</UL>
<BR>[Address Reference Count : 1]<UL><LI> radio.o(i.RadioDriverInit)
</UL>
<P><STRONG><a name="[cf]"></a>SX1276FskGetPacketRssi</STRONG> (Thumb, 6 bytes, Stack size 0 bytes, sx1276-fsk.o(i.SX1276FskGetPacketRssi))
<BR><BR>[Called By]<UL><LI><a href="#[53]">&gt;&gt;</a>&nbsp;&nbsp;&nbsp;SX1276GetPacketRssi
</UL>

<P><STRONG><a name="[c2]"></a>SX1276FskGetRxPacket</STRONG> (Thumb, 30 bytes, Stack size 16 bytes, sx1276-fsk.o(i.SX1276FskGetRxPacket))
<BR><BR>[Stack]<UL><LI>Max Depth = 16<LI>Call Chain = SX1276FskGetRxPacket
</UL>
<BR>[Calls]<UL><LI><a href="#[7c]">&gt;&gt;</a>&nbsp;&nbsp;&nbsp;__aeabi_memcpy
</UL>
<BR>[Called By]<UL><LI><a href="#[4e]">&gt;&gt;</a>&nbsp;&nbsp;&nbsp;SX1276GetRxPacket
</UL>

<P><STRONG><a name="[c3]"></a>SX1276FskProcess</STRONG> (Thumb, 1290 bytes, Stack size 8 bytes, sx1276-fsk.o(i.SX1276FskProcess))
<BR><BR>[Stack]<UL><LI>Max Depth = 72<LI>Call Chain = SX1276FskProcess &rArr; SX1276FskReadAfc &rArr; SX1276ReadBuffer &rArr; SPI_CS_Select
</UL>
<BR>[Calls]<UL><LI><a href="#[9f]">&gt;&gt;</a>&nbsp;&nbsp;&nbsp;SX1276WriteFifo
<LI><a href="#[99]">&gt;&gt;</a>&nbsp;&nbsp;&nbsp;SX1276ReadFifo
<LI><a href="#[c5]">&gt;&gt;</a>&nbsp;&nbsp;&nbsp;SX1276ReadDio4
<LI><a href="#[c6]">&gt;&gt;</a>&nbsp;&nbsp;&nbsp;SX1276ReadDio2
<LI><a href="#[ca]">&gt;&gt;</a>&nbsp;&nbsp;&nbsp;SX1276ReadDio1
<LI><a href="#[c8]">&gt;&gt;</a>&nbsp;&nbsp;&nbsp;SX1276FskReadAfc
<LI><a href="#[9c]">&gt;&gt;</a>&nbsp;&nbsp;&nbsp;SX1276WriteBuffer
<LI><a href="#[98]">&gt;&gt;</a>&nbsp;&nbsp;&nbsp;SX1276Write
<LI><a href="#[97]">&gt;&gt;</a>&nbsp;&nbsp;&nbsp;SX1276ReadDio0
<LI><a href="#[c4]">&gt;&gt;</a>&nbsp;&nbsp;&nbsp;SX1276FskSetOpMode
<LI><a href="#[c9]">&gt;&gt;</a>&nbsp;&nbsp;&nbsp;SX1276FskReadRxGain
<LI><a href="#[c7]">&gt;&gt;</a>&nbsp;&nbsp;&nbsp;SX1276FskReadRssi
<LI><a href="#[9d]">&gt;&gt;</a>&nbsp;&nbsp;&nbsp;__aeabi_memclr
</UL>
<BR>[Called By]<UL><LI><a href="#[57]">&gt;&gt;</a>&nbsp;&nbsp;&nbsp;SX1276TxData
<LI><a href="#[50]">&gt;&gt;</a>&nbsp;&nbsp;&nbsp;SX1276Process
</UL>

<P><STRONG><a name="[c8]"></a>SX1276FskReadAfc</STRONG> (Thumb, 70 bytes, Stack size 32 bytes, sx1276-fsk.o(i.SX1276FskReadAfc))
<BR><BR>[Stack]<UL><LI>Max Depth = 64<LI>Call Chain = SX1276FskReadAfc &rArr; SX1276ReadBuffer &rArr; SPI_CS_Select
</UL>
<BR>[Calls]<UL><LI><a href="#[cb]">&gt;&gt;</a>&nbsp;&nbsp;&nbsp;SX1276ReadBuffer
<LI><a href="#[81]">&gt;&gt;</a>&nbsp;&nbsp;&nbsp;__aeabi_dmul
<LI><a href="#[80]">&gt;&gt;</a>&nbsp;&nbsp;&nbsp;__aeabi_i2d
<LI><a href="#[cc]">&gt;&gt;</a>&nbsp;&nbsp;&nbsp;__aeabi_d2iz
</UL>
<BR>[Called By]<UL><LI><a href="#[c3]">&gt;&gt;</a>&nbsp;&nbsp;&nbsp;SX1276FskProcess
</UL>

<P><STRONG><a name="[c7]"></a>SX1276FskReadRssi</STRONG> (Thumb, 42 bytes, Stack size 16 bytes, sx1276-fsk.o(i.SX1276FskReadRssi))
<BR><BR>[Stack]<UL><LI>Max Depth = 64<LI>Call Chain = SX1276FskReadRssi &rArr; SX1276Read &rArr; SX1276ReadBuffer &rArr; SPI_CS_Select
</UL>
<BR>[Calls]<UL><LI><a href="#[7e]">&gt;&gt;</a>&nbsp;&nbsp;&nbsp;SX1276Read
<LI><a href="#[83]">&gt;&gt;</a>&nbsp;&nbsp;&nbsp;__aeabi_ui2d
<LI><a href="#[cd]">&gt;&gt;</a>&nbsp;&nbsp;&nbsp;__aeabi_ddiv
</UL>
<BR>[Called By]<UL><LI><a href="#[c3]">&gt;&gt;</a>&nbsp;&nbsp;&nbsp;SX1276FskProcess
<LI><a href="#[54]">&gt;&gt;</a>&nbsp;&nbsp;&nbsp;SX1276ReadRssi
</UL>

<P><STRONG><a name="[c9]"></a>SX1276FskReadRxGain</STRONG> (Thumb, 24 bytes, Stack size 8 bytes, sx1276-fsk.o(i.SX1276FskReadRxGain))
<BR><BR>[Stack]<UL><LI>Max Depth = 56<LI>Call Chain = SX1276FskReadRxGain &rArr; SX1276Read &rArr; SX1276ReadBuffer &rArr; SPI_CS_Select
</UL>
<BR>[Calls]<UL><LI><a href="#[7e]">&gt;&gt;</a>&nbsp;&nbsp;&nbsp;SX1276Read
</UL>
<BR>[Called By]<UL><LI><a href="#[c3]">&gt;&gt;</a>&nbsp;&nbsp;&nbsp;SX1276FskProcess
</UL>

<P><STRONG><a name="[c4]"></a>SX1276FskSetOpMode</STRONG> (Thumb, 82 bytes, Stack size 16 bytes, sx1276-fsk.o(i.SX1276FskSetOpMode))
<BR><BR>[Stack]<UL><LI>Max Depth = 64<LI>Call Chain = SX1276FskSetOpMode &rArr; SX1276Write &rArr; SX1276WriteBuffer &rArr; SPI_CS_Select
</UL>
<BR>[Calls]<UL><LI><a href="#[98]">&gt;&gt;</a>&nbsp;&nbsp;&nbsp;SX1276Write
</UL>
<BR>[Called By]<UL><LI><a href="#[c3]">&gt;&gt;</a>&nbsp;&nbsp;&nbsp;SX1276FskProcess
<LI><a href="#[5a]">&gt;&gt;</a>&nbsp;&nbsp;&nbsp;SX1276SetOpMode
</UL>

<P><STRONG><a name="[e8]"></a>SX1276FskSetRFState</STRONG> (Thumb, 6 bytes, Stack size 0 bytes, sx1276-fsk.o(i.SX1276FskSetRFState))
<BR><BR>[Called By]<UL><LI><a href="#[4d]">&gt;&gt;</a>&nbsp;&nbsp;&nbsp;SX1276StartRx
</UL>

<P><STRONG><a name="[ce]"></a>SX1276FskSetTxPacket</STRONG> (Thumb, 28 bytes, Stack size 16 bytes, sx1276-fsk.o(i.SX1276FskSetTxPacket))
<BR><BR>[Stack]<UL><LI>Max Depth = 16<LI>Call Chain = SX1276FskSetTxPacket
</UL>
<BR>[Calls]<UL><LI><a href="#[7c]">&gt;&gt;</a>&nbsp;&nbsp;&nbsp;__aeabi_memcpy
</UL>
<BR>[Called By]<UL><LI><a href="#[4f]">&gt;&gt;</a>&nbsp;&nbsp;&nbsp;SX1276SetTxPacket
</UL>

<P><STRONG><a name="[53]"></a>SX1276GetPacketRssi</STRONG> (Thumb, 20 bytes, Stack size 8 bytes, sx1276.o(i.SX1276GetPacketRssi))
<BR><BR>[Stack]<UL><LI>Max Depth = 112<LI>Call Chain = SX1276GetPacketRssi &rArr; GetPackLoRaRSSI &rArr; GetLoRaSNR &rArr; SX1276Read &rArr; SX1276ReadBuffer &rArr; SPI_CS_Select
</UL>
<BR>[Calls]<UL><LI><a href="#[cf]">&gt;&gt;</a>&nbsp;&nbsp;&nbsp;SX1276FskGetPacketRssi
<LI><a href="#[7f]">&gt;&gt;</a>&nbsp;&nbsp;&nbsp;GetPackLoRaRSSI
</UL>
<BR>[Address Reference Count : 1]<UL><LI> radio.o(i.RadioDriverInit)
</UL>
<P><STRONG><a name="[52]"></a>SX1276GetPacketSnr</STRONG> (Thumb, 18 bytes, Stack size 8 bytes, sx1276.o(i.SX1276GetPacketSnr))
<BR><BR>[Stack]<UL><LI>Max Depth = 64<LI>Call Chain = SX1276GetPacketSnr &rArr; GetLoRaSNR &rArr; SX1276Read &rArr; SX1276ReadBuffer &rArr; SPI_CS_Select
</UL>
<BR>[Calls]<UL><LI><a href="#[7d]">&gt;&gt;</a>&nbsp;&nbsp;&nbsp;GetLoRaSNR
</UL>
<BR>[Address Reference Count : 1]<UL><LI> radio.o(i.RadioDriverInit)
</UL>
<P><STRONG><a name="[4e]"></a>SX1276GetRxPacket</STRONG> (Thumb, 32 bytes, Stack size 16 bytes, sx1276.o(i.SX1276GetRxPacket))
<BR><BR>[Stack]<UL><LI>Max Depth = 32<LI>Call Chain = SX1276GetRxPacket &rArr; SX1276LoRaGetRxPacket
</UL>
<BR>[Calls]<UL><LI><a href="#[d0]">&gt;&gt;</a>&nbsp;&nbsp;&nbsp;SX1276LoRaGetRxPacket
<LI><a href="#[c2]">&gt;&gt;</a>&nbsp;&nbsp;&nbsp;SX1276FskGetRxPacket
</UL>
<BR>[Address Reference Count : 1]<UL><LI> radio.o(i.RadioDriverInit)
</UL>
<P><STRONG><a name="[4b]"></a>SX1276Init</STRONG> (Thumb, 114 bytes, Stack size 24 bytes, sx1276.o(i.SX1276Init))
<BR><BR>[Stack]<UL><LI>Max Depth = 96<LI>Call Chain = SX1276Init &rArr; SX1276LoRaInit &rArr; SX1276LoRaSetOpMode &rArr; SX1276Write &rArr; SX1276WriteBuffer &rArr; SPI_CS_Select
</UL>
<BR>[Calls]<UL><LI><a href="#[d3]">&gt;&gt;</a>&nbsp;&nbsp;&nbsp;SX1276LoRaInit
<LI><a href="#[d2]">&gt;&gt;</a>&nbsp;&nbsp;&nbsp;SX1276SetLoRaOn
<LI><a href="#[4c]">&gt;&gt;</a>&nbsp;&nbsp;&nbsp;SX1276Reset
<LI><a href="#[81]">&gt;&gt;</a>&nbsp;&nbsp;&nbsp;__aeabi_dmul
<LI><a href="#[80]">&gt;&gt;</a>&nbsp;&nbsp;&nbsp;__aeabi_i2d
<LI><a href="#[d1]">&gt;&gt;</a>&nbsp;&nbsp;&nbsp;__aeabi_d2uiz
</UL>
<BR>[Address Reference Count : 1]<UL><LI> radio.o(i.RadioDriverInit)
</UL>
<P><STRONG><a name="[d0]"></a>SX1276LoRaGetRxPacket</STRONG> (Thumb, 30 bytes, Stack size 16 bytes, sx1276-lora.o(i.SX1276LoRaGetRxPacket))
<BR><BR>[Stack]<UL><LI>Max Depth = 16<LI>Call Chain = SX1276LoRaGetRxPacket
</UL>
<BR>[Calls]<UL><LI><a href="#[7c]">&gt;&gt;</a>&nbsp;&nbsp;&nbsp;__aeabi_memcpy
</UL>
<BR>[Called By]<UL><LI><a href="#[4e]">&gt;&gt;</a>&nbsp;&nbsp;&nbsp;SX1276GetRxPacket
</UL>

<P><STRONG><a name="[d3]"></a>SX1276LoRaInit</STRONG> (Thumb, 206 bytes, Stack size 8 bytes, sx1276-lora.o(i.SX1276LoRaInit))
<BR><BR>[Stack]<UL><LI>Max Depth = 72<LI>Call Chain = SX1276LoRaInit &rArr; SX1276LoRaSetOpMode &rArr; SX1276Write &rArr; SX1276WriteBuffer &rArr; SPI_CS_Select
</UL>
<BR>[Calls]<UL><LI><a href="#[9c]">&gt;&gt;</a>&nbsp;&nbsp;&nbsp;SX1276WriteBuffer
<LI><a href="#[98]">&gt;&gt;</a>&nbsp;&nbsp;&nbsp;SX1276Write
<LI><a href="#[cb]">&gt;&gt;</a>&nbsp;&nbsp;&nbsp;SX1276ReadBuffer
<LI><a href="#[9b]">&gt;&gt;</a>&nbsp;&nbsp;&nbsp;SX1276LoRaSetOpMode
<LI><a href="#[da]">&gt;&gt;</a>&nbsp;&nbsp;&nbsp;SX1276LoRaSetSymbTimeout
<LI><a href="#[d5]">&gt;&gt;</a>&nbsp;&nbsp;&nbsp;SX1276LoRaSetSpreadingFactor
<LI><a href="#[d8]">&gt;&gt;</a>&nbsp;&nbsp;&nbsp;SX1276LoRaSetSignalBandwidth
<LI><a href="#[a3]">&gt;&gt;</a>&nbsp;&nbsp;&nbsp;SX1276LoRaSetRFPower
<LI><a href="#[95]">&gt;&gt;</a>&nbsp;&nbsp;&nbsp;SX1276LoRaSetRFFrequency
<LI><a href="#[db]">&gt;&gt;</a>&nbsp;&nbsp;&nbsp;SX1276LoRaSetPayloadLength
<LI><a href="#[d7]">&gt;&gt;</a>&nbsp;&nbsp;&nbsp;SX1276LoRaSetPacketCrcOn
<LI><a href="#[a2]">&gt;&gt;</a>&nbsp;&nbsp;&nbsp;SX1276LoRaSetPa20dBm
<LI><a href="#[a1]">&gt;&gt;</a>&nbsp;&nbsp;&nbsp;SX1276LoRaSetPAOutput
<LI><a href="#[dc]">&gt;&gt;</a>&nbsp;&nbsp;&nbsp;SX1276LoRaSetLowDatarateOptimize
<LI><a href="#[d9]">&gt;&gt;</a>&nbsp;&nbsp;&nbsp;SX1276LoRaSetImplicitHeaderOn
<LI><a href="#[d6]">&gt;&gt;</a>&nbsp;&nbsp;&nbsp;SX1276LoRaSetErrorCoding
<LI><a href="#[d4]">&gt;&gt;</a>&nbsp;&nbsp;&nbsp;SX1276LoRaSetDefaults
</UL>
<BR>[Called By]<UL><LI><a href="#[4b]">&gt;&gt;</a>&nbsp;&nbsp;&nbsp;SX1276Init
</UL>

<P><STRONG><a name="[dd]"></a>SX1276LoRaProcess</STRONG> (Thumb, 1668 bytes, Stack size 48 bytes, sx1276-lora.o(i.SX1276LoRaProcess))
<BR><BR>[Stack]<UL><LI>Max Depth = 112<LI>Call Chain = SX1276LoRaProcess &rArr; SX1276LoRaSetOpMode &rArr; SX1276Write &rArr; SX1276WriteBuffer &rArr; SPI_CS_Select
</UL>
<BR>[Calls]<UL><LI><a href="#[9f]">&gt;&gt;</a>&nbsp;&nbsp;&nbsp;SX1276WriteFifo
<LI><a href="#[99]">&gt;&gt;</a>&nbsp;&nbsp;&nbsp;SX1276ReadFifo
<LI><a href="#[c5]">&gt;&gt;</a>&nbsp;&nbsp;&nbsp;SX1276ReadDio4
<LI><a href="#[c6]">&gt;&gt;</a>&nbsp;&nbsp;&nbsp;SX1276ReadDio2
<LI><a href="#[7e]">&gt;&gt;</a>&nbsp;&nbsp;&nbsp;SX1276Read
<LI><a href="#[9c]">&gt;&gt;</a>&nbsp;&nbsp;&nbsp;SX1276WriteBuffer
<LI><a href="#[98]">&gt;&gt;</a>&nbsp;&nbsp;&nbsp;SX1276Write
<LI><a href="#[97]">&gt;&gt;</a>&nbsp;&nbsp;&nbsp;SX1276ReadDio0
<LI><a href="#[9b]">&gt;&gt;</a>&nbsp;&nbsp;&nbsp;SX1276LoRaSetOpMode
<LI><a href="#[de]">&gt;&gt;</a>&nbsp;&nbsp;&nbsp;SX1276LoRaReadRxGain
<LI><a href="#[95]">&gt;&gt;</a>&nbsp;&nbsp;&nbsp;SX1276LoRaSetRFFrequency
<LI><a href="#[df]">&gt;&gt;</a>&nbsp;&nbsp;&nbsp;SX1276ReadDio3
<LI><a href="#[81]">&gt;&gt;</a>&nbsp;&nbsp;&nbsp;__aeabi_dmul
<LI><a href="#[83]">&gt;&gt;</a>&nbsp;&nbsp;&nbsp;__aeabi_ui2d
<LI><a href="#[80]">&gt;&gt;</a>&nbsp;&nbsp;&nbsp;__aeabi_i2d
<LI><a href="#[82]">&gt;&gt;</a>&nbsp;&nbsp;&nbsp;__aeabi_dadd
<LI><a href="#[9d]">&gt;&gt;</a>&nbsp;&nbsp;&nbsp;__aeabi_memclr
</UL>
<BR>[Called By]<UL><LI><a href="#[50]">&gt;&gt;</a>&nbsp;&nbsp;&nbsp;SX1276Process
</UL>

<P><STRONG><a name="[e0]"></a>SX1276LoRaReadRssi</STRONG> (Thumb, 58 bytes, Stack size 24 bytes, sx1276-lora.o(i.SX1276LoRaReadRssi))
<BR><BR>[Stack]<UL><LI>Max Depth = 72<LI>Call Chain = SX1276LoRaReadRssi &rArr; SX1276Read &rArr; SX1276ReadBuffer &rArr; SPI_CS_Select
</UL>
<BR>[Calls]<UL><LI><a href="#[7e]">&gt;&gt;</a>&nbsp;&nbsp;&nbsp;SX1276Read
<LI><a href="#[83]">&gt;&gt;</a>&nbsp;&nbsp;&nbsp;__aeabi_ui2d
<LI><a href="#[82]">&gt;&gt;</a>&nbsp;&nbsp;&nbsp;__aeabi_dadd
</UL>
<BR>[Called By]<UL><LI><a href="#[54]">&gt;&gt;</a>&nbsp;&nbsp;&nbsp;SX1276ReadRssi
</UL>

<P><STRONG><a name="[de]"></a>SX1276LoRaReadRxGain</STRONG> (Thumb, 24 bytes, Stack size 8 bytes, sx1276-lora.o(i.SX1276LoRaReadRxGain))
<BR><BR>[Stack]<UL><LI>Max Depth = 56<LI>Call Chain = SX1276LoRaReadRxGain &rArr; SX1276Read &rArr; SX1276ReadBuffer &rArr; SPI_CS_Select
</UL>
<BR>[Calls]<UL><LI><a href="#[7e]">&gt;&gt;</a>&nbsp;&nbsp;&nbsp;SX1276Read
</UL>
<BR>[Called By]<UL><LI><a href="#[dd]">&gt;&gt;</a>&nbsp;&nbsp;&nbsp;SX1276LoRaProcess
</UL>

<P><STRONG><a name="[d4]"></a>SX1276LoRaSetDefaults</STRONG> (Thumb, 16 bytes, Stack size 8 bytes, sx1276-lora.o(i.SX1276LoRaSetDefaults))
<BR><BR>[Stack]<UL><LI>Max Depth = 56<LI>Call Chain = SX1276LoRaSetDefaults &rArr; SX1276Read &rArr; SX1276ReadBuffer &rArr; SPI_CS_Select
</UL>
<BR>[Calls]<UL><LI><a href="#[7e]">&gt;&gt;</a>&nbsp;&nbsp;&nbsp;SX1276Read
</UL>
<BR>[Called By]<UL><LI><a href="#[d3]">&gt;&gt;</a>&nbsp;&nbsp;&nbsp;SX1276LoRaInit
</UL>

<P><STRONG><a name="[d6]"></a>SX1276LoRaSetErrorCoding</STRONG> (Thumb, 54 bytes, Stack size 8 bytes, sx1276-loramisc.o(i.SX1276LoRaSetErrorCoding))
<BR><BR>[Stack]<UL><LI>Max Depth = 56<LI>Call Chain = SX1276LoRaSetErrorCoding &rArr; SX1276Read &rArr; SX1276ReadBuffer &rArr; SPI_CS_Select
</UL>
<BR>[Calls]<UL><LI><a href="#[7e]">&gt;&gt;</a>&nbsp;&nbsp;&nbsp;SX1276Read
<LI><a href="#[98]">&gt;&gt;</a>&nbsp;&nbsp;&nbsp;SX1276Write
</UL>
<BR>[Called By]<UL><LI><a href="#[d3]">&gt;&gt;</a>&nbsp;&nbsp;&nbsp;SX1276LoRaInit
</UL>

<P><STRONG><a name="[d9]"></a>SX1276LoRaSetImplicitHeaderOn</STRONG> (Thumb, 52 bytes, Stack size 8 bytes, sx1276-loramisc.o(i.SX1276LoRaSetImplicitHeaderOn))
<BR><BR>[Stack]<UL><LI>Max Depth = 56<LI>Call Chain = SX1276LoRaSetImplicitHeaderOn &rArr; SX1276Read &rArr; SX1276ReadBuffer &rArr; SPI_CS_Select
</UL>
<BR>[Calls]<UL><LI><a href="#[7e]">&gt;&gt;</a>&nbsp;&nbsp;&nbsp;SX1276Read
<LI><a href="#[98]">&gt;&gt;</a>&nbsp;&nbsp;&nbsp;SX1276Write
</UL>
<BR>[Called By]<UL><LI><a href="#[d3]">&gt;&gt;</a>&nbsp;&nbsp;&nbsp;SX1276LoRaInit
</UL>

<P><STRONG><a name="[dc]"></a>SX1276LoRaSetLowDatarateOptimize</STRONG> (Thumb, 56 bytes, Stack size 8 bytes, sx1276-loramisc.o(i.SX1276LoRaSetLowDatarateOptimize))
<BR><BR>[Stack]<UL><LI>Max Depth = 56<LI>Call Chain = SX1276LoRaSetLowDatarateOptimize &rArr; SX1276Read &rArr; SX1276ReadBuffer &rArr; SPI_CS_Select
</UL>
<BR>[Calls]<UL><LI><a href="#[7e]">&gt;&gt;</a>&nbsp;&nbsp;&nbsp;SX1276Read
<LI><a href="#[98]">&gt;&gt;</a>&nbsp;&nbsp;&nbsp;SX1276Write
</UL>
<BR>[Called By]<UL><LI><a href="#[d3]">&gt;&gt;</a>&nbsp;&nbsp;&nbsp;SX1276LoRaInit
[...]
</UL>
<P><STRONG><a name="[8f]"></a>TIM_ARRPreloadConfig</STRONG> (Thumb, 24 bytes, Stack size 0 bytes, stm32f10x_tim.o(i.TIM_ARRPreloadConfig))
<BR><BR>[Called By]<UL><LI><a href="#[88]">&gt;&gt;</a>&nbsp;&nbsp;&nbsp;InitSystem1msInt
</UL>

<P><STRONG><a name="[8e]"></a>TIM_ClearFlag</STRONG> (Thumb, 6 bytes, Stack size 0 bytes, stm32f10x_tim.o(i.TIM_ClearFlag))
<BR><BR>[Called By]<UL><LI><a href="#[88]">&gt;&gt;</a>&nbsp;&nbsp;&nbsp;InitSystem1msInt
</UL>

<P><STRONG><a name="[f0]"></a>TIM_ClearITPendingBit</STRONG> (Thumb, 6 bytes, Stack size 0 bytes, stm32f10x_tim.o(i.TIM_ClearITPendingBit))
<BR><BR>[Called By]<UL><LI><a href="#[29]">&gt;&gt;</a>&nbsp;&nbsp;&nbsp;TIM2_IRQHandler
</UL>

<P><STRONG><a name="[91]"></a>TIM_Cmd</STRONG> (Thumb, 24 bytes, Stack size 0 bytes, stm32f10x_tim.o(i.TIM_Cmd))
<BR><BR>[Called By]<UL><LI><a href="#[88]">&gt;&gt;</a>&nbsp;&nbsp;&nbsp;InitSystem1msInt
</UL>

<P><STRONG><a name="[8b]"></a>TIM_DeInit</STRONG> (Thumb, 424 bytes, Stack size 8 bytes, stm32f10x_tim.o(i.TIM_DeInit))
<BR><BR>[Stack]<UL><LI>Max Depth = 8<LI>Call Chain = TIM_DeInit
</UL>
<BR>[Calls]<UL><LI><a href="#[f3]">&gt;&gt;</a>&nbsp;&nbsp;&nbsp;RCC_APB1PeriphResetCmd
<LI><a href="#[f2]">&gt;&gt;</a>&nbsp;&nbsp;&nbsp;RCC_APB2PeriphResetCmd
</UL>
<BR>[Called By]<UL><LI><a href="#[88]">&gt;&gt;</a>&nbsp;&nbsp;&nbsp;InitSystem1msInt
</UL>

<P><STRONG><a name="[ef]"></a>TIM_GetITStatus</STRONG> (Thumb, 34 bytes, Stack size 12 bytes, stm32f10x_tim.o(i.TIM_GetITStatus))
<BR><BR>[Stack]<UL><LI>Max Depth = 12<LI>Call Chain = TIM_GetITStatus
</UL>
<BR>[Called By]<UL><LI><a href="#[29]">&gt;&gt;</a>&nbsp;&nbsp;&nbsp;TIM2_IRQHandler
</UL>

<P><STRONG><a name="[90]"></a>TIM_ITConfig</STRONG> (Thumb, 18 bytes, Stack size 0 bytes, stm32f10x_tim.o(i.TIM_ITConfig))
<BR><BR>[Called By]<UL><LI><a href="#[88]">&gt;&gt;</a>&nbsp;&nbsp;&nbsp;InitSystem1msInt
</UL>

<P><STRONG><a name="[8c]"></a>TIM_InternalClockConfig</STRONG> (Thumb, 12 bytes, Stack size 0 bytes, stm32f10x_tim.o(i.TIM_InternalClockConfig))
<BR><BR>[Called By]<UL><LI><a href="#[88]">&gt;&gt;</a>&nbsp;&nbsp;&nbsp;InitSystem1msInt
</UL>

<P><STRONG><a name="[8d]"></a>TIM_TimeBaseInit</STRONG> (Thumb, 122 bytes, Stack size 0 bytes, stm32f10x_tim.o(i.TIM_TimeBaseInit))
<BR><BR>[Called By]<UL><LI><a href="#[88]">&gt;&gt;</a>&nbsp;&nbsp;&nbsp;InitSystem1msInt
</UL>

<P><STRONG><a name="[34]"></a>USART3_IRQHandler</STRONG> (Thumb, 240 bytes, Stack size 8 bytes, usart.o(i.USART3_IRQHandler))
<BR><BR>[Stack]<UL><LI>Max Depth = 24<LI>Call Chain = USART3_IRQHandler &rArr; USART_GetITStatus
</UL>
<BR>[Calls]<UL><LI><a href="#[86]">&gt;&gt;</a>&nbsp;&nbsp;&nbsp;GPIO_ResetBits
<LI><a href="#[f8]">&gt;&gt;</a>&nbsp;&nbsp;&nbsp;USART_SendData
<LI><a href="#[f6]">&gt;&gt;</a>&nbsp;&nbsp;&nbsp;USART_ReceiveData
<LI><a href="#[f7]">&gt;&gt;</a>&nbsp;&nbsp;&nbsp;USART_GetITStatus
<LI><a href="#[f4]">&gt;&gt;</a>&nbsp;&nbsp;&nbsp;USART_GetFlagStatus
<LI><a href="#[f9]">&gt;&gt;</a>&nbsp;&nbsp;&nbsp;USART_ClearITPendingBit
<LI><a href="#[f5]">&gt;&gt;</a>&nbsp;&nbsp;&nbsp;USART_ClearFlag
</UL>
<BR>[Address Reference Count : 1]<UL><LI> startup_stm32f10x_hd.o(RESET)
</UL>
<P><STRONG><a name="[f5]"></a>USART_ClearFlag</STRONG> (Thumb, 18 bytes, Stack size 0 bytes, stm32f10x_usart.o(i.USART_ClearFlag))
<BR><BR>[Called By]<UL><LI><a href="#[101]">&gt;&gt;</a>&nbsp;&nbsp;&nbsp;UartParameterConfig
<LI><a href="#[34]">&gt;&gt;</a>&nbsp;&nbsp;&nbsp;USART3_IRQHandler
</UL>

<P><STRONG><a name="[f9]"></a>USART_ClearITPendingBit</STRONG> (Thumb, 30 bytes, Stack size 8 bytes, stm32f10x_usart.o(i.USART_ClearITPendingBit))
<BR><BR>[Stack]<UL><LI>Max Depth = 8<LI>Call Chain = USART_ClearITPendingBit
</UL>
<BR>[Called By]<UL><LI><a href="#[34]">&gt;&gt;</a>&nbsp;&nbsp;&nbsp;USART3_IRQHandler
</UL>

<P><STRONG><a name="[102]"></a>USART_Cmd</STRONG> (Thumb, 24 bytes, Stack size 0 bytes, stm32f10x_usart.o(i.USART_Cmd))
<BR><BR>[Called By]<UL><LI><a href="#[101]">&gt;&gt;</a>&nbsp;&nbsp;&nbsp;UartParameterConfig
</UL>

<P><STRONG><a name="[f4]"></a>USART_GetFlagStatus</STRONG> (Thumb, 26 bytes, Stack size 0 bytes, stm32f10x_usart.o(i.USART_GetFlagStatus))
<BR><BR>[Called By]<UL><LI><a href="#[101]">&gt;&gt;</a>&nbsp;&nbsp;&nbsp;UartParameterConfig
<LI><a href="#[34]">&gt;&gt;</a>&nbsp;&nbsp;&nbsp;USART3_IRQHandler
</UL>

<P><STRONG><a name="[f7]"></a>USART_GetITStatus</STRONG> (Thumb, 84 bytes, Stack size 16 bytes, stm32f10x_usart.o(i.USART_GetITStatus))
<BR><BR>[Stack]<UL><LI>Max Depth = 16<LI>Call Chain = USART_GetITStatus
</UL>
<BR>[Called By]<UL><LI><a href="#[34]">&gt;&gt;</a>&nbsp;&nbsp;&nbsp;USART3_IRQHandler
</UL>

<P><STRONG><a name="[103]"></a>USART_ITConfig</STRONG> (Thumb, 74 bytes, Stack size 20 bytes, stm32f10x_usart.o(i.USART_ITConfig))
<BR><BR>[Stack]<UL><LI>Max Depth = 20<LI>Call Chain = USART_ITConfig
</UL>
<BR>[Called By]<UL><LI><a href="#[101]">&gt;&gt;</a>&nbsp;&nbsp;&nbsp;UartParameterConfig
</UL>

<P><STRONG><a name="[fa]"></a>USART_Init</STRONG> (Thumb, 210 bytes, Stack size 56 bytes, stm32f10x_usart.o(i.USART_Init))
<BR><BR>[Stack]<UL><LI>Max Depth = 68<LI>Call Chain = USART_Init &rArr; RCC_GetClocksFreq
</UL>
<BR>[Calls]<UL><LI><a href="#[fb]">&gt;&gt;</a>&nbsp;&nbsp;&nbsp;RCC_GetClocksFreq
</UL>
<BR>[Called By]<UL><LI><a href="#[101]">&gt;&gt;</a>&nbsp;&nbsp;&nbsp;UartParameterConfig
</UL>

<P><STRONG><a name="[f6]"></a>USART_ReceiveData</STRONG> (Thumb, 10 bytes, Stack size 0 bytes, stm32f10x_usart.o(i.USART_ReceiveData))
<BR><BR>[Called By]<UL><LI><a href="#[101]">&gt;&gt;</a>&nbsp;&nbsp;&nbsp;UartParameterConfig
<LI><a href="#[34]">&gt;&gt;</a>&nbsp;&nbsp;&nbsp;USART3_IRQHandler
</UL>

<P><STRONG><a name="[f8]"></a>USART_SendData</STRONG> (Thumb, 8 bytes, Stack size 0 bytes, stm32f10x_usart.o(i.USART_SendData))
<BR><BR>[Called By]<UL><LI><a href="#[b9]">&gt;&gt;</a>&nbsp;&nbsp;&nbsp;UartSend
<LI><a href="#[fd]">&gt;&gt;</a>&nbsp;&nbsp;&nbsp;UartSetAnswer
<LI><a href="#[104]">&gt;&gt;</a>&nbsp;&nbsp;&nbsp;UartPowerSend
<LI><a href="#[34]">&gt;&gt;</a>&nbsp;&nbsp;&nbsp;USART3_IRQHandler
</UL>

<P><STRONG><a name="[fc]"></a>UartDataAnalysis</STRONG> (Thumb, 452 bytes, Stack size 16 bytes, usart.o(i.UartDataAnalysis))
<BR><BR>[Stack]<UL><LI>Max Depth = 80<LI>Call Chain = UartDataAnalysis &rArr; FLASH_ReadByte &rArr; FlashCrc &rArr; CRC16
</UL>
<BR>[Calls]<UL><LI><a href="#[7a]">&gt;&gt;</a>&nbsp;&nbsp;&nbsp;CRC16
<LI><a href="#[fd]">&gt;&gt;</a>&nbsp;&nbsp;&nbsp;UartSetAnswer
<LI><a href="#[77]">&gt;&gt;</a>&nbsp;&nbsp;&nbsp;FLASH_WriteByte
<LI><a href="#[74]">&gt;&gt;</a>&nbsp;&nbsp;&nbsp;FLASH_ReadByte
<LI><a href="#[7c]">&gt;&gt;</a>&nbsp;&nbsp;&nbsp;__aeabi_memcpy
</UL>
<BR>[Called By]<UL><LI><a href="#[64]">&gt;&gt;</a>&nbsp;&nbsp;&nbsp;main
</UL>

<P><STRONG><a name="[fe]"></a>UartInit</STRONG> (Thumb, 52 bytes, Stack size 24 bytes, usart.o(i.UartInit))
<BR><BR>[Stack]<UL><LI>Max Depth = 132<LI>Call Chain = UartInit &rArr; UartParameterConfig &rArr; USART_Init &rArr; RCC_GetClocksFreq
</UL>
<BR>[Calls]<UL><LI><a href="#[101]">&gt;&gt;</a>&nbsp;&nbsp;&nbsp;UartParameterConfig
<LI><a href="#[ff]">&gt;&gt;</a>&nbsp;&nbsp;&nbsp;UartPriorityConfig
<LI><a href="#[100]">&gt;&gt;</a>&nbsp;&nbsp;&nbsp;UartPinConfig
<LI><a href="#[84]">&gt;&gt;</a>&nbsp;&nbsp;&nbsp;Init485EnPin
</UL>
<BR>[Called By]<UL><LI><a href="#[64]">&gt;&gt;</a>&nbsp;&nbsp;&nbsp;main
</UL>

<P><STRONG><a name="[101]"></a>UartParameterConfig</STRONG> (Thumb, 196 bytes, Stack size 40 bytes, usart.o(i.UartParameterConfig))
<BR><BR>[Stack]<UL><LI>Max Depth = 108<LI>Call Chain = UartParameterConfig &rArr; USART_Init &rArr; RCC_GetClocksFreq
</UL>
<BR>[Calls]<UL><LI><a href="#[f6]">&gt;&gt;</a>&nbsp;&nbsp;&nbsp;USART_ReceiveData
<LI><a href="#[fa]">&gt;&gt;</a>&nbsp;&nbsp;&nbsp;USART_Init
<LI><a href="#[103]">&gt;&gt;</a>&nbsp;&nbsp;&nbsp;USART_ITConfig
<LI><a href="#[f4]">&gt;&gt;</a>&nbsp;&nbsp;&nbsp;USART_GetFlagStatus
<LI><a href="#[102]">&gt;&gt;</a>&nbsp;&nbsp;&nbsp;USART_Cmd
<LI><a href="#[f5]">&gt;&gt;</a>&nbsp;&nbsp;&nbsp;USART_ClearFlag
</UL>
<BR>[Called By]<UL><LI><a href="#[fe]">&gt;&gt;</a>&nbsp;&nbsp;&nbsp;UartInit
<LI><a href="#[64]">&gt;&gt;</a>&nbsp;&nbsp;&nbsp;main
</UL>

<P><STRONG><a name="[100]"></a>UartPinConfig</STRONG> (Thumb, 70 bytes, Stack size 8 bytes, usart.o(i.UartPinConfig))
<BR><BR>[Stack]<UL><LI>Max Depth = 32<LI>Call Chain = UartPinConfig &rArr; GPIO_Init
</UL>
<BR>[Calls]<UL><LI><a href="#[85]">&gt;&gt;</a>&nbsp;&nbsp;&nbsp;RCC_APB2PeriphClockCmd
<LI><a href="#[87]">&gt;&gt;</a>&nbsp;&nbsp;&nbsp;GPIO_Init
<LI><a href="#[8a]">&gt;&gt;</a>&nbsp;&nbsp;&nbsp;RCC_APB1PeriphClockCmd
</UL>
<BR>[Called By]<UL><LI><a href="#[fe]">&gt;&gt;</a>&nbsp;&nbsp;&nbsp;UartInit
</UL>

<P><STRONG><a name="[104]"></a>UartPowerSend</STRONG> (Thumb, 60 bytes, Stack size 8 bytes, usart.o(i.UartPowerSend))
<BR><BR>[Stack]<UL><LI>Max Depth = 16<LI>Call Chain = UartPowerSend &rArr; strlen
</UL>
<BR>[Calls]<UL><LI><a href="#[f8]">&gt;&gt;</a>&nbsp;&nbsp;&nbsp;USART_SendData
<LI><a href="#[93]">&gt;&gt;</a>&nbsp;&nbsp;&nbsp;GPIO_SetBits
<LI><a href="#[7c]">&gt;&gt;</a>&nbsp;&nbsp;&nbsp;__aeabi_memcpy
<LI><a href="#[105]">&gt;&gt;</a>&nbsp;&nbsp;&nbsp;strlen
</UL>
<BR>[Called By]<UL><LI><a href="#[106]">&gt;&gt;</a>&nbsp;&nbsp;&nbsp;UartSetDisplay
</UL>

<P><STRONG><a name="[ff]"></a>UartPriorityConfig</STRONG> (Thumb, 34 bytes, Stack size 8 bytes, usart.o(i.UartPriorityConfig))
<BR><BR>[Stack]<UL><LI>Max Depth = 24<LI>Call Chain = UartPriorityConfig &rArr; NVIC_Init
</UL>
<BR>[Calls]<UL><LI><a href="#[89]">&gt;&gt;</a>&nbsp;&nbsp;&nbsp;NVIC_Init
</UL>
<BR>[Called By]<UL><LI><a href="#[fe]">&gt;&gt;</a>&nbsp;&nbsp;&nbsp;UartInit
</UL>

<P><STRONG><a name="[f1]"></a>UartRcvTimeOut</STRONG> (Thumb, 44 bytes, Stack size 0 bytes, sys1msinit.o(i.UartRcvTimeOut))
<BR><BR>[Called By]<UL><LI><a href="#[29]">&gt;&gt;</a>&nbsp;&nbsp;&nbsp;TIM2_IRQHandler
</UL>

<P><STRONG><a name="[b9]"></a>UartSend</STRONG> (Thumb, 42 bytes, Stack size 8 bytes, usart.o(i.UartSend))
<BR><BR>[Stack]<UL><LI>Max Depth = 8<LI>Call Chain = UartSend
</UL>
<BR>[Calls]<UL><LI><a href="#[f8]">&gt;&gt;</a>&nbsp;&nbsp;&nbsp;USART_SendData
<LI><a href="#[93]">&gt;&gt;</a>&nbsp;&nbsp;&nbsp;GPIO_SetBits
</UL>
<BR>[Called By]<UL><LI><a href="#[b8]">&gt;&gt;</a>&nbsp;&nbsp;&nbsp;RFRcvDataAnalysis
</UL>

<P><STRONG><a name="[fd]"></a>UartSetAnswer</STRONG> (Thumb, 52 bytes, Stack size 8 bytes, usart.o(i.UartSetAnswer))
<BR><BR>[Stack]<UL><LI>Max Depth = 8<LI>Call Chain = UartSetAnswer
</UL>
<BR>[Calls]<UL><LI><a href="#[f8]">&gt;&gt;</a>&nbsp;&nbsp;&nbsp;USART_SendData
<LI><a href="#[93]">&gt;&gt;</a>&nbsp;&nbsp;&nbsp;GPIO_SetBits
<LI><a href="#[7c]">&gt;&gt;</a>&nbsp;&nbsp;&nbsp;__aeabi_memcpy
</UL>
<BR>[Called By]<UL><LI><a href="#[fc]">&gt;&gt;</a>&nbsp;&nbsp;&nbsp;UartDataAnalysis
</UL>

<P><STRONG><a name="[106]"></a>UartSetDisplay</STRONG> (Thumb, 212 bytes, Stack size 8 bytes, usart.o(i.UartSetDisplay))
<BR><BR>[Stack]<UL><LI>Max Depth = 72<LI>Call Chain = UartSetDisplay &rArr; FLASH_ReadByte &rArr; FlashCrc &rArr; CRC16
</UL>
<BR>[Calls]<UL><LI><a href="#[104]">&gt;&gt;</a>&nbsp;&nbsp;&nbsp;UartPowerSend
<LI><a href="#[74]">&gt;&gt;</a>&nbsp;&nbsp;&nbsp;FLASH_ReadByte
<LI><a href="#[107]">&gt;&gt;</a>&nbsp;&nbsp;&nbsp;strcat
</UL>
<BR>[Called By]<UL><LI><a href="#[64]">&gt;&gt;</a>&nbsp;&nbsp;&nbsp;main
</UL>

<P><STRONG><a name="[8]"></a>UsageFault_Handler</STRONG> (Thumb, 4 bytes, Stack size 0 bytes, stm32f10x_it.o(i.UsageFault_Handler))
<BR>[Address Reference Count : 1]<UL><LI> startup_stm32f10x_hd.o(RESET)
</UL>
<P><STRONG><a name="[e7]"></a>dellayxm</STRONG> (Thumb, 28 bytes, Stack size 0 bytes, sx1276-hal.o(i.dellayxm))
<BR><BR>[Called By]<UL><LI><a href="#[4c]">&gt;&gt;</a>&nbsp;&nbsp;&nbsp;SX1276Reset
</UL>

<P><STRONG><a name="[64]"></a>main</STRONG> (Thumb, 328 bytes, Stack size 8 bytes, main.o(i.main))
<BR><BR>[Stack]<UL><LI>Max Depth = 140<LI>Call Chain = main &rArr; UartInit &rArr; UartParameterConfig &rArr; USART_Init &rArr; RCC_GetClocksFreq
</UL>
<BR>[Calls]<UL><LI><a href="#[106]">&gt;&gt;</a>&nbsp;&nbsp;&nbsp;UartSetDisplay
<LI><a href="#[101]">&gt;&gt;</a>&nbsp;&nbsp;&nbsp;UartParameterConfig
<LI><a href="#[fe]">&gt;&gt;</a>&nbsp;&nbsp;&nbsp;UartInit
<LI><a href="#[fc]">&gt;&gt;</a>&nbsp;&nbsp;&nbsp;UartDataAnalysis
<LI><a href="#[ed]">&gt;&gt;</a>&nbsp;&nbsp;&nbsp;Sx1278Init
<LI><a href="#[b8]">&gt;&gt;</a>&nbsp;&nbsp;&nbsp;RFRcvDataAnalysis
<LI><a href="#[aa]">&gt;&gt;</a>&nbsp;&nbsp;&nbsp;RCC_Configuration
<LI><a href="#[a4]">&gt;&gt;</a>&nbsp;&nbsp;&nbsp;NVIC_Configuration
<LI><a href="#[92]">&gt;&gt;</a>&nbsp;&nbsp;&nbsp;LedInit
<LI><a href="#[88]">&gt;&gt;</a>&nbsp;&nbsp;&nbsp;InitSystem1msInt
</UL>
<BR>[Called By]<UL><LI><a href="#[63]">&gt;&gt;</a>&nbsp;&nbsp;&nbsp;__rt_entry_main
</UL>

<P><STRONG><a name="[82]"></a>__aeabi_dadd</STRONG> (Thumb, 0 bytes, Stack size 16 bytes, daddsub_clz.o(x$fpl$dadd))
<BR><BR>[Stack]<UL><LI>Max Depth = 16<LI>Call Chain = __aeabi_dadd
</UL>
<BR>[Called By]<UL><LI><a href="#[e0]">&gt;&gt;</a>&nbsp;&nbsp;&nbsp;SX1276LoRaReadRssi
<LI><a href="#[dd]">&gt;&gt;</a>&nbsp;&nbsp;&nbsp;SX1276LoRaProcess
<LI><a href="#[7f]">&gt;&gt;</a>&nbsp;&nbsp;&nbsp;GetPackLoRaRSSI
</UL>

<P><STRONG><a name="[108]"></a>_dadd</STRONG> (Thumb, 332 bytes, Stack size 16 bytes, daddsub_clz.o(x$fpl$dadd), UNUSED)
<BR><BR>[Calls]<UL><LI><a href="#[10a]">&gt;&gt;</a>&nbsp;&nbsp;&nbsp;__fpl_dretinf
<LI><a href="#[10b]">&gt;&gt;</a>&nbsp;&nbsp;&nbsp;__fpl_dnaninf
<LI><a href="#[109]">&gt;&gt;</a>&nbsp;&nbsp;&nbsp;_dsub1
</UL>

<P><STRONG><a name="[cd]"></a>__aeabi_ddiv</STRONG> (Thumb, 0 bytes, Stack size 32 bytes, ddiv.o(x$fpl$ddiv))
<BR><BR>[Stack]<UL><LI>Max Depth = 32<LI>Call Chain = __aeabi_ddiv
</UL>
<BR>[Called By]<UL><LI><a href="#[c7]">&gt;&gt;</a>&nbsp;&nbsp;&nbsp;SX1276FskReadRssi
<LI><a href="#[95]">&gt;&gt;</a>&nbsp;&nbsp;&nbsp;SX1276LoRaSetRFFrequency
</UL>

<P><STRONG><a name="[10c]"></a>_ddiv</STRONG> (Thumb, 552 bytes, Stack size 32 bytes, ddiv.o(x$fpl$ddiv), UNUSED)
<BR><BR>[Calls]<UL><LI><a href="#[10a]">&gt;&gt;</a>&nbsp;&nbsp;&nbsp;__fpl_dretinf
<LI><a href="#[10b]">&gt;&gt;</a>&nbsp;&nbsp;&nbsp;__fpl_dnaninf
</UL>

<P><STRONG><a name="[cc]"></a>__aeabi_d2iz</STRONG> (Thumb, 0 bytes, Stack size 32 bytes, dfix.o(x$fpl$dfix))
<BR><BR>[Stack]<UL><LI>Max Depth = 32<LI>Call Chain = __aeabi_d2iz
</UL>
<BR>[Called By]<UL><LI><a href="#[c8]">&gt;&gt;</a>&nbsp;&nbsp;&nbsp;SX1276FskReadAfc
</UL>

<P><STRONG><a name="[10d]"></a>_dfix</STRONG> (Thumb, 94 bytes, Stack size 32 bytes, dfix.o(x$fpl$dfix), UNUSED)
<BR><BR>[Calls]<UL><LI><a href="#[10b]">&gt;&gt;</a>&nbsp;&nbsp;&nbsp;__fpl_dnaninf
</UL>

<P><STRONG><a name="[d1]"></a>__aeabi_d2uiz</STRONG> (Thumb, 0 bytes, Stack size 32 bytes, dfixu.o(x$fpl$dfixu))
<BR><BR>[Stack]<UL><LI>Max Depth = 32<LI>Call Chain = __aeabi_d2uiz
</UL>
<BR>[Called By]<UL><LI><a href="#[4b]">&gt;&gt;</a>&nbsp;&nbsp;&nbsp;SX1276Init
<LI><a href="#[95]">&gt;&gt;</a>&nbsp;&nbsp;&nbsp;SX1276LoRaSetRFFrequency
</UL>

<P><STRONG><a name="[10e]"></a>_dfixu</STRONG> (Thumb, 90 bytes, Stack size 32 bytes, dfixu.o(x$fpl$dfixu), UNUSED)
<BR><BR>[Calls]<UL><LI><a href="#[10b]">&gt;&gt;</a>&nbsp;&nbsp;&nbsp;__fpl_dnaninf
</UL>

<P><STRONG><a name="[80]"></a>__aeabi_i2d</STRONG> (Thumb, 0 bytes, Stack size 0 bytes, dflt_clz.o(x$fpl$dflt))
<BR><BR>[Called By]<UL><LI><a href="#[c8]">&gt;&gt;</a>&nbsp;&nbsp;&nbsp;SX1276FskReadAfc
<LI><a href="#[dd]">&gt;&gt;</a>&nbsp;&nbsp;&nbsp;SX1276LoRaProcess
<LI><a href="#[7f]">&gt;&gt;</a>&nbsp;&nbsp;&nbsp;GetPackLoRaRSSI
<LI><a href="#[4b]">&gt;&gt;</a>&nbsp;&nbsp;&nbsp;SX1276Init
</UL>

<P><STRONG><a name="[146]"></a>_dflt</STRONG> (Thumb, 46 bytes, Stack size 0 bytes, dflt_clz.o(x$fpl$dflt), UNUSED)

<P><STRONG><a name="[83]"></a>__aeabi_ui2d</STRONG> (Thumb, 0 bytes, Stack size 0 bytes, dflt_clz.o(x$fpl$dfltu))
<BR><BR>[Called By]<UL><LI><a href="#[e0]">&gt;&gt;</a>&nbsp;&nbsp;&nbsp;SX1276LoRaReadRssi
<LI><a href="#[dd]">&gt;&gt;</a>&nbsp;&nbsp;&nbsp;SX1276LoRaProcess
<LI><a href="#[c7]">&gt;&gt;</a>&nbsp;&nbsp;&nbsp;SX1276FskReadRssi
<LI><a href="#[7f]">&gt;&gt;</a>&nbsp;&nbsp;&nbsp;GetPackLoRaRSSI
<LI><a href="#[95]">&gt;&gt;</a>&nbsp;&nbsp;&nbsp;SX1276LoRaSetRFFrequency
</UL>

<P><STRONG><a name="[147]"></a>_dfltu</STRONG> (Thumb, 38 bytes, Stack size 0 bytes, dflt_clz.o(x$fpl$dfltu), UNUSED)

<P><STRONG><a name="[81]"></a>__aeabi_dmul</STRONG> (Thumb, 0 bytes, Stack size 32 bytes, dmul.o(x$fpl$dmul))
<BR><BR>[Stack]<UL><LI>Max Depth = 32<LI>Call Chain = __aeabi_dmul
</UL>
<BR>[Called By]<UL><LI><a href="#[c8]">&gt;&gt;</a>&nbsp;&nbsp;&nbsp;SX1276FskReadAfc
<LI><a href="#[dd]">&gt;&gt;</a>&nbsp;&nbsp;&nbsp;SX1276LoRaProcess
<LI><a href="#[7f]">&gt;&gt;</a>&nbsp;&nbsp;&nbsp;GetPackLoRaRSSI
<LI><a href="#[4b]">&gt;&gt;</a>&nbsp;&nbsp;&nbsp;SX1276Init
</UL>

<P><STRONG><a name="[10f]"></a>_dmul</STRONG> (Thumb, 332 bytes, Stack size 32 bytes, dmul.o(x$fpl$dmul), UNUSED)
<BR><BR>[Calls]<UL><LI><a href="#[10a]">&gt;&gt;</a>&nbsp;&nbsp;&nbsp;__fpl_dretinf
<LI><a href="#[10b]">&gt;&gt;</a>&nbsp;&nbsp;&nbsp;__fpl_dnaninf
</UL>

<P><STRONG><a name="[10b]"></a>__fpl_dnaninf</STRONG> (Thumb, 156 bytes, Stack size 16 bytes, dnaninf.o(x$fpl$dnaninf), UNUSED)
<BR><BR>[Called By]<UL><LI><a href="#[10f]">&gt;&gt;</a>&nbsp;&nbsp;&nbsp;_dmul
<LI><a href="#[10e]">&gt;&gt;</a>&nbsp;&nbsp;&nbsp;_dfixu
<LI><a href="#[10d]">&gt;&gt;</a>&nbsp;&nbsp;&nbsp;_dfix
<LI><a href="#[10c]">&gt;&gt;</a>&nbsp;&nbsp;&nbsp;_ddiv
<LI><a href="#[110]">&gt;&gt;</a>&nbsp;&nbsp;&nbsp;_dsub
<LI><a href="#[108]">&gt;&gt;</a>&nbsp;&nbsp;&nbsp;_dadd
</UL>

<P><STRONG><a name="[10a]"></a>__fpl_dretinf</STRONG> (Thumb, 12 bytes, Stack size 0 bytes, dretinf.o(x$fpl$dretinf), UNUSED)
<BR><BR>[Called By]<UL><LI><a href="#[10f]">&gt;&gt;</a>&nbsp;&nbsp;&nbsp;_dmul
<LI><a href="#[10c]">&gt;&gt;</a>&nbsp;&nbsp;&nbsp;_ddiv
<LI><a href="#[108]">&gt;&gt;</a>&nbsp;&nbsp;&nbsp;_dadd
</UL>

<P><STRONG><a name="[148]"></a>__aeabi_dsub</STRONG> (Thumb, 0 bytes, Stack size 32 bytes, daddsub_clz.o(x$fpl$dsub), UNUSED)

<P><STRONG><a name="[110]"></a>_dsub</STRONG> (Thumb, 464 bytes, Stack size 32 bytes, daddsub_clz.o(x$fpl$dsub), UNUSED)
<BR><BR>[Calls]<UL><LI><a href="#[10b]">&gt;&gt;</a>&nbsp;&nbsp;&nbsp;__fpl_dnaninf
<LI><a href="#[111]">&gt;&gt;</a>&nbsp;&nbsp;&nbsp;_dadd1
</UL>
<P>
<H3>
Local Symbols
</H3>
<P><STRONG><a name="[bd]"></a>SPI_GPIO_Configuration</STRONG> (Thumb, 64 bytes, Stack size 8 bytes, sx1278init.o(i.SPI_GPIO_Configuration))
<BR><BR>[Stack]<UL><LI>Max Depth = 32<LI>Call Chain = SPI_GPIO_Configuration &rArr; GPIO_Init
</UL>
<BR>[Calls]<UL><LI><a href="#[85]">&gt;&gt;</a>&nbsp;&nbsp;&nbsp;RCC_APB2PeriphClockCmd
<LI><a href="#[93]">&gt;&gt;</a>&nbsp;&nbsp;&nbsp;GPIO_SetBits
<LI><a href="#[87]">&gt;&gt;</a>&nbsp;&nbsp;&nbsp;GPIO_Init
</UL>
<BR>[Called By]<UL><LI><a href="#[bc]">&gt;&gt;</a>&nbsp;&nbsp;&nbsp;SPI_Configuration
</UL>

<P><STRONG><a name="[ea]"></a>SetSysClock</STRONG> (Thumb, 8 bytes, Stack size 8 bytes, system_stm32f10x.o(i.SetSysClock))
<BR><BR>[Stack]<UL><LI>Max Depth = 20<LI>Call Chain = SetSysClock &rArr; SetSysClockTo72
</UL>
<BR>[Calls]<UL><LI><a href="#[eb]">&gt;&gt;</a>&nbsp;&nbsp;&nbsp;SetSysClockTo72
</UL>
<BR>[Called By]<UL><LI><a href="#[49]">&gt;&gt;</a>&nbsp;&nbsp;&nbsp;SystemInit
</UL>

<P><STRONG><a name="[eb]"></a>SetSysClockTo72</STRONG> (Thumb, 214 bytes, Stack size 12 bytes, system_stm32f10x.o(i.SetSysClockTo72))
<BR><BR>[Stack]<UL><LI>Max Depth = 12<LI>Call Chain = SetSysClockTo72
</UL>
<BR>[Called By]<UL><LI><a href="#[ea]">&gt;&gt;</a>&nbsp;&nbsp;&nbsp;SetSysClock
</UL>

<P><STRONG><a name="[111]"></a>_dadd1</STRONG> (Thumb, 0 bytes, Stack size unknown bytes, daddsub_clz.o(x$fpl$dadd), UNUSED)
<BR><BR>[Called By]<UL><LI><a href="#[110]">&gt;&gt;</a>&nbsp;&nbsp;&nbsp;_dsub
</UL>

<P><STRONG><a name="[109]"></a>_dsub1</STRONG> (Thumb, 0 bytes, Stack size unknown bytes, daddsub_clz.o(x$fpl$dsub), UNUSED)
<BR><BR>[Called By]<UL><LI><a href="#[108]">&gt;&gt;</a>&nbsp;&nbsp;&nbsp;_dadd
</UL>
<P>
<H3>
Undefined Global Symbols
</H3><HR></body></html>
